2025-05-18 20:58:45,310 [DEBUG] core.thread_local: [Thread Local][INIT] Created new thread_local instance 2069757272976
2025-05-18 20:58:45,314 [INFO] template_debugger: Starting template loader diagnostics for project ID: 1
2025-05-18 20:58:45,314 [INFO] template_debugger: ================================================================================
2025-05-18 20:58:45,314 [INFO] template_debugger: =============================== ENVIRONMENT INFO ===============================
2025-05-18 20:58:45,315 [INFO] template_debugger: ================================================================================
2025-05-18 20:58:45,315 [INFO] template_debugger: Python version: 3.12.2 (tags/v3.12.2:6abddd9, Feb  6 2024, 21:26:36) [MSC v.1937 64 bit (AMD64)]
2025-05-18 20:58:45,315 [INFO] template_debugger: Django version: 5.1.1
2025-05-18 20:58:45,315 [INFO] template_debugger: Current directory: C:\Users\yasse\OneDrive\Desktop\Pre-Coded
2025-05-18 20:58:45,315 [INFO] template_debugger: Script path: C:\Users\yasse\OneDrive\Desktop\Pre-Coded\api_generator\debug_template_loader.py
2025-05-18 20:58:45,315 [INFO] template_debugger: Template backend: django.template.backends.django.DjangoTemplates
2025-05-18 20:58:45,315 [INFO] template_debugger: Template loaders: ['core.loaders.DatabaseLoader', 'django.template.loaders.filesystem.Loader', 'django.template.loaders.app_directories.Loader']
2025-05-18 20:58:45,315 [INFO] template_debugger: Template dirs: ['C:\\Users\\yasse\\OneDrive\\Desktop\\Pre-Coded\\templates', 'C:\\Users\\yasse\\OneDrive\\Desktop\\Pre-Coded\\projects']
2025-05-18 20:58:45,315 [INFO] template_debugger: APP_DIRS setting: True
2025-05-18 20:58:45,315 [INFO] template_debugger: Available database connections: ['default']
2025-05-18 20:58:45,315 [INFO] template_debugger: ================================================================================
2025-05-18 20:58:45,315 [INFO] template_debugger: ======================== PROJECT DATABASE CHECK (ID: 1) ========================
2025-05-18 20:58:45,315 [INFO] template_debugger: ================================================================================
2025-05-18 20:58:45,415 [DEBUG] core.thread_local: [Thread Local][SET] Setting project_id = 1 (caller: C:\Users\yasse\OneDrive\Desktop\Pre-Coded\api_generator\debug_template_loader.py:174 in check_project_database)
2025-05-18 20:58:45,416 [DEBUG] core.thread_local: [Thread Local][SET] Set 'project_id' = 1 (caller: C:\Users\yasse\OneDrive\Desktop\Pre-Coded\api_generator\core\thread_local.py:76 in project_id)
2025-05-18 20:58:45,417 [DEBUG] core.thread_local: [Thread Local][GET] context[connection_id] = None
2025-05-18 20:58:45,418 [DEBUG] core.thread_local: [Thread Local][SET] Setting db_alias = project_1 (caller: C:\Users\yasse\OneDrive\Desktop\Pre-Coded\api_generator\debug_template_loader.py:175 in check_project_database)
2025-05-18 20:58:45,419 [DEBUG] core.thread_local: [Thread Local][SET] Set 'db_alias' = project_1 (caller: C:\Users\yasse\OneDrive\Desktop\Pre-Coded\api_generator\core\thread_local.py:146 in db_alias)
2025-05-18 20:58:45,419 [DEBUG] core.thread_local: [Thread Local][GET] context[connection_id] = None
2025-05-18 20:58:45,420 [INFO] template_debugger: Set thread_local context: project_id=1, db_alias=project_1
2025-05-18 20:58:45,420 [WARNING] template_debugger: Database connection 'project_1' does not exist, initializing...
2025-05-18 20:58:45,420 [INFO] template_debugger: ================================================================================
2025-05-18 20:58:45,420 [INFO] template_debugger: ================== DATABASE CONNECTION INITIALIZATION (ID: 1) ==================
2025-05-18 20:58:45,420 [INFO] template_debugger: ================================================================================
2025-05-18 20:58:45,420 [INFO] template_debugger: Initializing database connection: project_1
2025-05-18 20:58:45,420 [INFO] template_debugger: Checking for database file at: C:\Users\yasse\OneDrive\Desktop\Pre-Coded\project_1.sqlite3
2025-05-18 20:58:45,420 [INFO] template_debugger: Database file found at: C:\Users\yasse\OneDrive\Desktop\Pre-Coded\project_1.sqlite3
2025-05-18 20:58:45,420 [INFO] template_debugger: Added project_1 to settings.DATABASES with path: C:\Users\yasse\OneDrive\Desktop\Pre-Coded\project_1.sqlite3
2025-05-18 20:58:45,420 [INFO] template_debugger: Reconnected to project_1
2025-05-18 20:58:45,421 [INFO] template_debugger: Connection project_1 is usable
2025-05-18 20:58:45,421 [INFO] template_debugger: SQLite version: 3.43.1
2025-05-18 20:58:45,421 [INFO] template_debugger: Database connection 'project_1' is usable
2025-05-18 20:58:45,422 [INFO] template_debugger: Found 2 templates in database
2025-05-18 20:58:45,423 [INFO] template_debugger: Templates found:
2025-05-18 20:58:45,423 [INFO] template_debugger:   1. templates/base.html (base.html) - ID: 1
2025-05-18 20:58:45,423 [INFO] template_debugger:   2. templates/feed.html (feed.html) - ID: 2
2025-05-18 20:58:45,423 [INFO] template_debugger: ================================================================================
2025-05-18 20:58:45,423 [INFO] template_debugger: ============================= DATABASE LOADER TEST =============================
2025-05-18 20:58:45,423 [INFO] template_debugger: ================================================================================
2025-05-18 20:58:45,423 [DEBUG] core.thread_local: [Thread Local][SET] Setting project_id = 1 (caller: C:\Users\yasse\OneDrive\Desktop\Pre-Coded\api_generator\debug_template_loader.py:332 in test_template_loader)
2025-05-18 20:58:45,424 [DEBUG] core.thread_local: [Thread Local][SET] Set 'project_id' = 1 (caller: C:\Users\yasse\OneDrive\Desktop\Pre-Coded\api_generator\core\thread_local.py:76 in project_id)
2025-05-18 20:58:45,425 [DEBUG] core.thread_local: [Thread Local][GET] context[connection_id] = None
2025-05-18 20:58:45,426 [DEBUG] core.thread_local: [Thread Local][SET] Setting db_alias = project_1 (caller: C:\Users\yasse\OneDrive\Desktop\Pre-Coded\api_generator\debug_template_loader.py:333 in test_template_loader)
2025-05-18 20:58:45,427 [DEBUG] core.thread_local: [Thread Local][SET] Set 'db_alias' = project_1 (caller: C:\Users\yasse\OneDrive\Desktop\Pre-Coded\api_generator\core\thread_local.py:146 in db_alias)
2025-05-18 20:58:45,427 [DEBUG] core.thread_local: [Thread Local][GET] context[connection_id] = None
2025-05-18 20:58:45,427 [INFO] template_debugger: DatabaseLoader initialized via Engine: <core.loaders.DatabaseLoader object at 0x000001E1E72C0860>
2025-05-18 20:58:45,427 [INFO] template_debugger: 
Testing template: 'base.html'
2025-05-18 20:58:45,427 [DEBUG] core.loaders: [DB Loader][START] Template lookup for: 'base.html'
2025-05-18 20:58:45,428 [DEBUG] core.loaders: [DB Loader][CALL STACK] ['  File "C:\\Users\\yasse\\OneDrive\\Desktop\\Pre-Coded\\api_generator\\debug_template_loader.py", line 541, in main\n    test_template_loader(project_id)\n', '  File "C:\\Users\\yasse\\OneDrive\\Desktop\\Pre-Coded\\api_generator\\debug_template_loader.py", line 356, in test_template_loader\n    sources = list(loader.get_template_sources(template_name))\n']
2025-05-18 20:58:45,429 [DEBUG] core.thread_local: [Thread Local][GET] db_alias = project_1
2025-05-18 20:58:45,429 [DEBUG] core.loaders: [DB Loader][DB_ALIAS] Using database alias: 'project_1'
2025-05-18 20:58:45,430 [DEBUG] core.thread_local: [Thread Local][GET] project_id = 1
2025-05-18 20:58:45,430 [DEBUG] core.loaders: [DB Loader][DB_CONN] Connection 'project_1' is usable
2025-05-18 20:58:45,431 [DEBUG] core.loaders: [DB Loader][CONTEXT] {"project_id": 1, "db_alias": "project_1", "connection_id": "debug-1747591125", "ws_context": true, "template_name": "base.html", "active_connections": "['default', 'project_1']", "thread_id": 2069757272976}
2025-05-18 20:58:45,431 [DEBUG] core.thread_local: [Thread Local][GET] project_id = 1
2025-05-18 20:58:45,432 [DEBUG] core.loaders: [DB Loader][QUERY] Trying exact path match for 'base.html'
2025-05-18 20:58:45,432 [DEBUG] core.loaders: [DB Loader][QUERY] SQL lookup for path: 'base.html' in database 'project_1'
2025-05-18 20:58:45,432 [DEBUG] core.loaders: [DB Loader][DB_CONN] Connection 'project_1' is usable
2025-05-18 20:58:45,432 [DEBUG] core.loaders: [DB Loader][SQL] Running: SELECT id, path, name FROM create_api_templatefile WHERE path = 'base.html'
2025-05-18 20:58:45,433 [DEBUG] core.loaders: [DB Loader][SQL] No results found
2025-05-18 20:58:45,436 [ERROR] core.loaders: [DB Loader][ERROR] Error querying database for path 'base.html': no such column: create_api_templatefile.description
2025-05-18 20:58:45,440 [ERROR] core.loaders: Traceback (most recent call last):
  File "C:\Users\yasse\OneDrive\Desktop\Pre-Coded\venv\Lib\site-packages\django\db\backends\utils.py", line 105, in _execute
    return self.cursor.execute(sql, params)
           ^^^^^^^^^^^^^^^^^^^^^^^^^^^^^^^^
  File "C:\Users\yasse\OneDrive\Desktop\Pre-Coded\venv\Lib\site-packages\django\db\backends\sqlite3\base.py", line 354, in execute
    return super().execute(query, params)
           ^^^^^^^^^^^^^^^^^^^^^^^^^^^^^^
sqlite3.OperationalError: no such column: create_api_templatefile.description

The above exception was the direct cause of the following exception:

Traceback (most recent call last):
  File "C:\Users\yasse\OneDrive\Desktop\Pre-Coded\api_generator\core\loaders.py", line 173, in _try_template_path
    template = TemplateFile.objects.using(db_alias).filter(path=path).first()
               ^^^^^^^^^^^^^^^^^^^^^^^^^^^^^^^^^^^^^^^^^^^^^^^^^^^^^^^^^^^^^^
  File "C:\Users\yasse\OneDrive\Desktop\Pre-Coded\venv\Lib\site-packages\django\db\models\query.py", line 1097, in first
    for obj in queryset[:1]:
  File "C:\Users\yasse\OneDrive\Desktop\Pre-Coded\venv\Lib\site-packages\django\db\models\query.py", line 400, in __iter__
    self._fetch_all()
  File "C:\Users\yasse\OneDrive\Desktop\Pre-Coded\venv\Lib\site-packages\django\db\models\query.py", line 1928, in _fetch_all
    self._result_cache = list(self._iterable_class(self))
                         ^^^^^^^^^^^^^^^^^^^^^^^^^^^^^^^^
  File "C:\Users\yasse\OneDrive\Desktop\Pre-Coded\venv\Lib\site-packages\django\db\models\query.py", line 91, in __iter__
    results = compiler.execute_sql(
              ^^^^^^^^^^^^^^^^^^^^^
  File "C:\Users\yasse\OneDrive\Desktop\Pre-Coded\venv\Lib\site-packages\django\db\models\sql\compiler.py", line 1574, in execute_sql
    cursor.execute(sql, params)
  File "C:\Users\yasse\OneDrive\Desktop\Pre-Coded\venv\Lib\site-packages\django\db\backends\utils.py", line 122, in execute
    return super().execute(sql, params)
           ^^^^^^^^^^^^^^^^^^^^^^^^^^^^
  File "C:\Users\yasse\OneDrive\Desktop\Pre-Coded\venv\Lib\site-packages\django\db\backends\utils.py", line 79, in execute
    return self._execute_with_wrappers(
           ^^^^^^^^^^^^^^^^^^^^^^^^^^^^
  File "C:\Users\yasse\OneDrive\Desktop\Pre-Coded\venv\Lib\site-packages\django\db\backends\utils.py", line 92, in _execute_with_wrappers
    return executor(sql, params, many, context)
           ^^^^^^^^^^^^^^^^^^^^^^^^^^^^^^^^^^^^
  File "C:\Users\yasse\OneDrive\Desktop\Pre-Coded\venv\Lib\site-packages\django\db\backends\utils.py", line 100, in _execute
    with self.db.wrap_database_errors:
  File "C:\Users\yasse\OneDrive\Desktop\Pre-Coded\venv\Lib\site-packages\django\db\utils.py", line 91, in __exit__
    raise dj_exc_value.with_traceback(traceback) from exc_value
  File "C:\Users\yasse\OneDrive\Desktop\Pre-Coded\venv\Lib\site-packages\django\db\backends\utils.py", line 105, in _execute
    return self.cursor.execute(sql, params)
           ^^^^^^^^^^^^^^^^^^^^^^^^^^^^^^^^
  File "C:\Users\yasse\OneDrive\Desktop\Pre-Coded\venv\Lib\site-packages\django\db\backends\sqlite3\base.py", line 354, in execute
    return super().execute(query, params)
           ^^^^^^^^^^^^^^^^^^^^^^^^^^^^^^
django.db.utils.OperationalError: no such column: create_api_templatefile.description

2025-05-18 20:58:45,443 [DEBUG] core.loaders: [DB Loader][NORMALIZE] Trying normalized paths: ['base.html', 'templates/base.html', 'base.html', 'base.html']
2025-05-18 20:58:45,443 [DEBUG] core.loaders: [DB Loader][QUERY] SQL lookup for path: 'base.html' in database 'project_1'
2025-05-18 20:58:45,444 [DEBUG] core.loaders: [DB Loader][DB_CONN] Connection 'project_1' is usable
2025-05-18 20:58:45,444 [DEBUG] core.loaders: [DB Loader][SQL] Running: SELECT id, path, name FROM create_api_templatefile WHERE path = 'base.html'
2025-05-18 20:58:45,445 [DEBUG] core.loaders: [DB Loader][SQL] No results found
2025-05-18 20:58:45,446 [ERROR] core.loaders: [DB Loader][ERROR] Error querying database for path 'base.html': no such column: create_api_templatefile.description
2025-05-18 20:58:45,447 [ERROR] core.loaders: Traceback (most recent call last):
  File "C:\Users\yasse\OneDrive\Desktop\Pre-Coded\venv\Lib\site-packages\django\db\backends\utils.py", line 105, in _execute
    return self.cursor.execute(sql, params)
           ^^^^^^^^^^^^^^^^^^^^^^^^^^^^^^^^
  File "C:\Users\yasse\OneDrive\Desktop\Pre-Coded\venv\Lib\site-packages\django\db\backends\sqlite3\base.py", line 354, in execute
    return super().execute(query, params)
           ^^^^^^^^^^^^^^^^^^^^^^^^^^^^^^
sqlite3.OperationalError: no such column: create_api_templatefile.description

The above exception was the direct cause of the following exception:

Traceback (most recent call last):
  File "C:\Users\yasse\OneDrive\Desktop\Pre-Coded\api_generator\core\loaders.py", line 173, in _try_template_path
    template = TemplateFile.objects.using(db_alias).filter(path=path).first()
               ^^^^^^^^^^^^^^^^^^^^^^^^^^^^^^^^^^^^^^^^^^^^^^^^^^^^^^^^^^^^^^
  File "C:\Users\yasse\OneDrive\Desktop\Pre-Coded\venv\Lib\site-packages\django\db\models\query.py", line 1097, in first
    for obj in queryset[:1]:
  File "C:\Users\yasse\OneDrive\Desktop\Pre-Coded\venv\Lib\site-packages\django\db\models\query.py", line 400, in __iter__
    self._fetch_all()
  File "C:\Users\yasse\OneDrive\Desktop\Pre-Coded\venv\Lib\site-packages\django\db\models\query.py", line 1928, in _fetch_all
    self._result_cache = list(self._iterable_class(self))
                         ^^^^^^^^^^^^^^^^^^^^^^^^^^^^^^^^
  File "C:\Users\yasse\OneDrive\Desktop\Pre-Coded\venv\Lib\site-packages\django\db\models\query.py", line 91, in __iter__
    results = compiler.execute_sql(
              ^^^^^^^^^^^^^^^^^^^^^
  File "C:\Users\yasse\OneDrive\Desktop\Pre-Coded\venv\Lib\site-packages\django\db\models\sql\compiler.py", line 1574, in execute_sql
    cursor.execute(sql, params)
  File "C:\Users\yasse\OneDrive\Desktop\Pre-Coded\venv\Lib\site-packages\django\db\backends\utils.py", line 122, in execute
    return super().execute(sql, params)
           ^^^^^^^^^^^^^^^^^^^^^^^^^^^^
  File "C:\Users\yasse\OneDrive\Desktop\Pre-Coded\venv\Lib\site-packages\django\db\backends\utils.py", line 79, in execute
    return self._execute_with_wrappers(
           ^^^^^^^^^^^^^^^^^^^^^^^^^^^^
  File "C:\Users\yasse\OneDrive\Desktop\Pre-Coded\venv\Lib\site-packages\django\db\backends\utils.py", line 92, in _execute_with_wrappers
    return executor(sql, params, many, context)
           ^^^^^^^^^^^^^^^^^^^^^^^^^^^^^^^^^^^^
  File "C:\Users\yasse\OneDrive\Desktop\Pre-Coded\venv\Lib\site-packages\django\db\backends\utils.py", line 100, in _execute
    with self.db.wrap_database_errors:
  File "C:\Users\yasse\OneDrive\Desktop\Pre-Coded\venv\Lib\site-packages\django\db\utils.py", line 91, in __exit__
    raise dj_exc_value.with_traceback(traceback) from exc_value
  File "C:\Users\yasse\OneDrive\Desktop\Pre-Coded\venv\Lib\site-packages\django\db\backends\utils.py", line 105, in _execute
    return self.cursor.execute(sql, params)
           ^^^^^^^^^^^^^^^^^^^^^^^^^^^^^^^^
  File "C:\Users\yasse\OneDrive\Desktop\Pre-Coded\venv\Lib\site-packages\django\db\backends\sqlite3\base.py", line 354, in execute
    return super().execute(query, params)
           ^^^^^^^^^^^^^^^^^^^^^^^^^^^^^^
django.db.utils.OperationalError: no such column: create_api_templatefile.description

2025-05-18 20:58:45,451 [DEBUG] core.loaders: [DB Loader][QUERY] SQL lookup for path: 'templates/base.html' in database 'project_1'
2025-05-18 20:58:45,451 [DEBUG] core.loaders: [DB Loader][DB_CONN] Connection 'project_1' is usable
2025-05-18 20:58:45,452 [DEBUG] core.loaders: [DB Loader][SQL] Running: SELECT id, path, name FROM create_api_templatefile WHERE path = 'templates/base.html'
2025-05-18 20:58:45,452 [DEBUG] core.loaders: [DB Loader][SQL] Found 1 results: [(1, 'templates/base.html', 'base.html')]
2025-05-18 20:58:45,453 [ERROR] core.loaders: [DB Loader][ERROR] Error querying database for path 'templates/base.html': no such column: create_api_templatefile.description
2025-05-18 20:58:45,455 [ERROR] core.loaders: Traceback (most recent call last):
  File "C:\Users\yasse\OneDrive\Desktop\Pre-Coded\venv\Lib\site-packages\django\db\backends\utils.py", line 105, in _execute
    return self.cursor.execute(sql, params)
           ^^^^^^^^^^^^^^^^^^^^^^^^^^^^^^^^
  File "C:\Users\yasse\OneDrive\Desktop\Pre-Coded\venv\Lib\site-packages\django\db\backends\sqlite3\base.py", line 354, in execute
    return super().execute(query, params)
           ^^^^^^^^^^^^^^^^^^^^^^^^^^^^^^
sqlite3.OperationalError: no such column: create_api_templatefile.description

The above exception was the direct cause of the following exception:

Traceback (most recent call last):
  File "C:\Users\yasse\OneDrive\Desktop\Pre-Coded\api_generator\core\loaders.py", line 173, in _try_template_path
    template = TemplateFile.objects.using(db_alias).filter(path=path).first()
               ^^^^^^^^^^^^^^^^^^^^^^^^^^^^^^^^^^^^^^^^^^^^^^^^^^^^^^^^^^^^^^
  File "C:\Users\yasse\OneDrive\Desktop\Pre-Coded\venv\Lib\site-packages\django\db\models\query.py", line 1097, in first
    for obj in queryset[:1]:
  File "C:\Users\yasse\OneDrive\Desktop\Pre-Coded\venv\Lib\site-packages\django\db\models\query.py", line 400, in __iter__
    self._fetch_all()
  File "C:\Users\yasse\OneDrive\Desktop\Pre-Coded\venv\Lib\site-packages\django\db\models\query.py", line 1928, in _fetch_all
    self._result_cache = list(self._iterable_class(self))
                         ^^^^^^^^^^^^^^^^^^^^^^^^^^^^^^^^
  File "C:\Users\yasse\OneDrive\Desktop\Pre-Coded\venv\Lib\site-packages\django\db\models\query.py", line 91, in __iter__
    results = compiler.execute_sql(
              ^^^^^^^^^^^^^^^^^^^^^
  File "C:\Users\yasse\OneDrive\Desktop\Pre-Coded\venv\Lib\site-packages\django\db\models\sql\compiler.py", line 1574, in execute_sql
    cursor.execute(sql, params)
  File "C:\Users\yasse\OneDrive\Desktop\Pre-Coded\venv\Lib\site-packages\django\db\backends\utils.py", line 122, in execute
    return super().execute(sql, params)
           ^^^^^^^^^^^^^^^^^^^^^^^^^^^^
  File "C:\Users\yasse\OneDrive\Desktop\Pre-Coded\venv\Lib\site-packages\django\db\backends\utils.py", line 79, in execute
    return self._execute_with_wrappers(
           ^^^^^^^^^^^^^^^^^^^^^^^^^^^^
  File "C:\Users\yasse\OneDrive\Desktop\Pre-Coded\venv\Lib\site-packages\django\db\backends\utils.py", line 92, in _execute_with_wrappers
    return executor(sql, params, many, context)
           ^^^^^^^^^^^^^^^^^^^^^^^^^^^^^^^^^^^^
  File "C:\Users\yasse\OneDrive\Desktop\Pre-Coded\venv\Lib\site-packages\django\db\backends\utils.py", line 100, in _execute
    with self.db.wrap_database_errors:
  File "C:\Users\yasse\OneDrive\Desktop\Pre-Coded\venv\Lib\site-packages\django\db\utils.py", line 91, in __exit__
    raise dj_exc_value.with_traceback(traceback) from exc_value
  File "C:\Users\yasse\OneDrive\Desktop\Pre-Coded\venv\Lib\site-packages\django\db\backends\utils.py", line 105, in _execute
    return self.cursor.execute(sql, params)
           ^^^^^^^^^^^^^^^^^^^^^^^^^^^^^^^^
  File "C:\Users\yasse\OneDrive\Desktop\Pre-Coded\venv\Lib\site-packages\django\db\backends\sqlite3\base.py", line 354, in execute
    return super().execute(query, params)
           ^^^^^^^^^^^^^^^^^^^^^^^^^^^^^^
django.db.utils.OperationalError: no such column: create_api_templatefile.description

2025-05-18 20:58:45,459 [DEBUG] core.loaders: [DB Loader][QUERY] SQL lookup for path: 'base.html' in database 'project_1'
2025-05-18 20:58:45,459 [DEBUG] core.loaders: [DB Loader][DB_CONN] Connection 'project_1' is usable
2025-05-18 20:58:45,459 [DEBUG] core.loaders: [DB Loader][SQL] Running: SELECT id, path, name FROM create_api_templatefile WHERE path = 'base.html'
2025-05-18 20:58:45,459 [DEBUG] core.loaders: [DB Loader][SQL] No results found
2025-05-18 20:58:45,461 [ERROR] core.loaders: [DB Loader][ERROR] Error querying database for path 'base.html': no such column: create_api_templatefile.description
2025-05-18 20:58:45,462 [ERROR] core.loaders: Traceback (most recent call last):
  File "C:\Users\yasse\OneDrive\Desktop\Pre-Coded\venv\Lib\site-packages\django\db\backends\utils.py", line 105, in _execute
    return self.cursor.execute(sql, params)
           ^^^^^^^^^^^^^^^^^^^^^^^^^^^^^^^^
  File "C:\Users\yasse\OneDrive\Desktop\Pre-Coded\venv\Lib\site-packages\django\db\backends\sqlite3\base.py", line 354, in execute
    return super().execute(query, params)
           ^^^^^^^^^^^^^^^^^^^^^^^^^^^^^^
sqlite3.OperationalError: no such column: create_api_templatefile.description

The above exception was the direct cause of the following exception:

Traceback (most recent call last):
  File "C:\Users\yasse\OneDrive\Desktop\Pre-Coded\api_generator\core\loaders.py", line 173, in _try_template_path
    template = TemplateFile.objects.using(db_alias).filter(path=path).first()
               ^^^^^^^^^^^^^^^^^^^^^^^^^^^^^^^^^^^^^^^^^^^^^^^^^^^^^^^^^^^^^^
  File "C:\Users\yasse\OneDrive\Desktop\Pre-Coded\venv\Lib\site-packages\django\db\models\query.py", line 1097, in first
    for obj in queryset[:1]:
  File "C:\Users\yasse\OneDrive\Desktop\Pre-Coded\venv\Lib\site-packages\django\db\models\query.py", line 400, in __iter__
    self._fetch_all()
  File "C:\Users\yasse\OneDrive\Desktop\Pre-Coded\venv\Lib\site-packages\django\db\models\query.py", line 1928, in _fetch_all
    self._result_cache = list(self._iterable_class(self))
                         ^^^^^^^^^^^^^^^^^^^^^^^^^^^^^^^^
  File "C:\Users\yasse\OneDrive\Desktop\Pre-Coded\venv\Lib\site-packages\django\db\models\query.py", line 91, in __iter__
    results = compiler.execute_sql(
              ^^^^^^^^^^^^^^^^^^^^^
  File "C:\Users\yasse\OneDrive\Desktop\Pre-Coded\venv\Lib\site-packages\django\db\models\sql\compiler.py", line 1574, in execute_sql
    cursor.execute(sql, params)
  File "C:\Users\yasse\OneDrive\Desktop\Pre-Coded\venv\Lib\site-packages\django\db\backends\utils.py", line 122, in execute
    return super().execute(sql, params)
           ^^^^^^^^^^^^^^^^^^^^^^^^^^^^
  File "C:\Users\yasse\OneDrive\Desktop\Pre-Coded\venv\Lib\site-packages\django\db\backends\utils.py", line 79, in execute
    return self._execute_with_wrappers(
           ^^^^^^^^^^^^^^^^^^^^^^^^^^^^
  File "C:\Users\yasse\OneDrive\Desktop\Pre-Coded\venv\Lib\site-packages\django\db\backends\utils.py", line 92, in _execute_with_wrappers
    return executor(sql, params, many, context)
           ^^^^^^^^^^^^^^^^^^^^^^^^^^^^^^^^^^^^
  File "C:\Users\yasse\OneDrive\Desktop\Pre-Coded\venv\Lib\site-packages\django\db\backends\utils.py", line 100, in _execute
    with self.db.wrap_database_errors:
  File "C:\Users\yasse\OneDrive\Desktop\Pre-Coded\venv\Lib\site-packages\django\db\utils.py", line 91, in __exit__
    raise dj_exc_value.with_traceback(traceback) from exc_value
  File "C:\Users\yasse\OneDrive\Desktop\Pre-Coded\venv\Lib\site-packages\django\db\backends\utils.py", line 105, in _execute
    return self.cursor.execute(sql, params)
           ^^^^^^^^^^^^^^^^^^^^^^^^^^^^^^^^
  File "C:\Users\yasse\OneDrive\Desktop\Pre-Coded\venv\Lib\site-packages\django\db\backends\sqlite3\base.py", line 354, in execute
    return super().execute(query, params)
           ^^^^^^^^^^^^^^^^^^^^^^^^^^^^^^
django.db.utils.OperationalError: no such column: create_api_templatefile.description

2025-05-18 20:58:45,465 [DEBUG] core.loaders: [DB Loader][QUERY] SQL lookup for path: 'base.html' in database 'project_1'
2025-05-18 20:58:45,466 [DEBUG] core.loaders: [DB Loader][DB_CONN] Connection 'project_1' is usable
2025-05-18 20:58:45,466 [DEBUG] core.loaders: [DB Loader][SQL] Running: SELECT id, path, name FROM create_api_templatefile WHERE path = 'base.html'
2025-05-18 20:58:45,467 [DEBUG] core.loaders: [DB Loader][SQL] No results found
2025-05-18 20:58:45,468 [ERROR] core.loaders: [DB Loader][ERROR] Error querying database for path 'base.html': no such column: create_api_templatefile.description
2025-05-18 20:58:45,469 [ERROR] core.loaders: Traceback (most recent call last):
  File "C:\Users\yasse\OneDrive\Desktop\Pre-Coded\venv\Lib\site-packages\django\db\backends\utils.py", line 105, in _execute
    return self.cursor.execute(sql, params)
           ^^^^^^^^^^^^^^^^^^^^^^^^^^^^^^^^
  File "C:\Users\yasse\OneDrive\Desktop\Pre-Coded\venv\Lib\site-packages\django\db\backends\sqlite3\base.py", line 354, in execute
    return super().execute(query, params)
           ^^^^^^^^^^^^^^^^^^^^^^^^^^^^^^
sqlite3.OperationalError: no such column: create_api_templatefile.description

The above exception was the direct cause of the following exception:

Traceback (most recent call last):
  File "C:\Users\yasse\OneDrive\Desktop\Pre-Coded\api_generator\core\loaders.py", line 173, in _try_template_path
    template = TemplateFile.objects.using(db_alias).filter(path=path).first()
               ^^^^^^^^^^^^^^^^^^^^^^^^^^^^^^^^^^^^^^^^^^^^^^^^^^^^^^^^^^^^^^
  File "C:\Users\yasse\OneDrive\Desktop\Pre-Coded\venv\Lib\site-packages\django\db\models\query.py", line 1097, in first
    for obj in queryset[:1]:
  File "C:\Users\yasse\OneDrive\Desktop\Pre-Coded\venv\Lib\site-packages\django\db\models\query.py", line 400, in __iter__
    self._fetch_all()
  File "C:\Users\yasse\OneDrive\Desktop\Pre-Coded\venv\Lib\site-packages\django\db\models\query.py", line 1928, in _fetch_all
    self._result_cache = list(self._iterable_class(self))
                         ^^^^^^^^^^^^^^^^^^^^^^^^^^^^^^^^
  File "C:\Users\yasse\OneDrive\Desktop\Pre-Coded\venv\Lib\site-packages\django\db\models\query.py", line 91, in __iter__
    results = compiler.execute_sql(
              ^^^^^^^^^^^^^^^^^^^^^
  File "C:\Users\yasse\OneDrive\Desktop\Pre-Coded\venv\Lib\site-packages\django\db\models\sql\compiler.py", line 1574, in execute_sql
    cursor.execute(sql, params)
  File "C:\Users\yasse\OneDrive\Desktop\Pre-Coded\venv\Lib\site-packages\django\db\backends\utils.py", line 122, in execute
    return super().execute(sql, params)
           ^^^^^^^^^^^^^^^^^^^^^^^^^^^^
  File "C:\Users\yasse\OneDrive\Desktop\Pre-Coded\venv\Lib\site-packages\django\db\backends\utils.py", line 79, in execute
    return self._execute_with_wrappers(
           ^^^^^^^^^^^^^^^^^^^^^^^^^^^^
  File "C:\Users\yasse\OneDrive\Desktop\Pre-Coded\venv\Lib\site-packages\django\db\backends\utils.py", line 92, in _execute_with_wrappers
    return executor(sql, params, many, context)
           ^^^^^^^^^^^^^^^^^^^^^^^^^^^^^^^^^^^^
  File "C:\Users\yasse\OneDrive\Desktop\Pre-Coded\venv\Lib\site-packages\django\db\backends\utils.py", line 100, in _execute
    with self.db.wrap_database_errors:
  File "C:\Users\yasse\OneDrive\Desktop\Pre-Coded\venv\Lib\site-packages\django\db\utils.py", line 91, in __exit__
    raise dj_exc_value.with_traceback(traceback) from exc_value
  File "C:\Users\yasse\OneDrive\Desktop\Pre-Coded\venv\Lib\site-packages\django\db\backends\utils.py", line 105, in _execute
    return self.cursor.execute(sql, params)
           ^^^^^^^^^^^^^^^^^^^^^^^^^^^^^^^^
  File "C:\Users\yasse\OneDrive\Desktop\Pre-Coded\venv\Lib\site-packages\django\db\backends\sqlite3\base.py", line 354, in execute
    return super().execute(query, params)
           ^^^^^^^^^^^^^^^^^^^^^^^^^^^^^^
django.db.utils.OperationalError: no such column: create_api_templatefile.description

2025-05-18 20:58:45,472 [DEBUG] core.loaders: [DB Loader][PROJECT] Trying project-based lookup for project 1
2025-05-18 20:58:45,473 [DEBUG] core.loaders: [DB Loader][PROJECT] Searching project 1 templates by filename
2025-05-18 20:58:45,473 [DEBUG] core.loaders: [DB Loader][DB_CONN] Connection 'project_1' is usable
2025-05-18 20:58:45,474 [DEBUG] core.loaders: [DB Loader][PROJECT] Looking for filename: 'base.html'
2025-05-18 20:58:45,474 [DEBUG] core.loaders: [DB Loader][SQL] Running: SELECT id, path, name FROM create_api_templatefile WHERE project_id = 1
2025-05-18 20:58:45,474 [DEBUG] core.loaders: [DB Loader][SQL] Found 2 templates in project: [(1, 'templates/base.html', 'base.html'), (2, 'templates/feed.html', 'feed.html')]
2025-05-18 20:58:45,475 [ERROR] core.loaders: [DB Loader][PROJECT][ERROR] Error in project-based template search: no such column: create_api_templatefile.description
2025-05-18 20:58:45,477 [ERROR] core.loaders: Traceback (most recent call last):
  File "C:\Users\yasse\OneDrive\Desktop\Pre-Coded\venv\Lib\site-packages\django\db\backends\utils.py", line 105, in _execute
    return self.cursor.execute(sql, params)
           ^^^^^^^^^^^^^^^^^^^^^^^^^^^^^^^^
  File "C:\Users\yasse\OneDrive\Desktop\Pre-Coded\venv\Lib\site-packages\django\db\backends\sqlite3\base.py", line 354, in execute
    return super().execute(query, params)
           ^^^^^^^^^^^^^^^^^^^^^^^^^^^^^^
sqlite3.OperationalError: no such column: create_api_templatefile.description

The above exception was the direct cause of the following exception:

Traceback (most recent call last):
  File "C:\Users\yasse\OneDrive\Desktop\Pre-Coded\api_generator\core\loaders.py", line 227, in _try_project_templates
    templates = list(TemplateFile.objects.using(db_alias).filter(project_id=project_id))
                ^^^^^^^^^^^^^^^^^^^^^^^^^^^^^^^^^^^^^^^^^^^^^^^^^^^^^^^^^^^^^^^^^^^^^^^^
  File "C:\Users\yasse\OneDrive\Desktop\Pre-Coded\venv\Lib\site-packages\django\db\models\query.py", line 400, in __iter__
    self._fetch_all()
  File "C:\Users\yasse\OneDrive\Desktop\Pre-Coded\venv\Lib\site-packages\django\db\models\query.py", line 1928, in _fetch_all
    self._result_cache = list(self._iterable_class(self))
                         ^^^^^^^^^^^^^^^^^^^^^^^^^^^^^^^^
  File "C:\Users\yasse\OneDrive\Desktop\Pre-Coded\venv\Lib\site-packages\django\db\models\query.py", line 91, in __iter__
    results = compiler.execute_sql(
              ^^^^^^^^^^^^^^^^^^^^^
  File "C:\Users\yasse\OneDrive\Desktop\Pre-Coded\venv\Lib\site-packages\django\db\models\sql\compiler.py", line 1574, in execute_sql
    cursor.execute(sql, params)
  File "C:\Users\yasse\OneDrive\Desktop\Pre-Coded\venv\Lib\site-packages\django\db\backends\utils.py", line 122, in execute
    return super().execute(sql, params)
           ^^^^^^^^^^^^^^^^^^^^^^^^^^^^
  File "C:\Users\yasse\OneDrive\Desktop\Pre-Coded\venv\Lib\site-packages\django\db\backends\utils.py", line 79, in execute
    return self._execute_with_wrappers(
           ^^^^^^^^^^^^^^^^^^^^^^^^^^^^
  File "C:\Users\yasse\OneDrive\Desktop\Pre-Coded\venv\Lib\site-packages\django\db\backends\utils.py", line 92, in _execute_with_wrappers
    return executor(sql, params, many, context)
           ^^^^^^^^^^^^^^^^^^^^^^^^^^^^^^^^^^^^
  File "C:\Users\yasse\OneDrive\Desktop\Pre-Coded\venv\Lib\site-packages\django\db\backends\utils.py", line 100, in _execute
    with self.db.wrap_database_errors:
  File "C:\Users\yasse\OneDrive\Desktop\Pre-Coded\venv\Lib\site-packages\django\db\utils.py", line 91, in __exit__
    raise dj_exc_value.with_traceback(traceback) from exc_value
  File "C:\Users\yasse\OneDrive\Desktop\Pre-Coded\venv\Lib\site-packages\django\db\backends\utils.py", line 105, in _execute
    return self.cursor.execute(sql, params)
           ^^^^^^^^^^^^^^^^^^^^^^^^^^^^^^^^
  File "C:\Users\yasse\OneDrive\Desktop\Pre-Coded\venv\Lib\site-packages\django\db\backends\sqlite3\base.py", line 354, in execute
    return super().execute(query, params)
           ^^^^^^^^^^^^^^^^^^^^^^^^^^^^^^
django.db.utils.OperationalError: no such column: create_api_templatefile.description

2025-05-18 20:58:45,481 [DEBUG] core.loaders: [DB Loader][AUTO-CREATE] Attempting to create missing template 'base.html'
2025-05-18 20:58:45,482 [DEBUG] core.loaders: [DB Loader][DB_CONN] Connection 'project_1' is usable
2025-05-18 20:58:45,482 [DEBUG] core.loaders: [DB Loader][CREATE] Creating template with path='templates/base.html', name='base.html'
2025-05-18 20:58:45,484 [ERROR] core.loaders: [DB Loader][CREATE][ERROR] Error creating template: no such table: create_api_project
2025-05-18 20:58:45,485 [ERROR] core.loaders: Traceback (most recent call last):
  File "C:\Users\yasse\OneDrive\Desktop\Pre-Coded\venv\Lib\site-packages\django\db\backends\utils.py", line 105, in _execute
    return self.cursor.execute(sql, params)
           ^^^^^^^^^^^^^^^^^^^^^^^^^^^^^^^^
  File "C:\Users\yasse\OneDrive\Desktop\Pre-Coded\venv\Lib\site-packages\django\db\backends\sqlite3\base.py", line 354, in execute
    return super().execute(query, params)
           ^^^^^^^^^^^^^^^^^^^^^^^^^^^^^^
sqlite3.OperationalError: no such table: create_api_project

The above exception was the direct cause of the following exception:

Traceback (most recent call last):
  File "C:\Users\yasse\OneDrive\Desktop\Pre-Coded\api_generator\core\loaders.py", line 490, in _create_template
    project = Project.objects.using(db_alias).get(id=project_id)
              ^^^^^^^^^^^^^^^^^^^^^^^^^^^^^^^^^^^^^^^^^^^^^^^^^^
  File "C:\Users\yasse\OneDrive\Desktop\Pre-Coded\venv\Lib\site-packages\django\db\models\query.py", line 645, in get
    num = len(clone)
          ^^^^^^^^^^
  File "C:\Users\yasse\OneDrive\Desktop\Pre-Coded\venv\Lib\site-packages\django\db\models\query.py", line 382, in __len__
    self._fetch_all()
  File "C:\Users\yasse\OneDrive\Desktop\Pre-Coded\venv\Lib\site-packages\django\db\models\query.py", line 1928, in _fetch_all
    self._result_cache = list(self._iterable_class(self))
                         ^^^^^^^^^^^^^^^^^^^^^^^^^^^^^^^^
  File "C:\Users\yasse\OneDrive\Desktop\Pre-Coded\venv\Lib\site-packages\django\db\models\query.py", line 91, in __iter__
    results = compiler.execute_sql(
              ^^^^^^^^^^^^^^^^^^^^^
  File "C:\Users\yasse\OneDrive\Desktop\Pre-Coded\venv\Lib\site-packages\django\db\models\sql\compiler.py", line 1574, in execute_sql
    cursor.execute(sql, params)
  File "C:\Users\yasse\OneDrive\Desktop\Pre-Coded\venv\Lib\site-packages\django\db\backends\utils.py", line 122, in execute
    return super().execute(sql, params)
           ^^^^^^^^^^^^^^^^^^^^^^^^^^^^
  File "C:\Users\yasse\OneDrive\Desktop\Pre-Coded\venv\Lib\site-packages\django\db\backends\utils.py", line 79, in execute
    return self._execute_with_wrappers(
           ^^^^^^^^^^^^^^^^^^^^^^^^^^^^
  File "C:\Users\yasse\OneDrive\Desktop\Pre-Coded\venv\Lib\site-packages\django\db\backends\utils.py", line 92, in _execute_with_wrappers
    return executor(sql, params, many, context)
           ^^^^^^^^^^^^^^^^^^^^^^^^^^^^^^^^^^^^
  File "C:\Users\yasse\OneDrive\Desktop\Pre-Coded\venv\Lib\site-packages\django\db\backends\utils.py", line 100, in _execute
    with self.db.wrap_database_errors:
  File "C:\Users\yasse\OneDrive\Desktop\Pre-Coded\venv\Lib\site-packages\django\db\utils.py", line 91, in __exit__
    raise dj_exc_value.with_traceback(traceback) from exc_value
  File "C:\Users\yasse\OneDrive\Desktop\Pre-Coded\venv\Lib\site-packages\django\db\backends\utils.py", line 105, in _execute
    return self.cursor.execute(sql, params)
           ^^^^^^^^^^^^^^^^^^^^^^^^^^^^^^^^
  File "C:\Users\yasse\OneDrive\Desktop\Pre-Coded\venv\Lib\site-packages\django\db\backends\sqlite3\base.py", line 354, in execute
    return super().execute(query, params)
           ^^^^^^^^^^^^^^^^^^^^^^^^^^^^^^
django.db.utils.OperationalError: no such table: create_api_project

2025-05-18 20:58:45,488 [WARNING] core.loaders: [DB Loader][FAILED] Template 'base.html' not found after all attempts
2025-05-18 20:58:45,490 [DEBUG] core.loaders: [DB Loader][AVAILABLE] 2 templates in database for project 1
2025-05-18 20:58:45,491 [ERROR] core.loaders: [DB Loader][ERROR] Failed to list available templates: no such column: create_api_templatefile.description
2025-05-18 20:58:45,492 [WARNING] template_debugger: get_template_sources found no sources for 'base.html'
2025-05-18 20:58:45,492 [DEBUG] core.loaders: [DB Loader][START] Template lookup for: 'base.html'
2025-05-18 20:58:45,493 [DEBUG] core.loaders: [DB Loader][CALL STACK] ['  File "C:\\Users\\yasse\\OneDrive\\Desktop\\Pre-Coded\\api_generator\\debug_template_loader.py", line 541, in main\n    test_template_loader(project_id)\n', '  File "C:\\Users\\yasse\\OneDrive\\Desktop\\Pre-Coded\\api_generator\\debug_template_loader.py", line 370, in test_template_loader\n    sources = list(loader.get_template_sources(template_name))\n']
2025-05-18 20:58:45,493 [DEBUG] core.thread_local: [Thread Local][GET] db_alias = project_1
2025-05-18 20:58:45,493 [DEBUG] core.loaders: [DB Loader][DB_ALIAS] Using database alias: 'project_1'
2025-05-18 20:58:45,494 [DEBUG] core.thread_local: [Thread Local][GET] project_id = 1
2025-05-18 20:58:45,494 [DEBUG] core.loaders: [DB Loader][DB_CONN] Connection 'project_1' is usable
2025-05-18 20:58:45,494 [DEBUG] core.loaders: [DB Loader][CONTEXT] {"project_id": 1, "db_alias": "project_1", "connection_id": "debug-1747591125", "ws_context": true, "template_name": "base.html", "active_connections": "['default', 'project_1']", "thread_id": 2069757272976}
2025-05-18 20:58:45,494 [DEBUG] core.thread_local: [Thread Local][GET] project_id = 1
2025-05-18 20:58:45,494 [DEBUG] core.loaders: [DB Loader][QUERY] Trying exact path match for 'base.html'
2025-05-18 20:58:45,495 [DEBUG] core.loaders: [DB Loader][QUERY] SQL lookup for path: 'base.html' in database 'project_1'
2025-05-18 20:58:45,495 [DEBUG] core.loaders: [DB Loader][DB_CONN] Connection 'project_1' is usable
2025-05-18 20:58:45,495 [DEBUG] core.loaders: [DB Loader][SQL] Running: SELECT id, path, name FROM create_api_templatefile WHERE path = 'base.html'
2025-05-18 20:58:45,495 [DEBUG] core.loaders: [DB Loader][SQL] No results found
2025-05-18 20:58:45,496 [ERROR] core.loaders: [DB Loader][ERROR] Error querying database for path 'base.html': no such column: create_api_templatefile.description
2025-05-18 20:58:45,498 [ERROR] core.loaders: Traceback (most recent call last):
  File "C:\Users\yasse\OneDrive\Desktop\Pre-Coded\venv\Lib\site-packages\django\db\backends\utils.py", line 105, in _execute
    return self.cursor.execute(sql, params)
           ^^^^^^^^^^^^^^^^^^^^^^^^^^^^^^^^
  File "C:\Users\yasse\OneDrive\Desktop\Pre-Coded\venv\Lib\site-packages\django\db\backends\sqlite3\base.py", line 354, in execute
    return super().execute(query, params)
           ^^^^^^^^^^^^^^^^^^^^^^^^^^^^^^
sqlite3.OperationalError: no such column: create_api_templatefile.description

The above exception was the direct cause of the following exception:

Traceback (most recent call last):
  File "C:\Users\yasse\OneDrive\Desktop\Pre-Coded\api_generator\core\loaders.py", line 173, in _try_template_path
    template = TemplateFile.objects.using(db_alias).filter(path=path).first()
               ^^^^^^^^^^^^^^^^^^^^^^^^^^^^^^^^^^^^^^^^^^^^^^^^^^^^^^^^^^^^^^
  File "C:\Users\yasse\OneDrive\Desktop\Pre-Coded\venv\Lib\site-packages\django\db\models\query.py", line 1097, in first
    for obj in queryset[:1]:
  File "C:\Users\yasse\OneDrive\Desktop\Pre-Coded\venv\Lib\site-packages\django\db\models\query.py", line 400, in __iter__
    self._fetch_all()
  File "C:\Users\yasse\OneDrive\Desktop\Pre-Coded\venv\Lib\site-packages\django\db\models\query.py", line 1928, in _fetch_all
    self._result_cache = list(self._iterable_class(self))
                         ^^^^^^^^^^^^^^^^^^^^^^^^^^^^^^^^
  File "C:\Users\yasse\OneDrive\Desktop\Pre-Coded\venv\Lib\site-packages\django\db\models\query.py", line 91, in __iter__
    results = compiler.execute_sql(
              ^^^^^^^^^^^^^^^^^^^^^
  File "C:\Users\yasse\OneDrive\Desktop\Pre-Coded\venv\Lib\site-packages\django\db\models\sql\compiler.py", line 1574, in execute_sql
    cursor.execute(sql, params)
  File "C:\Users\yasse\OneDrive\Desktop\Pre-Coded\venv\Lib\site-packages\django\db\backends\utils.py", line 122, in execute
    return super().execute(sql, params)
           ^^^^^^^^^^^^^^^^^^^^^^^^^^^^
  File "C:\Users\yasse\OneDrive\Desktop\Pre-Coded\venv\Lib\site-packages\django\db\backends\utils.py", line 79, in execute
    return self._execute_with_wrappers(
           ^^^^^^^^^^^^^^^^^^^^^^^^^^^^
  File "C:\Users\yasse\OneDrive\Desktop\Pre-Coded\venv\Lib\site-packages\django\db\backends\utils.py", line 92, in _execute_with_wrappers
    return executor(sql, params, many, context)
           ^^^^^^^^^^^^^^^^^^^^^^^^^^^^^^^^^^^^
  File "C:\Users\yasse\OneDrive\Desktop\Pre-Coded\venv\Lib\site-packages\django\db\backends\utils.py", line 100, in _execute
    with self.db.wrap_database_errors:
  File "C:\Users\yasse\OneDrive\Desktop\Pre-Coded\venv\Lib\site-packages\django\db\utils.py", line 91, in __exit__
    raise dj_exc_value.with_traceback(traceback) from exc_value
  File "C:\Users\yasse\OneDrive\Desktop\Pre-Coded\venv\Lib\site-packages\django\db\backends\utils.py", line 105, in _execute
    return self.cursor.execute(sql, params)
           ^^^^^^^^^^^^^^^^^^^^^^^^^^^^^^^^
  File "C:\Users\yasse\OneDrive\Desktop\Pre-Coded\venv\Lib\site-packages\django\db\backends\sqlite3\base.py", line 354, in execute
    return super().execute(query, params)
           ^^^^^^^^^^^^^^^^^^^^^^^^^^^^^^
django.db.utils.OperationalError: no such column: create_api_templatefile.description

2025-05-18 20:58:45,501 [DEBUG] core.loaders: [DB Loader][NORMALIZE] Trying normalized paths: ['base.html', 'templates/base.html', 'base.html', 'base.html']
2025-05-18 20:58:45,501 [DEBUG] core.loaders: [DB Loader][QUERY] SQL lookup for path: 'base.html' in database 'project_1'
2025-05-18 20:58:45,502 [DEBUG] core.loaders: [DB Loader][DB_CONN] Connection 'project_1' is usable
2025-05-18 20:58:45,502 [DEBUG] core.loaders: [DB Loader][SQL] Running: SELECT id, path, name FROM create_api_templatefile WHERE path = 'base.html'
2025-05-18 20:58:45,503 [DEBUG] core.loaders: [DB Loader][SQL] No results found
2025-05-18 20:58:45,504 [ERROR] core.loaders: [DB Loader][ERROR] Error querying database for path 'base.html': no such column: create_api_templatefile.description
2025-05-18 20:58:45,505 [ERROR] core.loaders: Traceback (most recent call last):
  File "C:\Users\yasse\OneDrive\Desktop\Pre-Coded\venv\Lib\site-packages\django\db\backends\utils.py", line 105, in _execute
    return self.cursor.execute(sql, params)
           ^^^^^^^^^^^^^^^^^^^^^^^^^^^^^^^^
  File "C:\Users\yasse\OneDrive\Desktop\Pre-Coded\venv\Lib\site-packages\django\db\backends\sqlite3\base.py", line 354, in execute
    return super().execute(query, params)
           ^^^^^^^^^^^^^^^^^^^^^^^^^^^^^^
sqlite3.OperationalError: no such column: create_api_templatefile.description

The above exception was the direct cause of the following exception:

Traceback (most recent call last):
  File "C:\Users\yasse\OneDrive\Desktop\Pre-Coded\api_generator\core\loaders.py", line 173, in _try_template_path
    template = TemplateFile.objects.using(db_alias).filter(path=path).first()
               ^^^^^^^^^^^^^^^^^^^^^^^^^^^^^^^^^^^^^^^^^^^^^^^^^^^^^^^^^^^^^^
  File "C:\Users\yasse\OneDrive\Desktop\Pre-Coded\venv\Lib\site-packages\django\db\models\query.py", line 1097, in first
    for obj in queryset[:1]:
  File "C:\Users\yasse\OneDrive\Desktop\Pre-Coded\venv\Lib\site-packages\django\db\models\query.py", line 400, in __iter__
    self._fetch_all()
  File "C:\Users\yasse\OneDrive\Desktop\Pre-Coded\venv\Lib\site-packages\django\db\models\query.py", line 1928, in _fetch_all
    self._result_cache = list(self._iterable_class(self))
                         ^^^^^^^^^^^^^^^^^^^^^^^^^^^^^^^^
  File "C:\Users\yasse\OneDrive\Desktop\Pre-Coded\venv\Lib\site-packages\django\db\models\query.py", line 91, in __iter__
    results = compiler.execute_sql(
              ^^^^^^^^^^^^^^^^^^^^^
  File "C:\Users\yasse\OneDrive\Desktop\Pre-Coded\venv\Lib\site-packages\django\db\models\sql\compiler.py", line 1574, in execute_sql
    cursor.execute(sql, params)
  File "C:\Users\yasse\OneDrive\Desktop\Pre-Coded\venv\Lib\site-packages\django\db\backends\utils.py", line 122, in execute
    return super().execute(sql, params)
           ^^^^^^^^^^^^^^^^^^^^^^^^^^^^
  File "C:\Users\yasse\OneDrive\Desktop\Pre-Coded\venv\Lib\site-packages\django\db\backends\utils.py", line 79, in execute
    return self._execute_with_wrappers(
           ^^^^^^^^^^^^^^^^^^^^^^^^^^^^
  File "C:\Users\yasse\OneDrive\Desktop\Pre-Coded\venv\Lib\site-packages\django\db\backends\utils.py", line 92, in _execute_with_wrappers
    return executor(sql, params, many, context)
           ^^^^^^^^^^^^^^^^^^^^^^^^^^^^^^^^^^^^
  File "C:\Users\yasse\OneDrive\Desktop\Pre-Coded\venv\Lib\site-packages\django\db\backends\utils.py", line 100, in _execute
    with self.db.wrap_database_errors:
  File "C:\Users\yasse\OneDrive\Desktop\Pre-Coded\venv\Lib\site-packages\django\db\utils.py", line 91, in __exit__
    raise dj_exc_value.with_traceback(traceback) from exc_value
  File "C:\Users\yasse\OneDrive\Desktop\Pre-Coded\venv\Lib\site-packages\django\db\backends\utils.py", line 105, in _execute
    return self.cursor.execute(sql, params)
           ^^^^^^^^^^^^^^^^^^^^^^^^^^^^^^^^
  File "C:\Users\yasse\OneDrive\Desktop\Pre-Coded\venv\Lib\site-packages\django\db\backends\sqlite3\base.py", line 354, in execute
    return super().execute(query, params)
           ^^^^^^^^^^^^^^^^^^^^^^^^^^^^^^
django.db.utils.OperationalError: no such column: create_api_templatefile.description

2025-05-18 20:58:45,509 [DEBUG] core.loaders: [DB Loader][QUERY] SQL lookup for path: 'templates/base.html' in database 'project_1'
2025-05-18 20:58:45,510 [DEBUG] core.loaders: [DB Loader][DB_CONN] Connection 'project_1' is usable
2025-05-18 20:58:45,510 [DEBUG] core.loaders: [DB Loader][SQL] Running: SELECT id, path, name FROM create_api_templatefile WHERE path = 'templates/base.html'
2025-05-18 20:58:45,511 [DEBUG] core.loaders: [DB Loader][SQL] Found 1 results: [(1, 'templates/base.html', 'base.html')]
2025-05-18 20:58:45,512 [ERROR] core.loaders: [DB Loader][ERROR] Error querying database for path 'templates/base.html': no such column: create_api_templatefile.description
2025-05-18 20:58:45,514 [ERROR] core.loaders: Traceback (most recent call last):
  File "C:\Users\yasse\OneDrive\Desktop\Pre-Coded\venv\Lib\site-packages\django\db\backends\utils.py", line 105, in _execute
    return self.cursor.execute(sql, params)
           ^^^^^^^^^^^^^^^^^^^^^^^^^^^^^^^^
  File "C:\Users\yasse\OneDrive\Desktop\Pre-Coded\venv\Lib\site-packages\django\db\backends\sqlite3\base.py", line 354, in execute
    return super().execute(query, params)
           ^^^^^^^^^^^^^^^^^^^^^^^^^^^^^^
sqlite3.OperationalError: no such column: create_api_templatefile.description

The above exception was the direct cause of the following exception:

Traceback (most recent call last):
  File "C:\Users\yasse\OneDrive\Desktop\Pre-Coded\api_generator\core\loaders.py", line 173, in _try_template_path
    template = TemplateFile.objects.using(db_alias).filter(path=path).first()
               ^^^^^^^^^^^^^^^^^^^^^^^^^^^^^^^^^^^^^^^^^^^^^^^^^^^^^^^^^^^^^^
  File "C:\Users\yasse\OneDrive\Desktop\Pre-Coded\venv\Lib\site-packages\django\db\models\query.py", line 1097, in first
    for obj in queryset[:1]:
  File "C:\Users\yasse\OneDrive\Desktop\Pre-Coded\venv\Lib\site-packages\django\db\models\query.py", line 400, in __iter__
    self._fetch_all()
  File "C:\Users\yasse\OneDrive\Desktop\Pre-Coded\venv\Lib\site-packages\django\db\models\query.py", line 1928, in _fetch_all
    self._result_cache = list(self._iterable_class(self))
                         ^^^^^^^^^^^^^^^^^^^^^^^^^^^^^^^^
  File "C:\Users\yasse\OneDrive\Desktop\Pre-Coded\venv\Lib\site-packages\django\db\models\query.py", line 91, in __iter__
    results = compiler.execute_sql(
              ^^^^^^^^^^^^^^^^^^^^^
  File "C:\Users\yasse\OneDrive\Desktop\Pre-Coded\venv\Lib\site-packages\django\db\models\sql\compiler.py", line 1574, in execute_sql
    cursor.execute(sql, params)
  File "C:\Users\yasse\OneDrive\Desktop\Pre-Coded\venv\Lib\site-packages\django\db\backends\utils.py", line 122, in execute
    return super().execute(sql, params)
           ^^^^^^^^^^^^^^^^^^^^^^^^^^^^
  File "C:\Users\yasse\OneDrive\Desktop\Pre-Coded\venv\Lib\site-packages\django\db\backends\utils.py", line 79, in execute
    return self._execute_with_wrappers(
           ^^^^^^^^^^^^^^^^^^^^^^^^^^^^
  File "C:\Users\yasse\OneDrive\Desktop\Pre-Coded\venv\Lib\site-packages\django\db\backends\utils.py", line 92, in _execute_with_wrappers
    return executor(sql, params, many, context)
           ^^^^^^^^^^^^^^^^^^^^^^^^^^^^^^^^^^^^
  File "C:\Users\yasse\OneDrive\Desktop\Pre-Coded\venv\Lib\site-packages\django\db\backends\utils.py", line 100, in _execute
    with self.db.wrap_database_errors:
  File "C:\Users\yasse\OneDrive\Desktop\Pre-Coded\venv\Lib\site-packages\django\db\utils.py", line 91, in __exit__
    raise dj_exc_value.with_traceback(traceback) from exc_value
  File "C:\Users\yasse\OneDrive\Desktop\Pre-Coded\venv\Lib\site-packages\django\db\backends\utils.py", line 105, in _execute
    return self.cursor.execute(sql, params)
           ^^^^^^^^^^^^^^^^^^^^^^^^^^^^^^^^
  File "C:\Users\yasse\OneDrive\Desktop\Pre-Coded\venv\Lib\site-packages\django\db\backends\sqlite3\base.py", line 354, in execute
    return super().execute(query, params)
           ^^^^^^^^^^^^^^^^^^^^^^^^^^^^^^
django.db.utils.OperationalError: no such column: create_api_templatefile.description

2025-05-18 20:58:45,516 [DEBUG] core.loaders: [DB Loader][QUERY] SQL lookup for path: 'base.html' in database 'project_1'
2025-05-18 20:58:45,517 [DEBUG] core.loaders: [DB Loader][DB_CONN] Connection 'project_1' is usable
2025-05-18 20:58:45,517 [DEBUG] core.loaders: [DB Loader][SQL] Running: SELECT id, path, name FROM create_api_templatefile WHERE path = 'base.html'
2025-05-18 20:58:45,518 [DEBUG] core.loaders: [DB Loader][SQL] No results found
2025-05-18 20:58:45,519 [ERROR] core.loaders: [DB Loader][ERROR] Error querying database for path 'base.html': no such column: create_api_templatefile.description
2025-05-18 20:58:45,521 [ERROR] core.loaders: Traceback (most recent call last):
  File "C:\Users\yasse\OneDrive\Desktop\Pre-Coded\venv\Lib\site-packages\django\db\backends\utils.py", line 105, in _execute
    return self.cursor.execute(sql, params)
           ^^^^^^^^^^^^^^^^^^^^^^^^^^^^^^^^
  File "C:\Users\yasse\OneDrive\Desktop\Pre-Coded\venv\Lib\site-packages\django\db\backends\sqlite3\base.py", line 354, in execute
    return super().execute(query, params)
           ^^^^^^^^^^^^^^^^^^^^^^^^^^^^^^
sqlite3.OperationalError: no such column: create_api_templatefile.description

The above exception was the direct cause of the following exception:

Traceback (most recent call last):
  File "C:\Users\yasse\OneDrive\Desktop\Pre-Coded\api_generator\core\loaders.py", line 173, in _try_template_path
    template = TemplateFile.objects.using(db_alias).filter(path=path).first()
               ^^^^^^^^^^^^^^^^^^^^^^^^^^^^^^^^^^^^^^^^^^^^^^^^^^^^^^^^^^^^^^
  File "C:\Users\yasse\OneDrive\Desktop\Pre-Coded\venv\Lib\site-packages\django\db\models\query.py", line 1097, in first
    for obj in queryset[:1]:
  File "C:\Users\yasse\OneDrive\Desktop\Pre-Coded\venv\Lib\site-packages\django\db\models\query.py", line 400, in __iter__
    self._fetch_all()
  File "C:\Users\yasse\OneDrive\Desktop\Pre-Coded\venv\Lib\site-packages\django\db\models\query.py", line 1928, in _fetch_all
    self._result_cache = list(self._iterable_class(self))
                         ^^^^^^^^^^^^^^^^^^^^^^^^^^^^^^^^
  File "C:\Users\yasse\OneDrive\Desktop\Pre-Coded\venv\Lib\site-packages\django\db\models\query.py", line 91, in __iter__
    results = compiler.execute_sql(
              ^^^^^^^^^^^^^^^^^^^^^
  File "C:\Users\yasse\OneDrive\Desktop\Pre-Coded\venv\Lib\site-packages\django\db\models\sql\compiler.py", line 1574, in execute_sql
    cursor.execute(sql, params)
  File "C:\Users\yasse\OneDrive\Desktop\Pre-Coded\venv\Lib\site-packages\django\db\backends\utils.py", line 122, in execute
    return super().execute(sql, params)
           ^^^^^^^^^^^^^^^^^^^^^^^^^^^^
  File "C:\Users\yasse\OneDrive\Desktop\Pre-Coded\venv\Lib\site-packages\django\db\backends\utils.py", line 79, in execute
    return self._execute_with_wrappers(
           ^^^^^^^^^^^^^^^^^^^^^^^^^^^^
  File "C:\Users\yasse\OneDrive\Desktop\Pre-Coded\venv\Lib\site-packages\django\db\backends\utils.py", line 92, in _execute_with_wrappers
    return executor(sql, params, many, context)
           ^^^^^^^^^^^^^^^^^^^^^^^^^^^^^^^^^^^^
  File "C:\Users\yasse\OneDrive\Desktop\Pre-Coded\venv\Lib\site-packages\django\db\backends\utils.py", line 100, in _execute
    with self.db.wrap_database_errors:
  File "C:\Users\yasse\OneDrive\Desktop\Pre-Coded\venv\Lib\site-packages\django\db\utils.py", line 91, in __exit__
    raise dj_exc_value.with_traceback(traceback) from exc_value
  File "C:\Users\yasse\OneDrive\Desktop\Pre-Coded\venv\Lib\site-packages\django\db\backends\utils.py", line 105, in _execute
    return self.cursor.execute(sql, params)
           ^^^^^^^^^^^^^^^^^^^^^^^^^^^^^^^^
  File "C:\Users\yasse\OneDrive\Desktop\Pre-Coded\venv\Lib\site-packages\django\db\backends\sqlite3\base.py", line 354, in execute
    return super().execute(query, params)
           ^^^^^^^^^^^^^^^^^^^^^^^^^^^^^^
django.db.utils.OperationalError: no such column: create_api_templatefile.description

2025-05-18 20:58:45,523 [DEBUG] core.loaders: [DB Loader][QUERY] SQL lookup for path: 'base.html' in database 'project_1'
2025-05-18 20:58:45,523 [DEBUG] core.loaders: [DB Loader][DB_CONN] Connection 'project_1' is usable
2025-05-18 20:58:45,523 [DEBUG] core.loaders: [DB Loader][SQL] Running: SELECT id, path, name FROM create_api_templatefile WHERE path = 'base.html'
2025-05-18 20:58:45,524 [DEBUG] core.loaders: [DB Loader][SQL] No results found
2025-05-18 20:58:45,525 [ERROR] core.loaders: [DB Loader][ERROR] Error querying database for path 'base.html': no such column: create_api_templatefile.description
2025-05-18 20:58:45,527 [ERROR] core.loaders: Traceback (most recent call last):
  File "C:\Users\yasse\OneDrive\Desktop\Pre-Coded\venv\Lib\site-packages\django\db\backends\utils.py", line 105, in _execute
    return self.cursor.execute(sql, params)
           ^^^^^^^^^^^^^^^^^^^^^^^^^^^^^^^^
  File "C:\Users\yasse\OneDrive\Desktop\Pre-Coded\venv\Lib\site-packages\django\db\backends\sqlite3\base.py", line 354, in execute
    return super().execute(query, params)
           ^^^^^^^^^^^^^^^^^^^^^^^^^^^^^^
sqlite3.OperationalError: no such column: create_api_templatefile.description

The above exception was the direct cause of the following exception:

Traceback (most recent call last):
  File "C:\Users\yasse\OneDrive\Desktop\Pre-Coded\api_generator\core\loaders.py", line 173, in _try_template_path
    template = TemplateFile.objects.using(db_alias).filter(path=path).first()
               ^^^^^^^^^^^^^^^^^^^^^^^^^^^^^^^^^^^^^^^^^^^^^^^^^^^^^^^^^^^^^^
  File "C:\Users\yasse\OneDrive\Desktop\Pre-Coded\venv\Lib\site-packages\django\db\models\query.py", line 1097, in first
    for obj in queryset[:1]:
  File "C:\Users\yasse\OneDrive\Desktop\Pre-Coded\venv\Lib\site-packages\django\db\models\query.py", line 400, in __iter__
    self._fetch_all()
  File "C:\Users\yasse\OneDrive\Desktop\Pre-Coded\venv\Lib\site-packages\django\db\models\query.py", line 1928, in _fetch_all
    self._result_cache = list(self._iterable_class(self))
                         ^^^^^^^^^^^^^^^^^^^^^^^^^^^^^^^^
  File "C:\Users\yasse\OneDrive\Desktop\Pre-Coded\venv\Lib\site-packages\django\db\models\query.py", line 91, in __iter__
    results = compiler.execute_sql(
              ^^^^^^^^^^^^^^^^^^^^^
  File "C:\Users\yasse\OneDrive\Desktop\Pre-Coded\venv\Lib\site-packages\django\db\models\sql\compiler.py", line 1574, in execute_sql
    cursor.execute(sql, params)
  File "C:\Users\yasse\OneDrive\Desktop\Pre-Coded\venv\Lib\site-packages\django\db\backends\utils.py", line 122, in execute
    return super().execute(sql, params)
           ^^^^^^^^^^^^^^^^^^^^^^^^^^^^
  File "C:\Users\yasse\OneDrive\Desktop\Pre-Coded\venv\Lib\site-packages\django\db\backends\utils.py", line 79, in execute
    return self._execute_with_wrappers(
           ^^^^^^^^^^^^^^^^^^^^^^^^^^^^
  File "C:\Users\yasse\OneDrive\Desktop\Pre-Coded\venv\Lib\site-packages\django\db\backends\utils.py", line 92, in _execute_with_wrappers
    return executor(sql, params, many, context)
           ^^^^^^^^^^^^^^^^^^^^^^^^^^^^^^^^^^^^
  File "C:\Users\yasse\OneDrive\Desktop\Pre-Coded\venv\Lib\site-packages\django\db\backends\utils.py", line 100, in _execute
    with self.db.wrap_database_errors:
  File "C:\Users\yasse\OneDrive\Desktop\Pre-Coded\venv\Lib\site-packages\django\db\utils.py", line 91, in __exit__
    raise dj_exc_value.with_traceback(traceback) from exc_value
  File "C:\Users\yasse\OneDrive\Desktop\Pre-Coded\venv\Lib\site-packages\django\db\backends\utils.py", line 105, in _execute
    return self.cursor.execute(sql, params)
           ^^^^^^^^^^^^^^^^^^^^^^^^^^^^^^^^
  File "C:\Users\yasse\OneDrive\Desktop\Pre-Coded\venv\Lib\site-packages\django\db\backends\sqlite3\base.py", line 354, in execute
    return super().execute(query, params)
           ^^^^^^^^^^^^^^^^^^^^^^^^^^^^^^
django.db.utils.OperationalError: no such column: create_api_templatefile.description

2025-05-18 20:58:45,530 [DEBUG] core.loaders: [DB Loader][PROJECT] Trying project-based lookup for project 1
2025-05-18 20:58:45,530 [DEBUG] core.loaders: [DB Loader][PROJECT] Searching project 1 templates by filename
2025-05-18 20:58:45,531 [DEBUG] core.loaders: [DB Loader][DB_CONN] Connection 'project_1' is usable
2025-05-18 20:58:45,531 [DEBUG] core.loaders: [DB Loader][PROJECT] Looking for filename: 'base.html'
2025-05-18 20:58:45,531 [DEBUG] core.loaders: [DB Loader][SQL] Running: SELECT id, path, name FROM create_api_templatefile WHERE project_id = 1
2025-05-18 20:58:45,531 [DEBUG] core.loaders: [DB Loader][SQL] Found 2 templates in project: [(1, 'templates/base.html', 'base.html'), (2, 'templates/feed.html', 'feed.html')]
2025-05-18 20:58:45,533 [ERROR] core.loaders: [DB Loader][PROJECT][ERROR] Error in project-based template search: no such column: create_api_templatefile.description
2025-05-18 20:58:45,535 [ERROR] core.loaders: Traceback (most recent call last):
  File "C:\Users\yasse\OneDrive\Desktop\Pre-Coded\venv\Lib\site-packages\django\db\backends\utils.py", line 105, in _execute
    return self.cursor.execute(sql, params)
           ^^^^^^^^^^^^^^^^^^^^^^^^^^^^^^^^
  File "C:\Users\yasse\OneDrive\Desktop\Pre-Coded\venv\Lib\site-packages\django\db\backends\sqlite3\base.py", line 354, in execute
    return super().execute(query, params)
           ^^^^^^^^^^^^^^^^^^^^^^^^^^^^^^
sqlite3.OperationalError: no such column: create_api_templatefile.description

The above exception was the direct cause of the following exception:

Traceback (most recent call last):
  File "C:\Users\yasse\OneDrive\Desktop\Pre-Coded\api_generator\core\loaders.py", line 227, in _try_project_templates
    templates = list(TemplateFile.objects.using(db_alias).filter(project_id=project_id))
                ^^^^^^^^^^^^^^^^^^^^^^^^^^^^^^^^^^^^^^^^^^^^^^^^^^^^^^^^^^^^^^^^^^^^^^^^
  File "C:\Users\yasse\OneDrive\Desktop\Pre-Coded\venv\Lib\site-packages\django\db\models\query.py", line 400, in __iter__
    self._fetch_all()
  File "C:\Users\yasse\OneDrive\Desktop\Pre-Coded\venv\Lib\site-packages\django\db\models\query.py", line 1928, in _fetch_all
    self._result_cache = list(self._iterable_class(self))
                         ^^^^^^^^^^^^^^^^^^^^^^^^^^^^^^^^
  File "C:\Users\yasse\OneDrive\Desktop\Pre-Coded\venv\Lib\site-packages\django\db\models\query.py", line 91, in __iter__
    results = compiler.execute_sql(
              ^^^^^^^^^^^^^^^^^^^^^
  File "C:\Users\yasse\OneDrive\Desktop\Pre-Coded\venv\Lib\site-packages\django\db\models\sql\compiler.py", line 1574, in execute_sql
    cursor.execute(sql, params)
  File "C:\Users\yasse\OneDrive\Desktop\Pre-Coded\venv\Lib\site-packages\django\db\backends\utils.py", line 122, in execute
    return super().execute(sql, params)
           ^^^^^^^^^^^^^^^^^^^^^^^^^^^^
  File "C:\Users\yasse\OneDrive\Desktop\Pre-Coded\venv\Lib\site-packages\django\db\backends\utils.py", line 79, in execute
    return self._execute_with_wrappers(
           ^^^^^^^^^^^^^^^^^^^^^^^^^^^^
  File "C:\Users\yasse\OneDrive\Desktop\Pre-Coded\venv\Lib\site-packages\django\db\backends\utils.py", line 92, in _execute_with_wrappers
    return executor(sql, params, many, context)
           ^^^^^^^^^^^^^^^^^^^^^^^^^^^^^^^^^^^^
  File "C:\Users\yasse\OneDrive\Desktop\Pre-Coded\venv\Lib\site-packages\django\db\backends\utils.py", line 100, in _execute
    with self.db.wrap_database_errors:
  File "C:\Users\yasse\OneDrive\Desktop\Pre-Coded\venv\Lib\site-packages\django\db\utils.py", line 91, in __exit__
    raise dj_exc_value.with_traceback(traceback) from exc_value
  File "C:\Users\yasse\OneDrive\Desktop\Pre-Coded\venv\Lib\site-packages\django\db\backends\utils.py", line 105, in _execute
    return self.cursor.execute(sql, params)
           ^^^^^^^^^^^^^^^^^^^^^^^^^^^^^^^^
  File "C:\Users\yasse\OneDrive\Desktop\Pre-Coded\venv\Lib\site-packages\django\db\backends\sqlite3\base.py", line 354, in execute
    return super().execute(query, params)
           ^^^^^^^^^^^^^^^^^^^^^^^^^^^^^^
django.db.utils.OperationalError: no such column: create_api_templatefile.description

2025-05-18 20:58:45,537 [DEBUG] core.loaders: [DB Loader][AUTO-CREATE] Attempting to create missing template 'base.html'
2025-05-18 20:58:45,537 [DEBUG] core.loaders: [DB Loader][DB_CONN] Connection 'project_1' is usable
2025-05-18 20:58:45,537 [DEBUG] core.loaders: [DB Loader][CREATE] Creating template with path='templates/base.html', name='base.html'
2025-05-18 20:58:45,538 [ERROR] core.loaders: [DB Loader][CREATE][ERROR] Error creating template: no such table: create_api_project
2025-05-18 20:58:45,540 [ERROR] core.loaders: Traceback (most recent call last):
  File "C:\Users\yasse\OneDrive\Desktop\Pre-Coded\venv\Lib\site-packages\django\db\backends\utils.py", line 105, in _execute
    return self.cursor.execute(sql, params)
           ^^^^^^^^^^^^^^^^^^^^^^^^^^^^^^^^
  File "C:\Users\yasse\OneDrive\Desktop\Pre-Coded\venv\Lib\site-packages\django\db\backends\sqlite3\base.py", line 354, in execute
    return super().execute(query, params)
           ^^^^^^^^^^^^^^^^^^^^^^^^^^^^^^
sqlite3.OperationalError: no such table: create_api_project

The above exception was the direct cause of the following exception:

Traceback (most recent call last):
  File "C:\Users\yasse\OneDrive\Desktop\Pre-Coded\api_generator\core\loaders.py", line 490, in _create_template
    project = Project.objects.using(db_alias).get(id=project_id)
              ^^^^^^^^^^^^^^^^^^^^^^^^^^^^^^^^^^^^^^^^^^^^^^^^^^
  File "C:\Users\yasse\OneDrive\Desktop\Pre-Coded\venv\Lib\site-packages\django\db\models\query.py", line 645, in get
    num = len(clone)
          ^^^^^^^^^^
  File "C:\Users\yasse\OneDrive\Desktop\Pre-Coded\venv\Lib\site-packages\django\db\models\query.py", line 382, in __len__
    self._fetch_all()
  File "C:\Users\yasse\OneDrive\Desktop\Pre-Coded\venv\Lib\site-packages\django\db\models\query.py", line 1928, in _fetch_all
    self._result_cache = list(self._iterable_class(self))
                         ^^^^^^^^^^^^^^^^^^^^^^^^^^^^^^^^
  File "C:\Users\yasse\OneDrive\Desktop\Pre-Coded\venv\Lib\site-packages\django\db\models\query.py", line 91, in __iter__
    results = compiler.execute_sql(
              ^^^^^^^^^^^^^^^^^^^^^
  File "C:\Users\yasse\OneDrive\Desktop\Pre-Coded\venv\Lib\site-packages\django\db\models\sql\compiler.py", line 1574, in execute_sql
    cursor.execute(sql, params)
  File "C:\Users\yasse\OneDrive\Desktop\Pre-Coded\venv\Lib\site-packages\django\db\backends\utils.py", line 122, in execute
    return super().execute(sql, params)
           ^^^^^^^^^^^^^^^^^^^^^^^^^^^^
  File "C:\Users\yasse\OneDrive\Desktop\Pre-Coded\venv\Lib\site-packages\django\db\backends\utils.py", line 79, in execute
    return self._execute_with_wrappers(
           ^^^^^^^^^^^^^^^^^^^^^^^^^^^^
  File "C:\Users\yasse\OneDrive\Desktop\Pre-Coded\venv\Lib\site-packages\django\db\backends\utils.py", line 92, in _execute_with_wrappers
    return executor(sql, params, many, context)
           ^^^^^^^^^^^^^^^^^^^^^^^^^^^^^^^^^^^^
  File "C:\Users\yasse\OneDrive\Desktop\Pre-Coded\venv\Lib\site-packages\django\db\backends\utils.py", line 100, in _execute
    with self.db.wrap_database_errors:
  File "C:\Users\yasse\OneDrive\Desktop\Pre-Coded\venv\Lib\site-packages\django\db\utils.py", line 91, in __exit__
    raise dj_exc_value.with_traceback(traceback) from exc_value
  File "C:\Users\yasse\OneDrive\Desktop\Pre-Coded\venv\Lib\site-packages\django\db\backends\utils.py", line 105, in _execute
    return self.cursor.execute(sql, params)
           ^^^^^^^^^^^^^^^^^^^^^^^^^^^^^^^^
  File "C:\Users\yasse\OneDrive\Desktop\Pre-Coded\venv\Lib\site-packages\django\db\backends\sqlite3\base.py", line 354, in execute
    return super().execute(query, params)
           ^^^^^^^^^^^^^^^^^^^^^^^^^^^^^^
django.db.utils.OperationalError: no such table: create_api_project

2025-05-18 20:58:45,543 [WARNING] core.loaders: [DB Loader][FAILED] Template 'base.html' not found after all attempts
2025-05-18 20:58:45,544 [DEBUG] core.loaders: [DB Loader][AVAILABLE] 2 templates in database for project 1
2025-05-18 20:58:45,545 [ERROR] core.loaders: [DB Loader][ERROR] Failed to list available templates: no such column: create_api_templatefile.description
2025-05-18 20:58:45,546 [WARNING] template_debugger: Couldn't test get_contents - no sources found for 'base.html'
2025-05-18 20:58:45,546 [INFO] template_debugger: 
Testing template: 'templates/base.html'
2025-05-18 20:58:45,546 [DEBUG] core.loaders: [DB Loader][START] Template lookup for: 'templates/base.html'
2025-05-18 20:58:45,546 [DEBUG] core.loaders: [DB Loader][CALL STACK] ['  File "C:\\Users\\yasse\\OneDrive\\Desktop\\Pre-Coded\\api_generator\\debug_template_loader.py", line 541, in main\n    test_template_loader(project_id)\n', '  File "C:\\Users\\yasse\\OneDrive\\Desktop\\Pre-Coded\\api_generator\\debug_template_loader.py", line 356, in test_template_loader\n    sources = list(loader.get_template_sources(template_name))\n']
2025-05-18 20:58:45,547 [DEBUG] core.thread_local: [Thread Local][GET] db_alias = project_1
2025-05-18 20:58:45,547 [DEBUG] core.loaders: [DB Loader][DB_ALIAS] Using database alias: 'project_1'
2025-05-18 20:58:45,548 [DEBUG] core.thread_local: [Thread Local][GET] project_id = 1
2025-05-18 20:58:45,548 [DEBUG] core.loaders: [DB Loader][DB_CONN] Connection 'project_1' is usable
2025-05-18 20:58:45,548 [DEBUG] core.loaders: [DB Loader][CONTEXT] {"project_id": 1, "db_alias": "project_1", "connection_id": "debug-1747591125", "ws_context": true, "template_name": "templates/base.html", "active_connections": "['default', 'project_1']", "thread_id": 2069757272976}
2025-05-18 20:58:45,548 [DEBUG] core.thread_local: [Thread Local][GET] project_id = 1
2025-05-18 20:58:45,548 [DEBUG] core.loaders: [DB Loader][QUERY] Trying exact path match for 'templates/base.html'
2025-05-18 20:58:45,549 [DEBUG] core.loaders: [DB Loader][QUERY] SQL lookup for path: 'templates/base.html' in database 'project_1'
2025-05-18 20:58:45,549 [DEBUG] core.loaders: [DB Loader][DB_CONN] Connection 'project_1' is usable
2025-05-18 20:58:45,549 [DEBUG] core.loaders: [DB Loader][SQL] Running: SELECT id, path, name FROM create_api_templatefile WHERE path = 'templates/base.html'
2025-05-18 20:58:45,549 [DEBUG] core.loaders: [DB Loader][SQL] Found 1 results: [(1, 'templates/base.html', 'base.html')]
2025-05-18 20:58:45,550 [ERROR] core.loaders: [DB Loader][ERROR] Error querying database for path 'templates/base.html': no such column: create_api_templatefile.description
2025-05-18 20:58:45,552 [ERROR] core.loaders: Traceback (most recent call last):
  File "C:\Users\yasse\OneDrive\Desktop\Pre-Coded\venv\Lib\site-packages\django\db\backends\utils.py", line 105, in _execute
    return self.cursor.execute(sql, params)
           ^^^^^^^^^^^^^^^^^^^^^^^^^^^^^^^^
  File "C:\Users\yasse\OneDrive\Desktop\Pre-Coded\venv\Lib\site-packages\django\db\backends\sqlite3\base.py", line 354, in execute
    return super().execute(query, params)
           ^^^^^^^^^^^^^^^^^^^^^^^^^^^^^^
sqlite3.OperationalError: no such column: create_api_templatefile.description

The above exception was the direct cause of the following exception:

Traceback (most recent call last):
  File "C:\Users\yasse\OneDrive\Desktop\Pre-Coded\api_generator\core\loaders.py", line 173, in _try_template_path
    template = TemplateFile.objects.using(db_alias).filter(path=path).first()
               ^^^^^^^^^^^^^^^^^^^^^^^^^^^^^^^^^^^^^^^^^^^^^^^^^^^^^^^^^^^^^^
  File "C:\Users\yasse\OneDrive\Desktop\Pre-Coded\venv\Lib\site-packages\django\db\models\query.py", line 1097, in first
    for obj in queryset[:1]:
  File "C:\Users\yasse\OneDrive\Desktop\Pre-Coded\venv\Lib\site-packages\django\db\models\query.py", line 400, in __iter__
    self._fetch_all()
  File "C:\Users\yasse\OneDrive\Desktop\Pre-Coded\venv\Lib\site-packages\django\db\models\query.py", line 1928, in _fetch_all
    self._result_cache = list(self._iterable_class(self))
                         ^^^^^^^^^^^^^^^^^^^^^^^^^^^^^^^^
  File "C:\Users\yasse\OneDrive\Desktop\Pre-Coded\venv\Lib\site-packages\django\db\models\query.py", line 91, in __iter__
    results = compiler.execute_sql(
              ^^^^^^^^^^^^^^^^^^^^^
  File "C:\Users\yasse\OneDrive\Desktop\Pre-Coded\venv\Lib\site-packages\django\db\models\sql\compiler.py", line 1574, in execute_sql
    cursor.execute(sql, params)
  File "C:\Users\yasse\OneDrive\Desktop\Pre-Coded\venv\Lib\site-packages\django\db\backends\utils.py", line 122, in execute
    return super().execute(sql, params)
           ^^^^^^^^^^^^^^^^^^^^^^^^^^^^
  File "C:\Users\yasse\OneDrive\Desktop\Pre-Coded\venv\Lib\site-packages\django\db\backends\utils.py", line 79, in execute
    return self._execute_with_wrappers(
           ^^^^^^^^^^^^^^^^^^^^^^^^^^^^
  File "C:\Users\yasse\OneDrive\Desktop\Pre-Coded\venv\Lib\site-packages\django\db\backends\utils.py", line 92, in _execute_with_wrappers
    return executor(sql, params, many, context)
           ^^^^^^^^^^^^^^^^^^^^^^^^^^^^^^^^^^^^
  File "C:\Users\yasse\OneDrive\Desktop\Pre-Coded\venv\Lib\site-packages\django\db\backends\utils.py", line 100, in _execute
    with self.db.wrap_database_errors:
  File "C:\Users\yasse\OneDrive\Desktop\Pre-Coded\venv\Lib\site-packages\django\db\utils.py", line 91, in __exit__
    raise dj_exc_value.with_traceback(traceback) from exc_value
  File "C:\Users\yasse\OneDrive\Desktop\Pre-Coded\venv\Lib\site-packages\django\db\backends\utils.py", line 105, in _execute
    return self.cursor.execute(sql, params)
           ^^^^^^^^^^^^^^^^^^^^^^^^^^^^^^^^
  File "C:\Users\yasse\OneDrive\Desktop\Pre-Coded\venv\Lib\site-packages\django\db\backends\sqlite3\base.py", line 354, in execute
    return super().execute(query, params)
           ^^^^^^^^^^^^^^^^^^^^^^^^^^^^^^
django.db.utils.OperationalError: no such column: create_api_templatefile.description

2025-05-18 20:58:45,555 [DEBUG] core.loaders: [DB Loader][NORMALIZE] Trying normalized paths: ['templates/base.html', 'templates/templates/base.html', 'base.html', 'base.html']
2025-05-18 20:58:45,556 [DEBUG] core.loaders: [DB Loader][QUERY] SQL lookup for path: 'templates/base.html' in database 'project_1'
2025-05-18 20:58:45,556 [DEBUG] core.loaders: [DB Loader][DB_CONN] Connection 'project_1' is usable
2025-05-18 20:58:45,556 [DEBUG] core.loaders: [DB Loader][SQL] Running: SELECT id, path, name FROM create_api_templatefile WHERE path = 'templates/base.html'
2025-05-18 20:58:45,557 [DEBUG] core.loaders: [DB Loader][SQL] Found 1 results: [(1, 'templates/base.html', 'base.html')]
2025-05-18 20:58:45,558 [ERROR] core.loaders: [DB Loader][ERROR] Error querying database for path 'templates/base.html': no such column: create_api_templatefile.description
2025-05-18 20:58:45,560 [ERROR] core.loaders: Traceback (most recent call last):
  File "C:\Users\yasse\OneDrive\Desktop\Pre-Coded\venv\Lib\site-packages\django\db\backends\utils.py", line 105, in _execute
    return self.cursor.execute(sql, params)
           ^^^^^^^^^^^^^^^^^^^^^^^^^^^^^^^^
  File "C:\Users\yasse\OneDrive\Desktop\Pre-Coded\venv\Lib\site-packages\django\db\backends\sqlite3\base.py", line 354, in execute
    return super().execute(query, params)
           ^^^^^^^^^^^^^^^^^^^^^^^^^^^^^^
sqlite3.OperationalError: no such column: create_api_templatefile.description

The above exception was the direct cause of the following exception:

Traceback (most recent call last):
  File "C:\Users\yasse\OneDrive\Desktop\Pre-Coded\api_generator\core\loaders.py", line 173, in _try_template_path
    template = TemplateFile.objects.using(db_alias).filter(path=path).first()
               ^^^^^^^^^^^^^^^^^^^^^^^^^^^^^^^^^^^^^^^^^^^^^^^^^^^^^^^^^^^^^^
  File "C:\Users\yasse\OneDrive\Desktop\Pre-Coded\venv\Lib\site-packages\django\db\models\query.py", line 1097, in first
    for obj in queryset[:1]:
  File "C:\Users\yasse\OneDrive\Desktop\Pre-Coded\venv\Lib\site-packages\django\db\models\query.py", line 400, in __iter__
    self._fetch_all()
  File "C:\Users\yasse\OneDrive\Desktop\Pre-Coded\venv\Lib\site-packages\django\db\models\query.py", line 1928, in _fetch_all
    self._result_cache = list(self._iterable_class(self))
                         ^^^^^^^^^^^^^^^^^^^^^^^^^^^^^^^^
  File "C:\Users\yasse\OneDrive\Desktop\Pre-Coded\venv\Lib\site-packages\django\db\models\query.py", line 91, in __iter__
    results = compiler.execute_sql(
              ^^^^^^^^^^^^^^^^^^^^^
  File "C:\Users\yasse\OneDrive\Desktop\Pre-Coded\venv\Lib\site-packages\django\db\models\sql\compiler.py", line 1574, in execute_sql
    cursor.execute(sql, params)
  File "C:\Users\yasse\OneDrive\Desktop\Pre-Coded\venv\Lib\site-packages\django\db\backends\utils.py", line 122, in execute
    return super().execute(sql, params)
           ^^^^^^^^^^^^^^^^^^^^^^^^^^^^
  File "C:\Users\yasse\OneDrive\Desktop\Pre-Coded\venv\Lib\site-packages\django\db\backends\utils.py", line 79, in execute
    return self._execute_with_wrappers(
           ^^^^^^^^^^^^^^^^^^^^^^^^^^^^
  File "C:\Users\yasse\OneDrive\Desktop\Pre-Coded\venv\Lib\site-packages\django\db\backends\utils.py", line 92, in _execute_with_wrappers
    return executor(sql, params, many, context)
           ^^^^^^^^^^^^^^^^^^^^^^^^^^^^^^^^^^^^
  File "C:\Users\yasse\OneDrive\Desktop\Pre-Coded\venv\Lib\site-packages\django\db\backends\utils.py", line 100, in _execute
    with self.db.wrap_database_errors:
  File "C:\Users\yasse\OneDrive\Desktop\Pre-Coded\venv\Lib\site-packages\django\db\utils.py", line 91, in __exit__
    raise dj_exc_value.with_traceback(traceback) from exc_value
  File "C:\Users\yasse\OneDrive\Desktop\Pre-Coded\venv\Lib\site-packages\django\db\backends\utils.py", line 105, in _execute
    return self.cursor.execute(sql, params)
           ^^^^^^^^^^^^^^^^^^^^^^^^^^^^^^^^
  File "C:\Users\yasse\OneDrive\Desktop\Pre-Coded\venv\Lib\site-packages\django\db\backends\sqlite3\base.py", line 354, in execute
    return super().execute(query, params)
           ^^^^^^^^^^^^^^^^^^^^^^^^^^^^^^
django.db.utils.OperationalError: no such column: create_api_templatefile.description

2025-05-18 20:58:45,563 [DEBUG] core.loaders: [DB Loader][QUERY] SQL lookup for path: 'templates/templates/base.html' in database 'project_1'
2025-05-18 20:58:45,563 [DEBUG] core.loaders: [DB Loader][DB_CONN] Connection 'project_1' is usable
2025-05-18 20:58:45,564 [DEBUG] core.loaders: [DB Loader][SQL] Running: SELECT id, path, name FROM create_api_templatefile WHERE path = 'templates/templates/base.html'
2025-05-18 20:58:45,564 [DEBUG] core.loaders: [DB Loader][SQL] No results found
2025-05-18 20:58:45,565 [ERROR] core.loaders: [DB Loader][ERROR] Error querying database for path 'templates/templates/base.html': no such column: create_api_templatefile.description
2025-05-18 20:58:45,566 [ERROR] core.loaders: Traceback (most recent call last):
  File "C:\Users\yasse\OneDrive\Desktop\Pre-Coded\venv\Lib\site-packages\django\db\backends\utils.py", line 105, in _execute
    return self.cursor.execute(sql, params)
           ^^^^^^^^^^^^^^^^^^^^^^^^^^^^^^^^
  File "C:\Users\yasse\OneDrive\Desktop\Pre-Coded\venv\Lib\site-packages\django\db\backends\sqlite3\base.py", line 354, in execute
    return super().execute(query, params)
           ^^^^^^^^^^^^^^^^^^^^^^^^^^^^^^
sqlite3.OperationalError: no such column: create_api_templatefile.description

The above exception was the direct cause of the following exception:

Traceback (most recent call last):
  File "C:\Users\yasse\OneDrive\Desktop\Pre-Coded\api_generator\core\loaders.py", line 173, in _try_template_path
    template = TemplateFile.objects.using(db_alias).filter(path=path).first()
               ^^^^^^^^^^^^^^^^^^^^^^^^^^^^^^^^^^^^^^^^^^^^^^^^^^^^^^^^^^^^^^
  File "C:\Users\yasse\OneDrive\Desktop\Pre-Coded\venv\Lib\site-packages\django\db\models\query.py", line 1097, in first
    for obj in queryset[:1]:
  File "C:\Users\yasse\OneDrive\Desktop\Pre-Coded\venv\Lib\site-packages\django\db\models\query.py", line 400, in __iter__
    self._fetch_all()
  File "C:\Users\yasse\OneDrive\Desktop\Pre-Coded\venv\Lib\site-packages\django\db\models\query.py", line 1928, in _fetch_all
    self._result_cache = list(self._iterable_class(self))
                         ^^^^^^^^^^^^^^^^^^^^^^^^^^^^^^^^
  File "C:\Users\yasse\OneDrive\Desktop\Pre-Coded\venv\Lib\site-packages\django\db\models\query.py", line 91, in __iter__
    results = compiler.execute_sql(
              ^^^^^^^^^^^^^^^^^^^^^
  File "C:\Users\yasse\OneDrive\Desktop\Pre-Coded\venv\Lib\site-packages\django\db\models\sql\compiler.py", line 1574, in execute_sql
    cursor.execute(sql, params)
  File "C:\Users\yasse\OneDrive\Desktop\Pre-Coded\venv\Lib\site-packages\django\db\backends\utils.py", line 122, in execute
    return super().execute(sql, params)
           ^^^^^^^^^^^^^^^^^^^^^^^^^^^^
  File "C:\Users\yasse\OneDrive\Desktop\Pre-Coded\venv\Lib\site-packages\django\db\backends\utils.py", line 79, in execute
    return self._execute_with_wrappers(
           ^^^^^^^^^^^^^^^^^^^^^^^^^^^^
  File "C:\Users\yasse\OneDrive\Desktop\Pre-Coded\venv\Lib\site-packages\django\db\backends\utils.py", line 92, in _execute_with_wrappers
    return executor(sql, params, many, context)
           ^^^^^^^^^^^^^^^^^^^^^^^^^^^^^^^^^^^^
  File "C:\Users\yasse\OneDrive\Desktop\Pre-Coded\venv\Lib\site-packages\django\db\backends\utils.py", line 100, in _execute
    with self.db.wrap_database_errors:
  File "C:\Users\yasse\OneDrive\Desktop\Pre-Coded\venv\Lib\site-packages\django\db\utils.py", line 91, in __exit__
    raise dj_exc_value.with_traceback(traceback) from exc_value
  File "C:\Users\yasse\OneDrive\Desktop\Pre-Coded\venv\Lib\site-packages\django\db\backends\utils.py", line 105, in _execute
    return self.cursor.execute(sql, params)
           ^^^^^^^^^^^^^^^^^^^^^^^^^^^^^^^^
  File "C:\Users\yasse\OneDrive\Desktop\Pre-Coded\venv\Lib\site-packages\django\db\backends\sqlite3\base.py", line 354, in execute
    return super().execute(query, params)
           ^^^^^^^^^^^^^^^^^^^^^^^^^^^^^^
django.db.utils.OperationalError: no such column: create_api_templatefile.description

2025-05-18 20:58:45,570 [DEBUG] core.loaders: [DB Loader][QUERY] SQL lookup for path: 'base.html' in database 'project_1'
2025-05-18 20:58:45,570 [DEBUG] core.loaders: [DB Loader][DB_CONN] Connection 'project_1' is usable
2025-05-18 20:58:45,570 [DEBUG] core.loaders: [DB Loader][SQL] Running: SELECT id, path, name FROM create_api_templatefile WHERE path = 'base.html'
2025-05-18 20:58:45,571 [DEBUG] core.loaders: [DB Loader][SQL] No results found
2025-05-18 20:58:45,572 [ERROR] core.loaders: [DB Loader][ERROR] Error querying database for path 'base.html': no such column: create_api_templatefile.description
2025-05-18 20:58:45,573 [ERROR] core.loaders: Traceback (most recent call last):
  File "C:\Users\yasse\OneDrive\Desktop\Pre-Coded\venv\Lib\site-packages\django\db\backends\utils.py", line 105, in _execute
    return self.cursor.execute(sql, params)
           ^^^^^^^^^^^^^^^^^^^^^^^^^^^^^^^^
  File "C:\Users\yasse\OneDrive\Desktop\Pre-Coded\venv\Lib\site-packages\django\db\backends\sqlite3\base.py", line 354, in execute
    return super().execute(query, params)
           ^^^^^^^^^^^^^^^^^^^^^^^^^^^^^^
sqlite3.OperationalError: no such column: create_api_templatefile.description

The above exception was the direct cause of the following exception:

Traceback (most recent call last):
  File "C:\Users\yasse\OneDrive\Desktop\Pre-Coded\api_generator\core\loaders.py", line 173, in _try_template_path
    template = TemplateFile.objects.using(db_alias).filter(path=path).first()
               ^^^^^^^^^^^^^^^^^^^^^^^^^^^^^^^^^^^^^^^^^^^^^^^^^^^^^^^^^^^^^^
  File "C:\Users\yasse\OneDrive\Desktop\Pre-Coded\venv\Lib\site-packages\django\db\models\query.py", line 1097, in first
    for obj in queryset[:1]:
  File "C:\Users\yasse\OneDrive\Desktop\Pre-Coded\venv\Lib\site-packages\django\db\models\query.py", line 400, in __iter__
    self._fetch_all()
  File "C:\Users\yasse\OneDrive\Desktop\Pre-Coded\venv\Lib\site-packages\django\db\models\query.py", line 1928, in _fetch_all
    self._result_cache = list(self._iterable_class(self))
                         ^^^^^^^^^^^^^^^^^^^^^^^^^^^^^^^^
  File "C:\Users\yasse\OneDrive\Desktop\Pre-Coded\venv\Lib\site-packages\django\db\models\query.py", line 91, in __iter__
    results = compiler.execute_sql(
              ^^^^^^^^^^^^^^^^^^^^^
  File "C:\Users\yasse\OneDrive\Desktop\Pre-Coded\venv\Lib\site-packages\django\db\models\sql\compiler.py", line 1574, in execute_sql
    cursor.execute(sql, params)
  File "C:\Users\yasse\OneDrive\Desktop\Pre-Coded\venv\Lib\site-packages\django\db\backends\utils.py", line 122, in execute
    return super().execute(sql, params)
           ^^^^^^^^^^^^^^^^^^^^^^^^^^^^
  File "C:\Users\yasse\OneDrive\Desktop\Pre-Coded\venv\Lib\site-packages\django\db\backends\utils.py", line 79, in execute
    return self._execute_with_wrappers(
           ^^^^^^^^^^^^^^^^^^^^^^^^^^^^
  File "C:\Users\yasse\OneDrive\Desktop\Pre-Coded\venv\Lib\site-packages\django\db\backends\utils.py", line 92, in _execute_with_wrappers
    return executor(sql, params, many, context)
           ^^^^^^^^^^^^^^^^^^^^^^^^^^^^^^^^^^^^
  File "C:\Users\yasse\OneDrive\Desktop\Pre-Coded\venv\Lib\site-packages\django\db\backends\utils.py", line 100, in _execute
    with self.db.wrap_database_errors:
  File "C:\Users\yasse\OneDrive\Desktop\Pre-Coded\venv\Lib\site-packages\django\db\utils.py", line 91, in __exit__
    raise dj_exc_value.with_traceback(traceback) from exc_value
  File "C:\Users\yasse\OneDrive\Desktop\Pre-Coded\venv\Lib\site-packages\django\db\backends\utils.py", line 105, in _execute
    return self.cursor.execute(sql, params)
           ^^^^^^^^^^^^^^^^^^^^^^^^^^^^^^^^
  File "C:\Users\yasse\OneDrive\Desktop\Pre-Coded\venv\Lib\site-packages\django\db\backends\sqlite3\base.py", line 354, in execute
    return super().execute(query, params)
           ^^^^^^^^^^^^^^^^^^^^^^^^^^^^^^
django.db.utils.OperationalError: no such column: create_api_templatefile.description

2025-05-18 20:58:45,576 [DEBUG] core.loaders: [DB Loader][QUERY] SQL lookup for path: 'base.html' in database 'project_1'
2025-05-18 20:58:45,577 [DEBUG] core.loaders: [DB Loader][DB_CONN] Connection 'project_1' is usable
2025-05-18 20:58:45,577 [DEBUG] core.loaders: [DB Loader][SQL] Running: SELECT id, path, name FROM create_api_templatefile WHERE path = 'base.html'
2025-05-18 20:58:45,577 [DEBUG] core.loaders: [DB Loader][SQL] No results found
2025-05-18 20:58:45,578 [ERROR] core.loaders: [DB Loader][ERROR] Error querying database for path 'base.html': no such column: create_api_templatefile.description
2025-05-18 20:58:45,579 [ERROR] core.loaders: Traceback (most recent call last):
  File "C:\Users\yasse\OneDrive\Desktop\Pre-Coded\venv\Lib\site-packages\django\db\backends\utils.py", line 105, in _execute
    return self.cursor.execute(sql, params)
           ^^^^^^^^^^^^^^^^^^^^^^^^^^^^^^^^
  File "C:\Users\yasse\OneDrive\Desktop\Pre-Coded\venv\Lib\site-packages\django\db\backends\sqlite3\base.py", line 354, in execute
    return super().execute(query, params)
           ^^^^^^^^^^^^^^^^^^^^^^^^^^^^^^
sqlite3.OperationalError: no such column: create_api_templatefile.description

The above exception was the direct cause of the following exception:

Traceback (most recent call last):
  File "C:\Users\yasse\OneDrive\Desktop\Pre-Coded\api_generator\core\loaders.py", line 173, in _try_template_path
    template = TemplateFile.objects.using(db_alias).filter(path=path).first()
               ^^^^^^^^^^^^^^^^^^^^^^^^^^^^^^^^^^^^^^^^^^^^^^^^^^^^^^^^^^^^^^
  File "C:\Users\yasse\OneDrive\Desktop\Pre-Coded\venv\Lib\site-packages\django\db\models\query.py", line 1097, in first
    for obj in queryset[:1]:
  File "C:\Users\yasse\OneDrive\Desktop\Pre-Coded\venv\Lib\site-packages\django\db\models\query.py", line 400, in __iter__
    self._fetch_all()
  File "C:\Users\yasse\OneDrive\Desktop\Pre-Coded\venv\Lib\site-packages\django\db\models\query.py", line 1928, in _fetch_all
    self._result_cache = list(self._iterable_class(self))
                         ^^^^^^^^^^^^^^^^^^^^^^^^^^^^^^^^
  File "C:\Users\yasse\OneDrive\Desktop\Pre-Coded\venv\Lib\site-packages\django\db\models\query.py", line 91, in __iter__
    results = compiler.execute_sql(
              ^^^^^^^^^^^^^^^^^^^^^
  File "C:\Users\yasse\OneDrive\Desktop\Pre-Coded\venv\Lib\site-packages\django\db\models\sql\compiler.py", line 1574, in execute_sql
    cursor.execute(sql, params)
  File "C:\Users\yasse\OneDrive\Desktop\Pre-Coded\venv\Lib\site-packages\django\db\backends\utils.py", line 122, in execute
    return super().execute(sql, params)
           ^^^^^^^^^^^^^^^^^^^^^^^^^^^^
  File "C:\Users\yasse\OneDrive\Desktop\Pre-Coded\venv\Lib\site-packages\django\db\backends\utils.py", line 79, in execute
    return self._execute_with_wrappers(
           ^^^^^^^^^^^^^^^^^^^^^^^^^^^^
  File "C:\Users\yasse\OneDrive\Desktop\Pre-Coded\venv\Lib\site-packages\django\db\backends\utils.py", line 92, in _execute_with_wrappers
    return executor(sql, params, many, context)
           ^^^^^^^^^^^^^^^^^^^^^^^^^^^^^^^^^^^^
  File "C:\Users\yasse\OneDrive\Desktop\Pre-Coded\venv\Lib\site-packages\django\db\backends\utils.py", line 100, in _execute
    with self.db.wrap_database_errors:
  File "C:\Users\yasse\OneDrive\Desktop\Pre-Coded\venv\Lib\site-packages\django\db\utils.py", line 91, in __exit__
    raise dj_exc_value.with_traceback(traceback) from exc_value
  File "C:\Users\yasse\OneDrive\Desktop\Pre-Coded\venv\Lib\site-packages\django\db\backends\utils.py", line 105, in _execute
    return self.cursor.execute(sql, params)
           ^^^^^^^^^^^^^^^^^^^^^^^^^^^^^^^^
  File "C:\Users\yasse\OneDrive\Desktop\Pre-Coded\venv\Lib\site-packages\django\db\backends\sqlite3\base.py", line 354, in execute
    return super().execute(query, params)
           ^^^^^^^^^^^^^^^^^^^^^^^^^^^^^^
django.db.utils.OperationalError: no such column: create_api_templatefile.description

2025-05-18 20:58:45,583 [DEBUG] core.loaders: [DB Loader][PROJECT] Trying project-based lookup for project 1
2025-05-18 20:58:45,583 [DEBUG] core.loaders: [DB Loader][PROJECT] Searching project 1 templates by filename
2025-05-18 20:58:45,583 [DEBUG] core.loaders: [DB Loader][DB_CONN] Connection 'project_1' is usable
2025-05-18 20:58:45,583 [DEBUG] core.loaders: [DB Loader][PROJECT] Looking for filename: 'base.html'
2025-05-18 20:58:45,584 [DEBUG] core.loaders: [DB Loader][SQL] Running: SELECT id, path, name FROM create_api_templatefile WHERE project_id = 1
2025-05-18 20:58:45,584 [DEBUG] core.loaders: [DB Loader][SQL] Found 2 templates in project: [(1, 'templates/base.html', 'base.html'), (2, 'templates/feed.html', 'feed.html')]
2025-05-18 20:58:45,585 [ERROR] core.loaders: [DB Loader][PROJECT][ERROR] Error in project-based template search: no such column: create_api_templatefile.description
2025-05-18 20:58:45,586 [ERROR] core.loaders: Traceback (most recent call last):
  File "C:\Users\yasse\OneDrive\Desktop\Pre-Coded\venv\Lib\site-packages\django\db\backends\utils.py", line 105, in _execute
    return self.cursor.execute(sql, params)
           ^^^^^^^^^^^^^^^^^^^^^^^^^^^^^^^^
  File "C:\Users\yasse\OneDrive\Desktop\Pre-Coded\venv\Lib\site-packages\django\db\backends\sqlite3\base.py", line 354, in execute
    return super().execute(query, params)
           ^^^^^^^^^^^^^^^^^^^^^^^^^^^^^^
sqlite3.OperationalError: no such column: create_api_templatefile.description

The above exception was the direct cause of the following exception:

Traceback (most recent call last):
  File "C:\Users\yasse\OneDrive\Desktop\Pre-Coded\api_generator\core\loaders.py", line 227, in _try_project_templates
    templates = list(TemplateFile.objects.using(db_alias).filter(project_id=project_id))
                ^^^^^^^^^^^^^^^^^^^^^^^^^^^^^^^^^^^^^^^^^^^^^^^^^^^^^^^^^^^^^^^^^^^^^^^^
  File "C:\Users\yasse\OneDrive\Desktop\Pre-Coded\venv\Lib\site-packages\django\db\models\query.py", line 400, in __iter__
    self._fetch_all()
  File "C:\Users\yasse\OneDrive\Desktop\Pre-Coded\venv\Lib\site-packages\django\db\models\query.py", line 1928, in _fetch_all
    self._result_cache = list(self._iterable_class(self))
                         ^^^^^^^^^^^^^^^^^^^^^^^^^^^^^^^^
  File "C:\Users\yasse\OneDrive\Desktop\Pre-Coded\venv\Lib\site-packages\django\db\models\query.py", line 91, in __iter__
    results = compiler.execute_sql(
              ^^^^^^^^^^^^^^^^^^^^^
  File "C:\Users\yasse\OneDrive\Desktop\Pre-Coded\venv\Lib\site-packages\django\db\models\sql\compiler.py", line 1574, in execute_sql
    cursor.execute(sql, params)
  File "C:\Users\yasse\OneDrive\Desktop\Pre-Coded\venv\Lib\site-packages\django\db\backends\utils.py", line 122, in execute
    return super().execute(sql, params)
           ^^^^^^^^^^^^^^^^^^^^^^^^^^^^
  File "C:\Users\yasse\OneDrive\Desktop\Pre-Coded\venv\Lib\site-packages\django\db\backends\utils.py", line 79, in execute
    return self._execute_with_wrappers(
           ^^^^^^^^^^^^^^^^^^^^^^^^^^^^
  File "C:\Users\yasse\OneDrive\Desktop\Pre-Coded\venv\Lib\site-packages\django\db\backends\utils.py", line 92, in _execute_with_wrappers
    return executor(sql, params, many, context)
           ^^^^^^^^^^^^^^^^^^^^^^^^^^^^^^^^^^^^
  File "C:\Users\yasse\OneDrive\Desktop\Pre-Coded\venv\Lib\site-packages\django\db\backends\utils.py", line 100, in _execute
    with self.db.wrap_database_errors:
  File "C:\Users\yasse\OneDrive\Desktop\Pre-Coded\venv\Lib\site-packages\django\db\utils.py", line 91, in __exit__
    raise dj_exc_value.with_traceback(traceback) from exc_value
  File "C:\Users\yasse\OneDrive\Desktop\Pre-Coded\venv\Lib\site-packages\django\db\backends\utils.py", line 105, in _execute
    return self.cursor.execute(sql, params)
           ^^^^^^^^^^^^^^^^^^^^^^^^^^^^^^^^
  File "C:\Users\yasse\OneDrive\Desktop\Pre-Coded\venv\Lib\site-packages\django\db\backends\sqlite3\base.py", line 354, in execute
    return super().execute(query, params)
           ^^^^^^^^^^^^^^^^^^^^^^^^^^^^^^
django.db.utils.OperationalError: no such column: create_api_templatefile.description

2025-05-18 20:58:45,589 [DEBUG] core.loaders: [DB Loader][AUTO-CREATE] Attempting to create missing template 'templates/base.html'
2025-05-18 20:58:45,590 [DEBUG] core.loaders: [DB Loader][DB_CONN] Connection 'project_1' is usable
2025-05-18 20:58:45,590 [DEBUG] core.loaders: [DB Loader][CREATE] Creating template with path='templates/base.html', name='base.html'
2025-05-18 20:58:45,591 [ERROR] core.loaders: [DB Loader][CREATE][ERROR] Error creating template: no such table: create_api_project
2025-05-18 20:58:45,592 [ERROR] core.loaders: Traceback (most recent call last):
  File "C:\Users\yasse\OneDrive\Desktop\Pre-Coded\venv\Lib\site-packages\django\db\backends\utils.py", line 105, in _execute
    return self.cursor.execute(sql, params)
           ^^^^^^^^^^^^^^^^^^^^^^^^^^^^^^^^
  File "C:\Users\yasse\OneDrive\Desktop\Pre-Coded\venv\Lib\site-packages\django\db\backends\sqlite3\base.py", line 354, in execute
    return super().execute(query, params)
           ^^^^^^^^^^^^^^^^^^^^^^^^^^^^^^
sqlite3.OperationalError: no such table: create_api_project

The above exception was the direct cause of the following exception:

Traceback (most recent call last):
  File "C:\Users\yasse\OneDrive\Desktop\Pre-Coded\api_generator\core\loaders.py", line 490, in _create_template
    project = Project.objects.using(db_alias).get(id=project_id)
              ^^^^^^^^^^^^^^^^^^^^^^^^^^^^^^^^^^^^^^^^^^^^^^^^^^
  File "C:\Users\yasse\OneDrive\Desktop\Pre-Coded\venv\Lib\site-packages\django\db\models\query.py", line 645, in get
    num = len(clone)
          ^^^^^^^^^^
  File "C:\Users\yasse\OneDrive\Desktop\Pre-Coded\venv\Lib\site-packages\django\db\models\query.py", line 382, in __len__
    self._fetch_all()
  File "C:\Users\yasse\OneDrive\Desktop\Pre-Coded\venv\Lib\site-packages\django\db\models\query.py", line 1928, in _fetch_all
    self._result_cache = list(self._iterable_class(self))
                         ^^^^^^^^^^^^^^^^^^^^^^^^^^^^^^^^
  File "C:\Users\yasse\OneDrive\Desktop\Pre-Coded\venv\Lib\site-packages\django\db\models\query.py", line 91, in __iter__
    results = compiler.execute_sql(
              ^^^^^^^^^^^^^^^^^^^^^
  File "C:\Users\yasse\OneDrive\Desktop\Pre-Coded\venv\Lib\site-packages\django\db\models\sql\compiler.py", line 1574, in execute_sql
    cursor.execute(sql, params)
  File "C:\Users\yasse\OneDrive\Desktop\Pre-Coded\venv\Lib\site-packages\django\db\backends\utils.py", line 122, in execute
    return super().execute(sql, params)
           ^^^^^^^^^^^^^^^^^^^^^^^^^^^^
  File "C:\Users\yasse\OneDrive\Desktop\Pre-Coded\venv\Lib\site-packages\django\db\backends\utils.py", line 79, in execute
    return self._execute_with_wrappers(
           ^^^^^^^^^^^^^^^^^^^^^^^^^^^^
  File "C:\Users\yasse\OneDrive\Desktop\Pre-Coded\venv\Lib\site-packages\django\db\backends\utils.py", line 92, in _execute_with_wrappers
    return executor(sql, params, many, context)
           ^^^^^^^^^^^^^^^^^^^^^^^^^^^^^^^^^^^^
  File "C:\Users\yasse\OneDrive\Desktop\Pre-Coded\venv\Lib\site-packages\django\db\backends\utils.py", line 100, in _execute
    with self.db.wrap_database_errors:
  File "C:\Users\yasse\OneDrive\Desktop\Pre-Coded\venv\Lib\site-packages\django\db\utils.py", line 91, in __exit__
    raise dj_exc_value.with_traceback(traceback) from exc_value
  File "C:\Users\yasse\OneDrive\Desktop\Pre-Coded\venv\Lib\site-packages\django\db\backends\utils.py", line 105, in _execute
    return self.cursor.execute(sql, params)
           ^^^^^^^^^^^^^^^^^^^^^^^^^^^^^^^^
  File "C:\Users\yasse\OneDrive\Desktop\Pre-Coded\venv\Lib\site-packages\django\db\backends\sqlite3\base.py", line 354, in execute
    return super().execute(query, params)
           ^^^^^^^^^^^^^^^^^^^^^^^^^^^^^^
django.db.utils.OperationalError: no such table: create_api_project

2025-05-18 20:58:45,595 [WARNING] core.loaders: [DB Loader][FAILED] Template 'templates/base.html' not found after all attempts
2025-05-18 20:58:45,596 [DEBUG] core.loaders: [DB Loader][AVAILABLE] 2 templates in database for project 1
2025-05-18 20:58:45,597 [ERROR] core.loaders: [DB Loader][ERROR] Failed to list available templates: no such column: create_api_templatefile.description
2025-05-18 20:58:45,598 [WARNING] template_debugger: get_template_sources found no sources for 'templates/base.html'
2025-05-18 20:58:45,598 [DEBUG] core.loaders: [DB Loader][START] Template lookup for: 'templates/base.html'
2025-05-18 20:58:45,598 [DEBUG] core.loaders: [DB Loader][CALL STACK] ['  File "C:\\Users\\yasse\\OneDrive\\Desktop\\Pre-Coded\\api_generator\\debug_template_loader.py", line 541, in main\n    test_template_loader(project_id)\n', '  File "C:\\Users\\yasse\\OneDrive\\Desktop\\Pre-Coded\\api_generator\\debug_template_loader.py", line 370, in test_template_loader\n    sources = list(loader.get_template_sources(template_name))\n']
2025-05-18 20:58:45,599 [DEBUG] core.thread_local: [Thread Local][GET] db_alias = project_1
2025-05-18 20:58:45,599 [DEBUG] core.loaders: [DB Loader][DB_ALIAS] Using database alias: 'project_1'
2025-05-18 20:58:45,599 [DEBUG] core.thread_local: [Thread Local][GET] project_id = 1
2025-05-18 20:58:45,599 [DEBUG] core.loaders: [DB Loader][DB_CONN] Connection 'project_1' is usable
2025-05-18 20:58:45,600 [DEBUG] core.loaders: [DB Loader][CONTEXT] {"project_id": 1, "db_alias": "project_1", "connection_id": "debug-1747591125", "ws_context": true, "template_name": "templates/base.html", "active_connections": "['default', 'project_1']", "thread_id": 2069757272976}
2025-05-18 20:58:45,600 [DEBUG] core.thread_local: [Thread Local][GET] project_id = 1
2025-05-18 20:58:45,600 [DEBUG] core.loaders: [DB Loader][QUERY] Trying exact path match for 'templates/base.html'
2025-05-18 20:58:45,601 [DEBUG] core.loaders: [DB Loader][QUERY] SQL lookup for path: 'templates/base.html' in database 'project_1'
2025-05-18 20:58:45,601 [DEBUG] core.loaders: [DB Loader][DB_CONN] Connection 'project_1' is usable
2025-05-18 20:58:45,601 [DEBUG] core.loaders: [DB Loader][SQL] Running: SELECT id, path, name FROM create_api_templatefile WHERE path = 'templates/base.html'
2025-05-18 20:58:45,602 [DEBUG] core.loaders: [DB Loader][SQL] Found 1 results: [(1, 'templates/base.html', 'base.html')]
2025-05-18 20:58:45,604 [ERROR] core.loaders: [DB Loader][ERROR] Error querying database for path 'templates/base.html': no such column: create_api_templatefile.description
2025-05-18 20:58:45,606 [ERROR] core.loaders: Traceback (most recent call last):
  File "C:\Users\yasse\OneDrive\Desktop\Pre-Coded\venv\Lib\site-packages\django\db\backends\utils.py", line 105, in _execute
    return self.cursor.execute(sql, params)
           ^^^^^^^^^^^^^^^^^^^^^^^^^^^^^^^^
  File "C:\Users\yasse\OneDrive\Desktop\Pre-Coded\venv\Lib\site-packages\django\db\backends\sqlite3\base.py", line 354, in execute
    return super().execute(query, params)
           ^^^^^^^^^^^^^^^^^^^^^^^^^^^^^^
sqlite3.OperationalError: no such column: create_api_templatefile.description

The above exception was the direct cause of the following exception:

Traceback (most recent call last):
  File "C:\Users\yasse\OneDrive\Desktop\Pre-Coded\api_generator\core\loaders.py", line 173, in _try_template_path
    template = TemplateFile.objects.using(db_alias).filter(path=path).first()
               ^^^^^^^^^^^^^^^^^^^^^^^^^^^^^^^^^^^^^^^^^^^^^^^^^^^^^^^^^^^^^^
  File "C:\Users\yasse\OneDrive\Desktop\Pre-Coded\venv\Lib\site-packages\django\db\models\query.py", line 1097, in first
    for obj in queryset[:1]:
  File "C:\Users\yasse\OneDrive\Desktop\Pre-Coded\venv\Lib\site-packages\django\db\models\query.py", line 400, in __iter__
    self._fetch_all()
  File "C:\Users\yasse\OneDrive\Desktop\Pre-Coded\venv\Lib\site-packages\django\db\models\query.py", line 1928, in _fetch_all
    self._result_cache = list(self._iterable_class(self))
                         ^^^^^^^^^^^^^^^^^^^^^^^^^^^^^^^^
  File "C:\Users\yasse\OneDrive\Desktop\Pre-Coded\venv\Lib\site-packages\django\db\models\query.py", line 91, in __iter__
    results = compiler.execute_sql(
              ^^^^^^^^^^^^^^^^^^^^^
  File "C:\Users\yasse\OneDrive\Desktop\Pre-Coded\venv\Lib\site-packages\django\db\models\sql\compiler.py", line 1574, in execute_sql
    cursor.execute(sql, params)
  File "C:\Users\yasse\OneDrive\Desktop\Pre-Coded\venv\Lib\site-packages\django\db\backends\utils.py", line 122, in execute
    return super().execute(sql, params)
           ^^^^^^^^^^^^^^^^^^^^^^^^^^^^
  File "C:\Users\yasse\OneDrive\Desktop\Pre-Coded\venv\Lib\site-packages\django\db\backends\utils.py", line 79, in execute
    return self._execute_with_wrappers(
           ^^^^^^^^^^^^^^^^^^^^^^^^^^^^
  File "C:\Users\yasse\OneDrive\Desktop\Pre-Coded\venv\Lib\site-packages\django\db\backends\utils.py", line 92, in _execute_with_wrappers
    return executor(sql, params, many, context)
           ^^^^^^^^^^^^^^^^^^^^^^^^^^^^^^^^^^^^
  File "C:\Users\yasse\OneDrive\Desktop\Pre-Coded\venv\Lib\site-packages\django\db\backends\utils.py", line 100, in _execute
    with self.db.wrap_database_errors:
  File "C:\Users\yasse\OneDrive\Desktop\Pre-Coded\venv\Lib\site-packages\django\db\utils.py", line 91, in __exit__
    raise dj_exc_value.with_traceback(traceback) from exc_value
  File "C:\Users\yasse\OneDrive\Desktop\Pre-Coded\venv\Lib\site-packages\django\db\backends\utils.py", line 105, in _execute
    return self.cursor.execute(sql, params)
           ^^^^^^^^^^^^^^^^^^^^^^^^^^^^^^^^
  File "C:\Users\yasse\OneDrive\Desktop\Pre-Coded\venv\Lib\site-packages\django\db\backends\sqlite3\base.py", line 354, in execute
    return super().execute(query, params)
           ^^^^^^^^^^^^^^^^^^^^^^^^^^^^^^
django.db.utils.OperationalError: no such column: create_api_templatefile.description

2025-05-18 20:58:45,610 [DEBUG] core.loaders: [DB Loader][NORMALIZE] Trying normalized paths: ['templates/base.html', 'templates/templates/base.html', 'base.html', 'base.html']
2025-05-18 20:58:45,611 [DEBUG] core.loaders: [DB Loader][QUERY] SQL lookup for path: 'templates/base.html' in database 'project_1'
2025-05-18 20:58:45,611 [DEBUG] core.loaders: [DB Loader][DB_CONN] Connection 'project_1' is usable
2025-05-18 20:58:45,611 [DEBUG] core.loaders: [DB Loader][SQL] Running: SELECT id, path, name FROM create_api_templatefile WHERE path = 'templates/base.html'
2025-05-18 20:58:45,611 [DEBUG] core.loaders: [DB Loader][SQL] Found 1 results: [(1, 'templates/base.html', 'base.html')]
2025-05-18 20:58:45,612 [ERROR] core.loaders: [DB Loader][ERROR] Error querying database for path 'templates/base.html': no such column: create_api_templatefile.description
2025-05-18 20:58:45,613 [ERROR] core.loaders: Traceback (most recent call last):
  File "C:\Users\yasse\OneDrive\Desktop\Pre-Coded\venv\Lib\site-packages\django\db\backends\utils.py", line 105, in _execute
    return self.cursor.execute(sql, params)
           ^^^^^^^^^^^^^^^^^^^^^^^^^^^^^^^^
  File "C:\Users\yasse\OneDrive\Desktop\Pre-Coded\venv\Lib\site-packages\django\db\backends\sqlite3\base.py", line 354, in execute
    return super().execute(query, params)
           ^^^^^^^^^^^^^^^^^^^^^^^^^^^^^^
sqlite3.OperationalError: no such column: create_api_templatefile.description

The above exception was the direct cause of the following exception:

Traceback (most recent call last):
  File "C:\Users\yasse\OneDrive\Desktop\Pre-Coded\api_generator\core\loaders.py", line 173, in _try_template_path
    template = TemplateFile.objects.using(db_alias).filter(path=path).first()
               ^^^^^^^^^^^^^^^^^^^^^^^^^^^^^^^^^^^^^^^^^^^^^^^^^^^^^^^^^^^^^^
  File "C:\Users\yasse\OneDrive\Desktop\Pre-Coded\venv\Lib\site-packages\django\db\models\query.py", line 1097, in first
    for obj in queryset[:1]:
  File "C:\Users\yasse\OneDrive\Desktop\Pre-Coded\venv\Lib\site-packages\django\db\models\query.py", line 400, in __iter__
    self._fetch_all()
  File "C:\Users\yasse\OneDrive\Desktop\Pre-Coded\venv\Lib\site-packages\django\db\models\query.py", line 1928, in _fetch_all
    self._result_cache = list(self._iterable_class(self))
                         ^^^^^^^^^^^^^^^^^^^^^^^^^^^^^^^^
  File "C:\Users\yasse\OneDrive\Desktop\Pre-Coded\venv\Lib\site-packages\django\db\models\query.py", line 91, in __iter__
    results = compiler.execute_sql(
              ^^^^^^^^^^^^^^^^^^^^^
  File "C:\Users\yasse\OneDrive\Desktop\Pre-Coded\venv\Lib\site-packages\django\db\models\sql\compiler.py", line 1574, in execute_sql
    cursor.execute(sql, params)
  File "C:\Users\yasse\OneDrive\Desktop\Pre-Coded\venv\Lib\site-packages\django\db\backends\utils.py", line 122, in execute
    return super().execute(sql, params)
           ^^^^^^^^^^^^^^^^^^^^^^^^^^^^
  File "C:\Users\yasse\OneDrive\Desktop\Pre-Coded\venv\Lib\site-packages\django\db\backends\utils.py", line 79, in execute
    return self._execute_with_wrappers(
           ^^^^^^^^^^^^^^^^^^^^^^^^^^^^
  File "C:\Users\yasse\OneDrive\Desktop\Pre-Coded\venv\Lib\site-packages\django\db\backends\utils.py", line 92, in _execute_with_wrappers
    return executor(sql, params, many, context)
           ^^^^^^^^^^^^^^^^^^^^^^^^^^^^^^^^^^^^
  File "C:\Users\yasse\OneDrive\Desktop\Pre-Coded\venv\Lib\site-packages\django\db\backends\utils.py", line 100, in _execute
    with self.db.wrap_database_errors:
  File "C:\Users\yasse\OneDrive\Desktop\Pre-Coded\venv\Lib\site-packages\django\db\utils.py", line 91, in __exit__
    raise dj_exc_value.with_traceback(traceback) from exc_value
  File "C:\Users\yasse\OneDrive\Desktop\Pre-Coded\venv\Lib\site-packages\django\db\backends\utils.py", line 105, in _execute
    return self.cursor.execute(sql, params)
           ^^^^^^^^^^^^^^^^^^^^^^^^^^^^^^^^
  File "C:\Users\yasse\OneDrive\Desktop\Pre-Coded\venv\Lib\site-packages\django\db\backends\sqlite3\base.py", line 354, in execute
    return super().execute(query, params)
           ^^^^^^^^^^^^^^^^^^^^^^^^^^^^^^
django.db.utils.OperationalError: no such column: create_api_templatefile.description

2025-05-18 20:58:45,617 [DEBUG] core.loaders: [DB Loader][QUERY] SQL lookup for path: 'templates/templates/base.html' in database 'project_1'
2025-05-18 20:58:45,618 [DEBUG] core.loaders: [DB Loader][DB_CONN] Connection 'project_1' is usable
2025-05-18 20:58:45,618 [DEBUG] core.loaders: [DB Loader][SQL] Running: SELECT id, path, name FROM create_api_templatefile WHERE path = 'templates/templates/base.html'
2025-05-18 20:58:45,618 [DEBUG] core.loaders: [DB Loader][SQL] No results found
2025-05-18 20:58:45,619 [ERROR] core.loaders: [DB Loader][ERROR] Error querying database for path 'templates/templates/base.html': no such column: create_api_templatefile.description
2025-05-18 20:58:45,621 [ERROR] core.loaders: Traceback (most recent call last):
  File "C:\Users\yasse\OneDrive\Desktop\Pre-Coded\venv\Lib\site-packages\django\db\backends\utils.py", line 105, in _execute
    return self.cursor.execute(sql, params)
           ^^^^^^^^^^^^^^^^^^^^^^^^^^^^^^^^
  File "C:\Users\yasse\OneDrive\Desktop\Pre-Coded\venv\Lib\site-packages\django\db\backends\sqlite3\base.py", line 354, in execute
    return super().execute(query, params)
           ^^^^^^^^^^^^^^^^^^^^^^^^^^^^^^
sqlite3.OperationalError: no such column: create_api_templatefile.description

The above exception was the direct cause of the following exception:

Traceback (most recent call last):
  File "C:\Users\yasse\OneDrive\Desktop\Pre-Coded\api_generator\core\loaders.py", line 173, in _try_template_path
    template = TemplateFile.objects.using(db_alias).filter(path=path).first()
               ^^^^^^^^^^^^^^^^^^^^^^^^^^^^^^^^^^^^^^^^^^^^^^^^^^^^^^^^^^^^^^
  File "C:\Users\yasse\OneDrive\Desktop\Pre-Coded\venv\Lib\site-packages\django\db\models\query.py", line 1097, in first
    for obj in queryset[:1]:
  File "C:\Users\yasse\OneDrive\Desktop\Pre-Coded\venv\Lib\site-packages\django\db\models\query.py", line 400, in __iter__
    self._fetch_all()
  File "C:\Users\yasse\OneDrive\Desktop\Pre-Coded\venv\Lib\site-packages\django\db\models\query.py", line 1928, in _fetch_all
    self._result_cache = list(self._iterable_class(self))
                         ^^^^^^^^^^^^^^^^^^^^^^^^^^^^^^^^
  File "C:\Users\yasse\OneDrive\Desktop\Pre-Coded\venv\Lib\site-packages\django\db\models\query.py", line 91, in __iter__
    results = compiler.execute_sql(
              ^^^^^^^^^^^^^^^^^^^^^
  File "C:\Users\yasse\OneDrive\Desktop\Pre-Coded\venv\Lib\site-packages\django\db\models\sql\compiler.py", line 1574, in execute_sql
    cursor.execute(sql, params)
  File "C:\Users\yasse\OneDrive\Desktop\Pre-Coded\venv\Lib\site-packages\django\db\backends\utils.py", line 122, in execute
    return super().execute(sql, params)
           ^^^^^^^^^^^^^^^^^^^^^^^^^^^^
  File "C:\Users\yasse\OneDrive\Desktop\Pre-Coded\venv\Lib\site-packages\django\db\backends\utils.py", line 79, in execute
    return self._execute_with_wrappers(
           ^^^^^^^^^^^^^^^^^^^^^^^^^^^^
  File "C:\Users\yasse\OneDrive\Desktop\Pre-Coded\venv\Lib\site-packages\django\db\backends\utils.py", line 92, in _execute_with_wrappers
    return executor(sql, params, many, context)
           ^^^^^^^^^^^^^^^^^^^^^^^^^^^^^^^^^^^^
  File "C:\Users\yasse\OneDrive\Desktop\Pre-Coded\venv\Lib\site-packages\django\db\backends\utils.py", line 100, in _execute
    with self.db.wrap_database_errors:
  File "C:\Users\yasse\OneDrive\Desktop\Pre-Coded\venv\Lib\site-packages\django\db\utils.py", line 91, in __exit__
    raise dj_exc_value.with_traceback(traceback) from exc_value
  File "C:\Users\yasse\OneDrive\Desktop\Pre-Coded\venv\Lib\site-packages\django\db\backends\utils.py", line 105, in _execute
    return self.cursor.execute(sql, params)
           ^^^^^^^^^^^^^^^^^^^^^^^^^^^^^^^^
  File "C:\Users\yasse\OneDrive\Desktop\Pre-Coded\venv\Lib\site-packages\django\db\backends\sqlite3\base.py", line 354, in execute
    return super().execute(query, params)
           ^^^^^^^^^^^^^^^^^^^^^^^^^^^^^^
django.db.utils.OperationalError: no such column: create_api_templatefile.description

2025-05-18 20:58:45,625 [DEBUG] core.loaders: [DB Loader][QUERY] SQL lookup for path: 'base.html' in database 'project_1'
2025-05-18 20:58:45,625 [DEBUG] core.loaders: [DB Loader][DB_CONN] Connection 'project_1' is usable
2025-05-18 20:58:45,625 [DEBUG] core.loaders: [DB Loader][SQL] Running: SELECT id, path, name FROM create_api_templatefile WHERE path = 'base.html'
2025-05-18 20:58:45,625 [DEBUG] core.loaders: [DB Loader][SQL] No results found
2025-05-18 20:58:45,626 [ERROR] core.loaders: [DB Loader][ERROR] Error querying database for path 'base.html': no such column: create_api_templatefile.description
2025-05-18 20:58:45,627 [ERROR] core.loaders: Traceback (most recent call last):
  File "C:\Users\yasse\OneDrive\Desktop\Pre-Coded\venv\Lib\site-packages\django\db\backends\utils.py", line 105, in _execute
    return self.cursor.execute(sql, params)
           ^^^^^^^^^^^^^^^^^^^^^^^^^^^^^^^^
  File "C:\Users\yasse\OneDrive\Desktop\Pre-Coded\venv\Lib\site-packages\django\db\backends\sqlite3\base.py", line 354, in execute
    return super().execute(query, params)
           ^^^^^^^^^^^^^^^^^^^^^^^^^^^^^^
sqlite3.OperationalError: no such column: create_api_templatefile.description

The above exception was the direct cause of the following exception:

Traceback (most recent call last):
  File "C:\Users\yasse\OneDrive\Desktop\Pre-Coded\api_generator\core\loaders.py", line 173, in _try_template_path
    template = TemplateFile.objects.using(db_alias).filter(path=path).first()
               ^^^^^^^^^^^^^^^^^^^^^^^^^^^^^^^^^^^^^^^^^^^^^^^^^^^^^^^^^^^^^^
  File "C:\Users\yasse\OneDrive\Desktop\Pre-Coded\venv\Lib\site-packages\django\db\models\query.py", line 1097, in first
    for obj in queryset[:1]:
  File "C:\Users\yasse\OneDrive\Desktop\Pre-Coded\venv\Lib\site-packages\django\db\models\query.py", line 400, in __iter__
    self._fetch_all()
  File "C:\Users\yasse\OneDrive\Desktop\Pre-Coded\venv\Lib\site-packages\django\db\models\query.py", line 1928, in _fetch_all
    self._result_cache = list(self._iterable_class(self))
                         ^^^^^^^^^^^^^^^^^^^^^^^^^^^^^^^^
  File "C:\Users\yasse\OneDrive\Desktop\Pre-Coded\venv\Lib\site-packages\django\db\models\query.py", line 91, in __iter__
    results = compiler.execute_sql(
              ^^^^^^^^^^^^^^^^^^^^^
  File "C:\Users\yasse\OneDrive\Desktop\Pre-Coded\venv\Lib\site-packages\django\db\models\sql\compiler.py", line 1574, in execute_sql
    cursor.execute(sql, params)
  File "C:\Users\yasse\OneDrive\Desktop\Pre-Coded\venv\Lib\site-packages\django\db\backends\utils.py", line 122, in execute
    return super().execute(sql, params)
           ^^^^^^^^^^^^^^^^^^^^^^^^^^^^
  File "C:\Users\yasse\OneDrive\Desktop\Pre-Coded\venv\Lib\site-packages\django\db\backends\utils.py", line 79, in execute
    return self._execute_with_wrappers(
           ^^^^^^^^^^^^^^^^^^^^^^^^^^^^
  File "C:\Users\yasse\OneDrive\Desktop\Pre-Coded\venv\Lib\site-packages\django\db\backends\utils.py", line 92, in _execute_with_wrappers
    return executor(sql, params, many, context)
           ^^^^^^^^^^^^^^^^^^^^^^^^^^^^^^^^^^^^
  File "C:\Users\yasse\OneDrive\Desktop\Pre-Coded\venv\Lib\site-packages\django\db\backends\utils.py", line 100, in _execute
    with self.db.wrap_database_errors:
  File "C:\Users\yasse\OneDrive\Desktop\Pre-Coded\venv\Lib\site-packages\django\db\utils.py", line 91, in __exit__
    raise dj_exc_value.with_traceback(traceback) from exc_value
  File "C:\Users\yasse\OneDrive\Desktop\Pre-Coded\venv\Lib\site-packages\django\db\backends\utils.py", line 105, in _execute
    return self.cursor.execute(sql, params)
           ^^^^^^^^^^^^^^^^^^^^^^^^^^^^^^^^
  File "C:\Users\yasse\OneDrive\Desktop\Pre-Coded\venv\Lib\site-packages\django\db\backends\sqlite3\base.py", line 354, in execute
    return super().execute(query, params)
           ^^^^^^^^^^^^^^^^^^^^^^^^^^^^^^
django.db.utils.OperationalError: no such column: create_api_templatefile.description

2025-05-18 20:58:45,631 [DEBUG] core.loaders: [DB Loader][QUERY] SQL lookup for path: 'base.html' in database 'project_1'
2025-05-18 20:58:45,631 [DEBUG] core.loaders: [DB Loader][DB_CONN] Connection 'project_1' is usable
2025-05-18 20:58:45,632 [DEBUG] core.loaders: [DB Loader][SQL] Running: SELECT id, path, name FROM create_api_templatefile WHERE path = 'base.html'
2025-05-18 20:58:45,632 [DEBUG] core.loaders: [DB Loader][SQL] No results found
2025-05-18 20:58:45,633 [ERROR] core.loaders: [DB Loader][ERROR] Error querying database for path 'base.html': no such column: create_api_templatefile.description
2025-05-18 20:58:45,634 [ERROR] core.loaders: Traceback (most recent call last):
  File "C:\Users\yasse\OneDrive\Desktop\Pre-Coded\venv\Lib\site-packages\django\db\backends\utils.py", line 105, in _execute
    return self.cursor.execute(sql, params)
           ^^^^^^^^^^^^^^^^^^^^^^^^^^^^^^^^
  File "C:\Users\yasse\OneDrive\Desktop\Pre-Coded\venv\Lib\site-packages\django\db\backends\sqlite3\base.py", line 354, in execute
    return super().execute(query, params)
           ^^^^^^^^^^^^^^^^^^^^^^^^^^^^^^
sqlite3.OperationalError: no such column: create_api_templatefile.description

The above exception was the direct cause of the following exception:

Traceback (most recent call last):
  File "C:\Users\yasse\OneDrive\Desktop\Pre-Coded\api_generator\core\loaders.py", line 173, in _try_template_path
    template = TemplateFile.objects.using(db_alias).filter(path=path).first()
               ^^^^^^^^^^^^^^^^^^^^^^^^^^^^^^^^^^^^^^^^^^^^^^^^^^^^^^^^^^^^^^
  File "C:\Users\yasse\OneDrive\Desktop\Pre-Coded\venv\Lib\site-packages\django\db\models\query.py", line 1097, in first
    for obj in queryset[:1]:
  File "C:\Users\yasse\OneDrive\Desktop\Pre-Coded\venv\Lib\site-packages\django\db\models\query.py", line 400, in __iter__
    self._fetch_all()
  File "C:\Users\yasse\OneDrive\Desktop\Pre-Coded\venv\Lib\site-packages\django\db\models\query.py", line 1928, in _fetch_all
    self._result_cache = list(self._iterable_class(self))
                         ^^^^^^^^^^^^^^^^^^^^^^^^^^^^^^^^
  File "C:\Users\yasse\OneDrive\Desktop\Pre-Coded\venv\Lib\site-packages\django\db\models\query.py", line 91, in __iter__
    results = compiler.execute_sql(
              ^^^^^^^^^^^^^^^^^^^^^
  File "C:\Users\yasse\OneDrive\Desktop\Pre-Coded\venv\Lib\site-packages\django\db\models\sql\compiler.py", line 1574, in execute_sql
    cursor.execute(sql, params)
  File "C:\Users\yasse\OneDrive\Desktop\Pre-Coded\venv\Lib\site-packages\django\db\backends\utils.py", line 122, in execute
    return super().execute(sql, params)
           ^^^^^^^^^^^^^^^^^^^^^^^^^^^^
  File "C:\Users\yasse\OneDrive\Desktop\Pre-Coded\venv\Lib\site-packages\django\db\backends\utils.py", line 79, in execute
    return self._execute_with_wrappers(
           ^^^^^^^^^^^^^^^^^^^^^^^^^^^^
  File "C:\Users\yasse\OneDrive\Desktop\Pre-Coded\venv\Lib\site-packages\django\db\backends\utils.py", line 92, in _execute_with_wrappers
    return executor(sql, params, many, context)
           ^^^^^^^^^^^^^^^^^^^^^^^^^^^^^^^^^^^^
  File "C:\Users\yasse\OneDrive\Desktop\Pre-Coded\venv\Lib\site-packages\django\db\backends\utils.py", line 100, in _execute
    with self.db.wrap_database_errors:
  File "C:\Users\yasse\OneDrive\Desktop\Pre-Coded\venv\Lib\site-packages\django\db\utils.py", line 91, in __exit__
    raise dj_exc_value.with_traceback(traceback) from exc_value
  File "C:\Users\yasse\OneDrive\Desktop\Pre-Coded\venv\Lib\site-packages\django\db\backends\utils.py", line 105, in _execute
    return self.cursor.execute(sql, params)
           ^^^^^^^^^^^^^^^^^^^^^^^^^^^^^^^^
  File "C:\Users\yasse\OneDrive\Desktop\Pre-Coded\venv\Lib\site-packages\django\db\backends\sqlite3\base.py", line 354, in execute
    return super().execute(query, params)
           ^^^^^^^^^^^^^^^^^^^^^^^^^^^^^^
django.db.utils.OperationalError: no such column: create_api_templatefile.description

2025-05-18 20:58:45,637 [DEBUG] core.loaders: [DB Loader][PROJECT] Trying project-based lookup for project 1
2025-05-18 20:58:45,637 [DEBUG] core.loaders: [DB Loader][PROJECT] Searching project 1 templates by filename
2025-05-18 20:58:45,638 [DEBUG] core.loaders: [DB Loader][DB_CONN] Connection 'project_1' is usable
2025-05-18 20:58:45,638 [DEBUG] core.loaders: [DB Loader][PROJECT] Looking for filename: 'base.html'
2025-05-18 20:58:45,638 [DEBUG] core.loaders: [DB Loader][SQL] Running: SELECT id, path, name FROM create_api_templatefile WHERE project_id = 1
2025-05-18 20:58:45,638 [DEBUG] core.loaders: [DB Loader][SQL] Found 2 templates in project: [(1, 'templates/base.html', 'base.html'), (2, 'templates/feed.html', 'feed.html')]
2025-05-18 20:58:45,639 [ERROR] core.loaders: [DB Loader][PROJECT][ERROR] Error in project-based template search: no such column: create_api_templatefile.description
2025-05-18 20:58:45,640 [ERROR] core.loaders: Traceback (most recent call last):
  File "C:\Users\yasse\OneDrive\Desktop\Pre-Coded\venv\Lib\site-packages\django\db\backends\utils.py", line 105, in _execute
    return self.cursor.execute(sql, params)
           ^^^^^^^^^^^^^^^^^^^^^^^^^^^^^^^^
  File "C:\Users\yasse\OneDrive\Desktop\Pre-Coded\venv\Lib\site-packages\django\db\backends\sqlite3\base.py", line 354, in execute
    return super().execute(query, params)
           ^^^^^^^^^^^^^^^^^^^^^^^^^^^^^^
sqlite3.OperationalError: no such column: create_api_templatefile.description

The above exception was the direct cause of the following exception:

Traceback (most recent call last):
  File "C:\Users\yasse\OneDrive\Desktop\Pre-Coded\api_generator\core\loaders.py", line 227, in _try_project_templates
    templates = list(TemplateFile.objects.using(db_alias).filter(project_id=project_id))
                ^^^^^^^^^^^^^^^^^^^^^^^^^^^^^^^^^^^^^^^^^^^^^^^^^^^^^^^^^^^^^^^^^^^^^^^^
  File "C:\Users\yasse\OneDrive\Desktop\Pre-Coded\venv\Lib\site-packages\django\db\models\query.py", line 400, in __iter__
    self._fetch_all()
  File "C:\Users\yasse\OneDrive\Desktop\Pre-Coded\venv\Lib\site-packages\django\db\models\query.py", line 1928, in _fetch_all
    self._result_cache = list(self._iterable_class(self))
                         ^^^^^^^^^^^^^^^^^^^^^^^^^^^^^^^^
  File "C:\Users\yasse\OneDrive\Desktop\Pre-Coded\venv\Lib\site-packages\django\db\models\query.py", line 91, in __iter__
    results = compiler.execute_sql(
              ^^^^^^^^^^^^^^^^^^^^^
  File "C:\Users\yasse\OneDrive\Desktop\Pre-Coded\venv\Lib\site-packages\django\db\models\sql\compiler.py", line 1574, in execute_sql
    cursor.execute(sql, params)
  File "C:\Users\yasse\OneDrive\Desktop\Pre-Coded\venv\Lib\site-packages\django\db\backends\utils.py", line 122, in execute
    return super().execute(sql, params)
           ^^^^^^^^^^^^^^^^^^^^^^^^^^^^
  File "C:\Users\yasse\OneDrive\Desktop\Pre-Coded\venv\Lib\site-packages\django\db\backends\utils.py", line 79, in execute
    return self._execute_with_wrappers(
           ^^^^^^^^^^^^^^^^^^^^^^^^^^^^
  File "C:\Users\yasse\OneDrive\Desktop\Pre-Coded\venv\Lib\site-packages\django\db\backends\utils.py", line 92, in _execute_with_wrappers
    return executor(sql, params, many, context)
           ^^^^^^^^^^^^^^^^^^^^^^^^^^^^^^^^^^^^
  File "C:\Users\yasse\OneDrive\Desktop\Pre-Coded\venv\Lib\site-packages\django\db\backends\utils.py", line 100, in _execute
    with self.db.wrap_database_errors:
  File "C:\Users\yasse\OneDrive\Desktop\Pre-Coded\venv\Lib\site-packages\django\db\utils.py", line 91, in __exit__
    raise dj_exc_value.with_traceback(traceback) from exc_value
  File "C:\Users\yasse\OneDrive\Desktop\Pre-Coded\venv\Lib\site-packages\django\db\backends\utils.py", line 105, in _execute
    return self.cursor.execute(sql, params)
           ^^^^^^^^^^^^^^^^^^^^^^^^^^^^^^^^
  File "C:\Users\yasse\OneDrive\Desktop\Pre-Coded\venv\Lib\site-packages\django\db\backends\sqlite3\base.py", line 354, in execute
    return super().execute(query, params)
           ^^^^^^^^^^^^^^^^^^^^^^^^^^^^^^
django.db.utils.OperationalError: no such column: create_api_templatefile.description

2025-05-18 20:58:45,643 [DEBUG] core.loaders: [DB Loader][AUTO-CREATE] Attempting to create missing template 'templates/base.html'
2025-05-18 20:58:45,643 [DEBUG] core.loaders: [DB Loader][DB_CONN] Connection 'project_1' is usable
2025-05-18 20:58:45,643 [DEBUG] core.loaders: [DB Loader][CREATE] Creating template with path='templates/base.html', name='base.html'
2025-05-18 20:58:45,645 [ERROR] core.loaders: [DB Loader][CREATE][ERROR] Error creating template: no such table: create_api_project
2025-05-18 20:58:45,646 [ERROR] core.loaders: Traceback (most recent call last):
  File "C:\Users\yasse\OneDrive\Desktop\Pre-Coded\venv\Lib\site-packages\django\db\backends\utils.py", line 105, in _execute
    return self.cursor.execute(sql, params)
           ^^^^^^^^^^^^^^^^^^^^^^^^^^^^^^^^
  File "C:\Users\yasse\OneDrive\Desktop\Pre-Coded\venv\Lib\site-packages\django\db\backends\sqlite3\base.py", line 354, in execute
    return super().execute(query, params)
           ^^^^^^^^^^^^^^^^^^^^^^^^^^^^^^
sqlite3.OperationalError: no such table: create_api_project

The above exception was the direct cause of the following exception:

Traceback (most recent call last):
  File "C:\Users\yasse\OneDrive\Desktop\Pre-Coded\api_generator\core\loaders.py", line 490, in _create_template
    project = Project.objects.using(db_alias).get(id=project_id)
              ^^^^^^^^^^^^^^^^^^^^^^^^^^^^^^^^^^^^^^^^^^^^^^^^^^
  File "C:\Users\yasse\OneDrive\Desktop\Pre-Coded\venv\Lib\site-packages\django\db\models\query.py", line 645, in get
    num = len(clone)
          ^^^^^^^^^^
  File "C:\Users\yasse\OneDrive\Desktop\Pre-Coded\venv\Lib\site-packages\django\db\models\query.py", line 382, in __len__
    self._fetch_all()
  File "C:\Users\yasse\OneDrive\Desktop\Pre-Coded\venv\Lib\site-packages\django\db\models\query.py", line 1928, in _fetch_all
    self._result_cache = list(self._iterable_class(self))
                         ^^^^^^^^^^^^^^^^^^^^^^^^^^^^^^^^
  File "C:\Users\yasse\OneDrive\Desktop\Pre-Coded\venv\Lib\site-packages\django\db\models\query.py", line 91, in __iter__
    results = compiler.execute_sql(
              ^^^^^^^^^^^^^^^^^^^^^
  File "C:\Users\yasse\OneDrive\Desktop\Pre-Coded\venv\Lib\site-packages\django\db\models\sql\compiler.py", line 1574, in execute_sql
    cursor.execute(sql, params)
  File "C:\Users\yasse\OneDrive\Desktop\Pre-Coded\venv\Lib\site-packages\django\db\backends\utils.py", line 122, in execute
    return super().execute(sql, params)
           ^^^^^^^^^^^^^^^^^^^^^^^^^^^^
  File "C:\Users\yasse\OneDrive\Desktop\Pre-Coded\venv\Lib\site-packages\django\db\backends\utils.py", line 79, in execute
    return self._execute_with_wrappers(
           ^^^^^^^^^^^^^^^^^^^^^^^^^^^^
  File "C:\Users\yasse\OneDrive\Desktop\Pre-Coded\venv\Lib\site-packages\django\db\backends\utils.py", line 92, in _execute_with_wrappers
    return executor(sql, params, many, context)
           ^^^^^^^^^^^^^^^^^^^^^^^^^^^^^^^^^^^^
  File "C:\Users\yasse\OneDrive\Desktop\Pre-Coded\venv\Lib\site-packages\django\db\backends\utils.py", line 100, in _execute
    with self.db.wrap_database_errors:
  File "C:\Users\yasse\OneDrive\Desktop\Pre-Coded\venv\Lib\site-packages\django\db\utils.py", line 91, in __exit__
    raise dj_exc_value.with_traceback(traceback) from exc_value
  File "C:\Users\yasse\OneDrive\Desktop\Pre-Coded\venv\Lib\site-packages\django\db\backends\utils.py", line 105, in _execute
    return self.cursor.execute(sql, params)
           ^^^^^^^^^^^^^^^^^^^^^^^^^^^^^^^^
  File "C:\Users\yasse\OneDrive\Desktop\Pre-Coded\venv\Lib\site-packages\django\db\backends\sqlite3\base.py", line 354, in execute
    return super().execute(query, params)
           ^^^^^^^^^^^^^^^^^^^^^^^^^^^^^^
django.db.utils.OperationalError: no such table: create_api_project

2025-05-18 20:58:45,649 [WARNING] core.loaders: [DB Loader][FAILED] Template 'templates/base.html' not found after all attempts
2025-05-18 20:58:45,650 [DEBUG] core.loaders: [DB Loader][AVAILABLE] 2 templates in database for project 1
2025-05-18 20:58:45,652 [ERROR] core.loaders: [DB Loader][ERROR] Failed to list available templates: no such column: create_api_templatefile.description
2025-05-18 20:58:45,652 [WARNING] template_debugger: Couldn't test get_contents - no sources found for 'templates/base.html'
2025-05-18 20:58:45,652 [INFO] template_debugger: 
Testing template: 'feed.html'
2025-05-18 20:58:45,652 [DEBUG] core.loaders: [DB Loader][START] Template lookup for: 'feed.html'
2025-05-18 20:58:45,653 [DEBUG] core.loaders: [DB Loader][CALL STACK] ['  File "C:\\Users\\yasse\\OneDrive\\Desktop\\Pre-Coded\\api_generator\\debug_template_loader.py", line 541, in main\n    test_template_loader(project_id)\n', '  File "C:\\Users\\yasse\\OneDrive\\Desktop\\Pre-Coded\\api_generator\\debug_template_loader.py", line 356, in test_template_loader\n    sources = list(loader.get_template_sources(template_name))\n']
2025-05-18 20:58:45,653 [DEBUG] core.thread_local: [Thread Local][GET] db_alias = project_1
2025-05-18 20:58:45,653 [DEBUG] core.loaders: [DB Loader][DB_ALIAS] Using database alias: 'project_1'
2025-05-18 20:58:45,653 [DEBUG] core.thread_local: [Thread Local][GET] project_id = 1
2025-05-18 20:58:45,654 [DEBUG] core.loaders: [DB Loader][DB_CONN] Connection 'project_1' is usable
2025-05-18 20:58:45,654 [DEBUG] core.loaders: [DB Loader][CONTEXT] {"project_id": 1, "db_alias": "project_1", "connection_id": "debug-1747591125", "ws_context": true, "template_name": "feed.html", "active_connections": "['default', 'project_1']", "thread_id": 2069757272976}
2025-05-18 20:58:45,654 [DEBUG] core.thread_local: [Thread Local][GET] project_id = 1
2025-05-18 20:58:45,654 [DEBUG] core.loaders: [DB Loader][QUERY] Trying exact path match for 'feed.html'
2025-05-18 20:58:45,655 [DEBUG] core.loaders: [DB Loader][QUERY] SQL lookup for path: 'feed.html' in database 'project_1'
2025-05-18 20:58:45,655 [DEBUG] core.loaders: [DB Loader][DB_CONN] Connection 'project_1' is usable
2025-05-18 20:58:45,655 [DEBUG] core.loaders: [DB Loader][SQL] Running: SELECT id, path, name FROM create_api_templatefile WHERE path = 'feed.html'
2025-05-18 20:58:45,656 [DEBUG] core.loaders: [DB Loader][SQL] No results found
2025-05-18 20:58:45,657 [ERROR] core.loaders: [DB Loader][ERROR] Error querying database for path 'feed.html': no such column: create_api_templatefile.description
2025-05-18 20:58:45,658 [ERROR] core.loaders: Traceback (most recent call last):
  File "C:\Users\yasse\OneDrive\Desktop\Pre-Coded\venv\Lib\site-packages\django\db\backends\utils.py", line 105, in _execute
    return self.cursor.execute(sql, params)
           ^^^^^^^^^^^^^^^^^^^^^^^^^^^^^^^^
  File "C:\Users\yasse\OneDrive\Desktop\Pre-Coded\venv\Lib\site-packages\django\db\backends\sqlite3\base.py", line 354, in execute
    return super().execute(query, params)
           ^^^^^^^^^^^^^^^^^^^^^^^^^^^^^^
sqlite3.OperationalError: no such column: create_api_templatefile.description

The above exception was the direct cause of the following exception:

Traceback (most recent call last):
  File "C:\Users\yasse\OneDrive\Desktop\Pre-Coded\api_generator\core\loaders.py", line 173, in _try_template_path
    template = TemplateFile.objects.using(db_alias).filter(path=path).first()
               ^^^^^^^^^^^^^^^^^^^^^^^^^^^^^^^^^^^^^^^^^^^^^^^^^^^^^^^^^^^^^^
  File "C:\Users\yasse\OneDrive\Desktop\Pre-Coded\venv\Lib\site-packages\django\db\models\query.py", line 1097, in first
    for obj in queryset[:1]:
  File "C:\Users\yasse\OneDrive\Desktop\Pre-Coded\venv\Lib\site-packages\django\db\models\query.py", line 400, in __iter__
    self._fetch_all()
  File "C:\Users\yasse\OneDrive\Desktop\Pre-Coded\venv\Lib\site-packages\django\db\models\query.py", line 1928, in _fetch_all
    self._result_cache = list(self._iterable_class(self))
                         ^^^^^^^^^^^^^^^^^^^^^^^^^^^^^^^^
  File "C:\Users\yasse\OneDrive\Desktop\Pre-Coded\venv\Lib\site-packages\django\db\models\query.py", line 91, in __iter__
    results = compiler.execute_sql(
              ^^^^^^^^^^^^^^^^^^^^^
  File "C:\Users\yasse\OneDrive\Desktop\Pre-Coded\venv\Lib\site-packages\django\db\models\sql\compiler.py", line 1574, in execute_sql
    cursor.execute(sql, params)
  File "C:\Users\yasse\OneDrive\Desktop\Pre-Coded\venv\Lib\site-packages\django\db\backends\utils.py", line 122, in execute
    return super().execute(sql, params)
           ^^^^^^^^^^^^^^^^^^^^^^^^^^^^
  File "C:\Users\yasse\OneDrive\Desktop\Pre-Coded\venv\Lib\site-packages\django\db\backends\utils.py", line 79, in execute
    return self._execute_with_wrappers(
           ^^^^^^^^^^^^^^^^^^^^^^^^^^^^
  File "C:\Users\yasse\OneDrive\Desktop\Pre-Coded\venv\Lib\site-packages\django\db\backends\utils.py", line 92, in _execute_with_wrappers
    return executor(sql, params, many, context)
           ^^^^^^^^^^^^^^^^^^^^^^^^^^^^^^^^^^^^
  File "C:\Users\yasse\OneDrive\Desktop\Pre-Coded\venv\Lib\site-packages\django\db\backends\utils.py", line 100, in _execute
    with self.db.wrap_database_errors:
  File "C:\Users\yasse\OneDrive\Desktop\Pre-Coded\venv\Lib\site-packages\django\db\utils.py", line 91, in __exit__
    raise dj_exc_value.with_traceback(traceback) from exc_value
  File "C:\Users\yasse\OneDrive\Desktop\Pre-Coded\venv\Lib\site-packages\django\db\backends\utils.py", line 105, in _execute
    return self.cursor.execute(sql, params)
           ^^^^^^^^^^^^^^^^^^^^^^^^^^^^^^^^
  File "C:\Users\yasse\OneDrive\Desktop\Pre-Coded\venv\Lib\site-packages\django\db\backends\sqlite3\base.py", line 354, in execute
    return super().execute(query, params)
           ^^^^^^^^^^^^^^^^^^^^^^^^^^^^^^
django.db.utils.OperationalError: no such column: create_api_templatefile.description

2025-05-18 20:58:45,662 [DEBUG] core.loaders: [DB Loader][NORMALIZE] Trying normalized paths: ['feed.html', 'templates/feed.html', 'feed.html', 'feed.html']
2025-05-18 20:58:45,662 [DEBUG] core.loaders: [DB Loader][QUERY] SQL lookup for path: 'feed.html' in database 'project_1'
2025-05-18 20:58:45,663 [DEBUG] core.loaders: [DB Loader][DB_CONN] Connection 'project_1' is usable
2025-05-18 20:58:45,663 [DEBUG] core.loaders: [DB Loader][SQL] Running: SELECT id, path, name FROM create_api_templatefile WHERE path = 'feed.html'
2025-05-18 20:58:45,664 [DEBUG] core.loaders: [DB Loader][SQL] No results found
2025-05-18 20:58:45,665 [ERROR] core.loaders: [DB Loader][ERROR] Error querying database for path 'feed.html': no such column: create_api_templatefile.description
2025-05-18 20:58:45,667 [ERROR] core.loaders: Traceback (most recent call last):
  File "C:\Users\yasse\OneDrive\Desktop\Pre-Coded\venv\Lib\site-packages\django\db\backends\utils.py", line 105, in _execute
    return self.cursor.execute(sql, params)
           ^^^^^^^^^^^^^^^^^^^^^^^^^^^^^^^^
  File "C:\Users\yasse\OneDrive\Desktop\Pre-Coded\venv\Lib\site-packages\django\db\backends\sqlite3\base.py", line 354, in execute
    return super().execute(query, params)
           ^^^^^^^^^^^^^^^^^^^^^^^^^^^^^^
sqlite3.OperationalError: no such column: create_api_templatefile.description

The above exception was the direct cause of the following exception:

Traceback (most recent call last):
  File "C:\Users\yasse\OneDrive\Desktop\Pre-Coded\api_generator\core\loaders.py", line 173, in _try_template_path
    template = TemplateFile.objects.using(db_alias).filter(path=path).first()
               ^^^^^^^^^^^^^^^^^^^^^^^^^^^^^^^^^^^^^^^^^^^^^^^^^^^^^^^^^^^^^^
  File "C:\Users\yasse\OneDrive\Desktop\Pre-Coded\venv\Lib\site-packages\django\db\models\query.py", line 1097, in first
    for obj in queryset[:1]:
  File "C:\Users\yasse\OneDrive\Desktop\Pre-Coded\venv\Lib\site-packages\django\db\models\query.py", line 400, in __iter__
    self._fetch_all()
  File "C:\Users\yasse\OneDrive\Desktop\Pre-Coded\venv\Lib\site-packages\django\db\models\query.py", line 1928, in _fetch_all
    self._result_cache = list(self._iterable_class(self))
                         ^^^^^^^^^^^^^^^^^^^^^^^^^^^^^^^^
  File "C:\Users\yasse\OneDrive\Desktop\Pre-Coded\venv\Lib\site-packages\django\db\models\query.py", line 91, in __iter__
    results = compiler.execute_sql(
              ^^^^^^^^^^^^^^^^^^^^^
  File "C:\Users\yasse\OneDrive\Desktop\Pre-Coded\venv\Lib\site-packages\django\db\models\sql\compiler.py", line 1574, in execute_sql
    cursor.execute(sql, params)
  File "C:\Users\yasse\OneDrive\Desktop\Pre-Coded\venv\Lib\site-packages\django\db\backends\utils.py", line 122, in execute
    return super().execute(sql, params)
           ^^^^^^^^^^^^^^^^^^^^^^^^^^^^
  File "C:\Users\yasse\OneDrive\Desktop\Pre-Coded\venv\Lib\site-packages\django\db\backends\utils.py", line 79, in execute
    return self._execute_with_wrappers(
           ^^^^^^^^^^^^^^^^^^^^^^^^^^^^
  File "C:\Users\yasse\OneDrive\Desktop\Pre-Coded\venv\Lib\site-packages\django\db\backends\utils.py", line 92, in _execute_with_wrappers
    return executor(sql, params, many, context)
           ^^^^^^^^^^^^^^^^^^^^^^^^^^^^^^^^^^^^
  File "C:\Users\yasse\OneDrive\Desktop\Pre-Coded\venv\Lib\site-packages\django\db\backends\utils.py", line 100, in _execute
    with self.db.wrap_database_errors:
  File "C:\Users\yasse\OneDrive\Desktop\Pre-Coded\venv\Lib\site-packages\django\db\utils.py", line 91, in __exit__
    raise dj_exc_value.with_traceback(traceback) from exc_value
  File "C:\Users\yasse\OneDrive\Desktop\Pre-Coded\venv\Lib\site-packages\django\db\backends\utils.py", line 105, in _execute
    return self.cursor.execute(sql, params)
           ^^^^^^^^^^^^^^^^^^^^^^^^^^^^^^^^
  File "C:\Users\yasse\OneDrive\Desktop\Pre-Coded\venv\Lib\site-packages\django\db\backends\sqlite3\base.py", line 354, in execute
    return super().execute(query, params)
           ^^^^^^^^^^^^^^^^^^^^^^^^^^^^^^
django.db.utils.OperationalError: no such column: create_api_templatefile.description

2025-05-18 20:58:45,670 [DEBUG] core.loaders: [DB Loader][QUERY] SQL lookup for path: 'templates/feed.html' in database 'project_1'
2025-05-18 20:58:45,670 [DEBUG] core.loaders: [DB Loader][DB_CONN] Connection 'project_1' is usable
2025-05-18 20:58:45,671 [DEBUG] core.loaders: [DB Loader][SQL] Running: SELECT id, path, name FROM create_api_templatefile WHERE path = 'templates/feed.html'
2025-05-18 20:58:45,671 [DEBUG] core.loaders: [DB Loader][SQL] Found 1 results: [(2, 'templates/feed.html', 'feed.html')]
2025-05-18 20:58:45,673 [ERROR] core.loaders: [DB Loader][ERROR] Error querying database for path 'templates/feed.html': no such column: create_api_templatefile.description
2025-05-18 20:58:45,674 [ERROR] core.loaders: Traceback (most recent call last):
  File "C:\Users\yasse\OneDrive\Desktop\Pre-Coded\venv\Lib\site-packages\django\db\backends\utils.py", line 105, in _execute
    return self.cursor.execute(sql, params)
           ^^^^^^^^^^^^^^^^^^^^^^^^^^^^^^^^
  File "C:\Users\yasse\OneDrive\Desktop\Pre-Coded\venv\Lib\site-packages\django\db\backends\sqlite3\base.py", line 354, in execute
    return super().execute(query, params)
           ^^^^^^^^^^^^^^^^^^^^^^^^^^^^^^
sqlite3.OperationalError: no such column: create_api_templatefile.description

The above exception was the direct cause of the following exception:

Traceback (most recent call last):
  File "C:\Users\yasse\OneDrive\Desktop\Pre-Coded\api_generator\core\loaders.py", line 173, in _try_template_path
    template = TemplateFile.objects.using(db_alias).filter(path=path).first()
               ^^^^^^^^^^^^^^^^^^^^^^^^^^^^^^^^^^^^^^^^^^^^^^^^^^^^^^^^^^^^^^
  File "C:\Users\yasse\OneDrive\Desktop\Pre-Coded\venv\Lib\site-packages\django\db\models\query.py", line 1097, in first
    for obj in queryset[:1]:
  File "C:\Users\yasse\OneDrive\Desktop\Pre-Coded\venv\Lib\site-packages\django\db\models\query.py", line 400, in __iter__
    self._fetch_all()
  File "C:\Users\yasse\OneDrive\Desktop\Pre-Coded\venv\Lib\site-packages\django\db\models\query.py", line 1928, in _fetch_all
    self._result_cache = list(self._iterable_class(self))
                         ^^^^^^^^^^^^^^^^^^^^^^^^^^^^^^^^
  File "C:\Users\yasse\OneDrive\Desktop\Pre-Coded\venv\Lib\site-packages\django\db\models\query.py", line 91, in __iter__
    results = compiler.execute_sql(
              ^^^^^^^^^^^^^^^^^^^^^
  File "C:\Users\yasse\OneDrive\Desktop\Pre-Coded\venv\Lib\site-packages\django\db\models\sql\compiler.py", line 1574, in execute_sql
    cursor.execute(sql, params)
  File "C:\Users\yasse\OneDrive\Desktop\Pre-Coded\venv\Lib\site-packages\django\db\backends\utils.py", line 122, in execute
    return super().execute(sql, params)
           ^^^^^^^^^^^^^^^^^^^^^^^^^^^^
  File "C:\Users\yasse\OneDrive\Desktop\Pre-Coded\venv\Lib\site-packages\django\db\backends\utils.py", line 79, in execute
    return self._execute_with_wrappers(
           ^^^^^^^^^^^^^^^^^^^^^^^^^^^^
  File "C:\Users\yasse\OneDrive\Desktop\Pre-Coded\venv\Lib\site-packages\django\db\backends\utils.py", line 92, in _execute_with_wrappers
    return executor(sql, params, many, context)
           ^^^^^^^^^^^^^^^^^^^^^^^^^^^^^^^^^^^^
  File "C:\Users\yasse\OneDrive\Desktop\Pre-Coded\venv\Lib\site-packages\django\db\backends\utils.py", line 100, in _execute
    with self.db.wrap_database_errors:
  File "C:\Users\yasse\OneDrive\Desktop\Pre-Coded\venv\Lib\site-packages\django\db\utils.py", line 91, in __exit__
    raise dj_exc_value.with_traceback(traceback) from exc_value
  File "C:\Users\yasse\OneDrive\Desktop\Pre-Coded\venv\Lib\site-packages\django\db\backends\utils.py", line 105, in _execute
    return self.cursor.execute(sql, params)
           ^^^^^^^^^^^^^^^^^^^^^^^^^^^^^^^^
  File "C:\Users\yasse\OneDrive\Desktop\Pre-Coded\venv\Lib\site-packages\django\db\backends\sqlite3\base.py", line 354, in execute
    return super().execute(query, params)
           ^^^^^^^^^^^^^^^^^^^^^^^^^^^^^^
django.db.utils.OperationalError: no such column: create_api_templatefile.description

2025-05-18 20:58:45,677 [DEBUG] core.loaders: [DB Loader][QUERY] SQL lookup for path: 'feed.html' in database 'project_1'
2025-05-18 20:58:45,677 [DEBUG] core.loaders: [DB Loader][DB_CONN] Connection 'project_1' is usable
2025-05-18 20:58:45,677 [DEBUG] core.loaders: [DB Loader][SQL] Running: SELECT id, path, name FROM create_api_templatefile WHERE path = 'feed.html'
2025-05-18 20:58:45,678 [DEBUG] core.loaders: [DB Loader][SQL] No results found
2025-05-18 20:58:45,680 [ERROR] core.loaders: [DB Loader][ERROR] Error querying database for path 'feed.html': no such column: create_api_templatefile.description
2025-05-18 20:58:45,681 [ERROR] core.loaders: Traceback (most recent call last):
  File "C:\Users\yasse\OneDrive\Desktop\Pre-Coded\venv\Lib\site-packages\django\db\backends\utils.py", line 105, in _execute
    return self.cursor.execute(sql, params)
           ^^^^^^^^^^^^^^^^^^^^^^^^^^^^^^^^
  File "C:\Users\yasse\OneDrive\Desktop\Pre-Coded\venv\Lib\site-packages\django\db\backends\sqlite3\base.py", line 354, in execute
    return super().execute(query, params)
           ^^^^^^^^^^^^^^^^^^^^^^^^^^^^^^
sqlite3.OperationalError: no such column: create_api_templatefile.description

The above exception was the direct cause of the following exception:

Traceback (most recent call last):
  File "C:\Users\yasse\OneDrive\Desktop\Pre-Coded\api_generator\core\loaders.py", line 173, in _try_template_path
    template = TemplateFile.objects.using(db_alias).filter(path=path).first()
               ^^^^^^^^^^^^^^^^^^^^^^^^^^^^^^^^^^^^^^^^^^^^^^^^^^^^^^^^^^^^^^
  File "C:\Users\yasse\OneDrive\Desktop\Pre-Coded\venv\Lib\site-packages\django\db\models\query.py", line 1097, in first
    for obj in queryset[:1]:
  File "C:\Users\yasse\OneDrive\Desktop\Pre-Coded\venv\Lib\site-packages\django\db\models\query.py", line 400, in __iter__
    self._fetch_all()
  File "C:\Users\yasse\OneDrive\Desktop\Pre-Coded\venv\Lib\site-packages\django\db\models\query.py", line 1928, in _fetch_all
    self._result_cache = list(self._iterable_class(self))
                         ^^^^^^^^^^^^^^^^^^^^^^^^^^^^^^^^
  File "C:\Users\yasse\OneDrive\Desktop\Pre-Coded\venv\Lib\site-packages\django\db\models\query.py", line 91, in __iter__
    results = compiler.execute_sql(
              ^^^^^^^^^^^^^^^^^^^^^
  File "C:\Users\yasse\OneDrive\Desktop\Pre-Coded\venv\Lib\site-packages\django\db\models\sql\compiler.py", line 1574, in execute_sql
    cursor.execute(sql, params)
  File "C:\Users\yasse\OneDrive\Desktop\Pre-Coded\venv\Lib\site-packages\django\db\backends\utils.py", line 122, in execute
    return super().execute(sql, params)
           ^^^^^^^^^^^^^^^^^^^^^^^^^^^^
  File "C:\Users\yasse\OneDrive\Desktop\Pre-Coded\venv\Lib\site-packages\django\db\backends\utils.py", line 79, in execute
    return self._execute_with_wrappers(
           ^^^^^^^^^^^^^^^^^^^^^^^^^^^^
  File "C:\Users\yasse\OneDrive\Desktop\Pre-Coded\venv\Lib\site-packages\django\db\backends\utils.py", line 92, in _execute_with_wrappers
    return executor(sql, params, many, context)
           ^^^^^^^^^^^^^^^^^^^^^^^^^^^^^^^^^^^^
  File "C:\Users\yasse\OneDrive\Desktop\Pre-Coded\venv\Lib\site-packages\django\db\backends\utils.py", line 100, in _execute
    with self.db.wrap_database_errors:
  File "C:\Users\yasse\OneDrive\Desktop\Pre-Coded\venv\Lib\site-packages\django\db\utils.py", line 91, in __exit__
    raise dj_exc_value.with_traceback(traceback) from exc_value
  File "C:\Users\yasse\OneDrive\Desktop\Pre-Coded\venv\Lib\site-packages\django\db\backends\utils.py", line 105, in _execute
    return self.cursor.execute(sql, params)
           ^^^^^^^^^^^^^^^^^^^^^^^^^^^^^^^^
  File "C:\Users\yasse\OneDrive\Desktop\Pre-Coded\venv\Lib\site-packages\django\db\backends\sqlite3\base.py", line 354, in execute
    return super().execute(query, params)
           ^^^^^^^^^^^^^^^^^^^^^^^^^^^^^^
django.db.utils.OperationalError: no such column: create_api_templatefile.description

2025-05-18 20:58:45,684 [DEBUG] core.loaders: [DB Loader][QUERY] SQL lookup for path: 'feed.html' in database 'project_1'
2025-05-18 20:58:45,685 [DEBUG] core.loaders: [DB Loader][DB_CONN] Connection 'project_1' is usable
2025-05-18 20:58:45,685 [DEBUG] core.loaders: [DB Loader][SQL] Running: SELECT id, path, name FROM create_api_templatefile WHERE path = 'feed.html'
2025-05-18 20:58:45,686 [DEBUG] core.loaders: [DB Loader][SQL] No results found
2025-05-18 20:58:45,687 [ERROR] core.loaders: [DB Loader][ERROR] Error querying database for path 'feed.html': no such column: create_api_templatefile.description
2025-05-18 20:58:45,689 [ERROR] core.loaders: Traceback (most recent call last):
  File "C:\Users\yasse\OneDrive\Desktop\Pre-Coded\venv\Lib\site-packages\django\db\backends\utils.py", line 105, in _execute
    return self.cursor.execute(sql, params)
           ^^^^^^^^^^^^^^^^^^^^^^^^^^^^^^^^
  File "C:\Users\yasse\OneDrive\Desktop\Pre-Coded\venv\Lib\site-packages\django\db\backends\sqlite3\base.py", line 354, in execute
    return super().execute(query, params)
           ^^^^^^^^^^^^^^^^^^^^^^^^^^^^^^
sqlite3.OperationalError: no such column: create_api_templatefile.description

The above exception was the direct cause of the following exception:

Traceback (most recent call last):
  File "C:\Users\yasse\OneDrive\Desktop\Pre-Coded\api_generator\core\loaders.py", line 173, in _try_template_path
    template = TemplateFile.objects.using(db_alias).filter(path=path).first()
               ^^^^^^^^^^^^^^^^^^^^^^^^^^^^^^^^^^^^^^^^^^^^^^^^^^^^^^^^^^^^^^
  File "C:\Users\yasse\OneDrive\Desktop\Pre-Coded\venv\Lib\site-packages\django\db\models\query.py", line 1097, in first
    for obj in queryset[:1]:
  File "C:\Users\yasse\OneDrive\Desktop\Pre-Coded\venv\Lib\site-packages\django\db\models\query.py", line 400, in __iter__
    self._fetch_all()
  File "C:\Users\yasse\OneDrive\Desktop\Pre-Coded\venv\Lib\site-packages\django\db\models\query.py", line 1928, in _fetch_all
    self._result_cache = list(self._iterable_class(self))
                         ^^^^^^^^^^^^^^^^^^^^^^^^^^^^^^^^
  File "C:\Users\yasse\OneDrive\Desktop\Pre-Coded\venv\Lib\site-packages\django\db\models\query.py", line 91, in __iter__
    results = compiler.execute_sql(
              ^^^^^^^^^^^^^^^^^^^^^
  File "C:\Users\yasse\OneDrive\Desktop\Pre-Coded\venv\Lib\site-packages\django\db\models\sql\compiler.py", line 1574, in execute_sql
    cursor.execute(sql, params)
  File "C:\Users\yasse\OneDrive\Desktop\Pre-Coded\venv\Lib\site-packages\django\db\backends\utils.py", line 122, in execute
    return super().execute(sql, params)
           ^^^^^^^^^^^^^^^^^^^^^^^^^^^^
  File "C:\Users\yasse\OneDrive\Desktop\Pre-Coded\venv\Lib\site-packages\django\db\backends\utils.py", line 79, in execute
    return self._execute_with_wrappers(
           ^^^^^^^^^^^^^^^^^^^^^^^^^^^^
  File "C:\Users\yasse\OneDrive\Desktop\Pre-Coded\venv\Lib\site-packages\django\db\backends\utils.py", line 92, in _execute_with_wrappers
    return executor(sql, params, many, context)
           ^^^^^^^^^^^^^^^^^^^^^^^^^^^^^^^^^^^^
  File "C:\Users\yasse\OneDrive\Desktop\Pre-Coded\venv\Lib\site-packages\django\db\backends\utils.py", line 100, in _execute
    with self.db.wrap_database_errors:
  File "C:\Users\yasse\OneDrive\Desktop\Pre-Coded\venv\Lib\site-packages\django\db\utils.py", line 91, in __exit__
    raise dj_exc_value.with_traceback(traceback) from exc_value
  File "C:\Users\yasse\OneDrive\Desktop\Pre-Coded\venv\Lib\site-packages\django\db\backends\utils.py", line 105, in _execute
    return self.cursor.execute(sql, params)
           ^^^^^^^^^^^^^^^^^^^^^^^^^^^^^^^^
  File "C:\Users\yasse\OneDrive\Desktop\Pre-Coded\venv\Lib\site-packages\django\db\backends\sqlite3\base.py", line 354, in execute
    return super().execute(query, params)
           ^^^^^^^^^^^^^^^^^^^^^^^^^^^^^^
django.db.utils.OperationalError: no such column: create_api_templatefile.description

2025-05-18 20:58:45,691 [DEBUG] core.loaders: [DB Loader][PROJECT] Trying project-based lookup for project 1
2025-05-18 20:58:45,692 [DEBUG] core.loaders: [DB Loader][PROJECT] Searching project 1 templates by filename
2025-05-18 20:58:45,692 [DEBUG] core.loaders: [DB Loader][DB_CONN] Connection 'project_1' is usable
2025-05-18 20:58:45,692 [DEBUG] core.loaders: [DB Loader][PROJECT] Looking for filename: 'feed.html'
2025-05-18 20:58:45,693 [DEBUG] core.loaders: [DB Loader][SQL] Running: SELECT id, path, name FROM create_api_templatefile WHERE project_id = 1
2025-05-18 20:58:45,693 [DEBUG] core.loaders: [DB Loader][SQL] Found 2 templates in project: [(1, 'templates/base.html', 'base.html'), (2, 'templates/feed.html', 'feed.html')]
2025-05-18 20:58:45,695 [ERROR] core.loaders: [DB Loader][PROJECT][ERROR] Error in project-based template search: no such column: create_api_templatefile.description
2025-05-18 20:58:45,696 [ERROR] core.loaders: Traceback (most recent call last):
  File "C:\Users\yasse\OneDrive\Desktop\Pre-Coded\venv\Lib\site-packages\django\db\backends\utils.py", line 105, in _execute
    return self.cursor.execute(sql, params)
           ^^^^^^^^^^^^^^^^^^^^^^^^^^^^^^^^
  File "C:\Users\yasse\OneDrive\Desktop\Pre-Coded\venv\Lib\site-packages\django\db\backends\sqlite3\base.py", line 354, in execute
    return super().execute(query, params)
           ^^^^^^^^^^^^^^^^^^^^^^^^^^^^^^
sqlite3.OperationalError: no such column: create_api_templatefile.description

The above exception was the direct cause of the following exception:

Traceback (most recent call last):
  File "C:\Users\yasse\OneDrive\Desktop\Pre-Coded\api_generator\core\loaders.py", line 227, in _try_project_templates
    templates = list(TemplateFile.objects.using(db_alias).filter(project_id=project_id))
                ^^^^^^^^^^^^^^^^^^^^^^^^^^^^^^^^^^^^^^^^^^^^^^^^^^^^^^^^^^^^^^^^^^^^^^^^
  File "C:\Users\yasse\OneDrive\Desktop\Pre-Coded\venv\Lib\site-packages\django\db\models\query.py", line 400, in __iter__
    self._fetch_all()
  File "C:\Users\yasse\OneDrive\Desktop\Pre-Coded\venv\Lib\site-packages\django\db\models\query.py", line 1928, in _fetch_all
    self._result_cache = list(self._iterable_class(self))
                         ^^^^^^^^^^^^^^^^^^^^^^^^^^^^^^^^
  File "C:\Users\yasse\OneDrive\Desktop\Pre-Coded\venv\Lib\site-packages\django\db\models\query.py", line 91, in __iter__
    results = compiler.execute_sql(
              ^^^^^^^^^^^^^^^^^^^^^
  File "C:\Users\yasse\OneDrive\Desktop\Pre-Coded\venv\Lib\site-packages\django\db\models\sql\compiler.py", line 1574, in execute_sql
    cursor.execute(sql, params)
  File "C:\Users\yasse\OneDrive\Desktop\Pre-Coded\venv\Lib\site-packages\django\db\backends\utils.py", line 122, in execute
    return super().execute(sql, params)
           ^^^^^^^^^^^^^^^^^^^^^^^^^^^^
  File "C:\Users\yasse\OneDrive\Desktop\Pre-Coded\venv\Lib\site-packages\django\db\backends\utils.py", line 79, in execute
    return self._execute_with_wrappers(
           ^^^^^^^^^^^^^^^^^^^^^^^^^^^^
  File "C:\Users\yasse\OneDrive\Desktop\Pre-Coded\venv\Lib\site-packages\django\db\backends\utils.py", line 92, in _execute_with_wrappers
    return executor(sql, params, many, context)
           ^^^^^^^^^^^^^^^^^^^^^^^^^^^^^^^^^^^^
  File "C:\Users\yasse\OneDrive\Desktop\Pre-Coded\venv\Lib\site-packages\django\db\backends\utils.py", line 100, in _execute
    with self.db.wrap_database_errors:
  File "C:\Users\yasse\OneDrive\Desktop\Pre-Coded\venv\Lib\site-packages\django\db\utils.py", line 91, in __exit__
    raise dj_exc_value.with_traceback(traceback) from exc_value
  File "C:\Users\yasse\OneDrive\Desktop\Pre-Coded\venv\Lib\site-packages\django\db\backends\utils.py", line 105, in _execute
    return self.cursor.execute(sql, params)
           ^^^^^^^^^^^^^^^^^^^^^^^^^^^^^^^^
  File "C:\Users\yasse\OneDrive\Desktop\Pre-Coded\venv\Lib\site-packages\django\db\backends\sqlite3\base.py", line 354, in execute
    return super().execute(query, params)
           ^^^^^^^^^^^^^^^^^^^^^^^^^^^^^^
django.db.utils.OperationalError: no such column: create_api_templatefile.description

2025-05-18 20:58:45,699 [DEBUG] core.loaders: [DB Loader][AUTO-CREATE] Attempting to create missing template 'feed.html'
2025-05-18 20:58:45,700 [DEBUG] core.loaders: [DB Loader][DB_CONN] Connection 'project_1' is usable
2025-05-18 20:58:45,700 [DEBUG] core.loaders: [DB Loader][CREATE] Creating template with path='templates/feed.html', name='feed.html'
2025-05-18 20:58:45,701 [ERROR] core.loaders: [DB Loader][CREATE][ERROR] Error creating template: no such table: create_api_project
2025-05-18 20:58:45,702 [ERROR] core.loaders: Traceback (most recent call last):
  File "C:\Users\yasse\OneDrive\Desktop\Pre-Coded\venv\Lib\site-packages\django\db\backends\utils.py", line 105, in _execute
    return self.cursor.execute(sql, params)
           ^^^^^^^^^^^^^^^^^^^^^^^^^^^^^^^^
  File "C:\Users\yasse\OneDrive\Desktop\Pre-Coded\venv\Lib\site-packages\django\db\backends\sqlite3\base.py", line 354, in execute
    return super().execute(query, params)
           ^^^^^^^^^^^^^^^^^^^^^^^^^^^^^^
sqlite3.OperationalError: no such table: create_api_project

The above exception was the direct cause of the following exception:

Traceback (most recent call last):
  File "C:\Users\yasse\OneDrive\Desktop\Pre-Coded\api_generator\core\loaders.py", line 490, in _create_template
    project = Project.objects.using(db_alias).get(id=project_id)
              ^^^^^^^^^^^^^^^^^^^^^^^^^^^^^^^^^^^^^^^^^^^^^^^^^^
  File "C:\Users\yasse\OneDrive\Desktop\Pre-Coded\venv\Lib\site-packages\django\db\models\query.py", line 645, in get
    num = len(clone)
          ^^^^^^^^^^
  File "C:\Users\yasse\OneDrive\Desktop\Pre-Coded\venv\Lib\site-packages\django\db\models\query.py", line 382, in __len__
    self._fetch_all()
  File "C:\Users\yasse\OneDrive\Desktop\Pre-Coded\venv\Lib\site-packages\django\db\models\query.py", line 1928, in _fetch_all
    self._result_cache = list(self._iterable_class(self))
                         ^^^^^^^^^^^^^^^^^^^^^^^^^^^^^^^^
  File "C:\Users\yasse\OneDrive\Desktop\Pre-Coded\venv\Lib\site-packages\django\db\models\query.py", line 91, in __iter__
    results = compiler.execute_sql(
              ^^^^^^^^^^^^^^^^^^^^^
  File "C:\Users\yasse\OneDrive\Desktop\Pre-Coded\venv\Lib\site-packages\django\db\models\sql\compiler.py", line 1574, in execute_sql
    cursor.execute(sql, params)
  File "C:\Users\yasse\OneDrive\Desktop\Pre-Coded\venv\Lib\site-packages\django\db\backends\utils.py", line 122, in execute
    return super().execute(sql, params)
           ^^^^^^^^^^^^^^^^^^^^^^^^^^^^
  File "C:\Users\yasse\OneDrive\Desktop\Pre-Coded\venv\Lib\site-packages\django\db\backends\utils.py", line 79, in execute
    return self._execute_with_wrappers(
           ^^^^^^^^^^^^^^^^^^^^^^^^^^^^
  File "C:\Users\yasse\OneDrive\Desktop\Pre-Coded\venv\Lib\site-packages\django\db\backends\utils.py", line 92, in _execute_with_wrappers
    return executor(sql, params, many, context)
           ^^^^^^^^^^^^^^^^^^^^^^^^^^^^^^^^^^^^
  File "C:\Users\yasse\OneDrive\Desktop\Pre-Coded\venv\Lib\site-packages\django\db\backends\utils.py", line 100, in _execute
    with self.db.wrap_database_errors:
  File "C:\Users\yasse\OneDrive\Desktop\Pre-Coded\venv\Lib\site-packages\django\db\utils.py", line 91, in __exit__
    raise dj_exc_value.with_traceback(traceback) from exc_value
  File "C:\Users\yasse\OneDrive\Desktop\Pre-Coded\venv\Lib\site-packages\django\db\backends\utils.py", line 105, in _execute
    return self.cursor.execute(sql, params)
           ^^^^^^^^^^^^^^^^^^^^^^^^^^^^^^^^
  File "C:\Users\yasse\OneDrive\Desktop\Pre-Coded\venv\Lib\site-packages\django\db\backends\sqlite3\base.py", line 354, in execute
    return super().execute(query, params)
           ^^^^^^^^^^^^^^^^^^^^^^^^^^^^^^
django.db.utils.OperationalError: no such table: create_api_project

2025-05-18 20:58:45,705 [WARNING] core.loaders: [DB Loader][FAILED] Template 'feed.html' not found after all attempts
2025-05-18 20:58:45,706 [DEBUG] core.loaders: [DB Loader][AVAILABLE] 2 templates in database for project 1
2025-05-18 20:58:45,707 [ERROR] core.loaders: [DB Loader][ERROR] Failed to list available templates: no such column: create_api_templatefile.description
2025-05-18 20:58:45,708 [WARNING] template_debugger: get_template_sources found no sources for 'feed.html'
2025-05-18 20:58:45,708 [DEBUG] core.loaders: [DB Loader][START] Template lookup for: 'feed.html'
2025-05-18 20:58:45,708 [DEBUG] core.loaders: [DB Loader][CALL STACK] ['  File "C:\\Users\\yasse\\OneDrive\\Desktop\\Pre-Coded\\api_generator\\debug_template_loader.py", line 541, in main\n    test_template_loader(project_id)\n', '  File "C:\\Users\\yasse\\OneDrive\\Desktop\\Pre-Coded\\api_generator\\debug_template_loader.py", line 370, in test_template_loader\n    sources = list(loader.get_template_sources(template_name))\n']
2025-05-18 20:58:45,709 [DEBUG] core.thread_local: [Thread Local][GET] db_alias = project_1
2025-05-18 20:58:45,709 [DEBUG] core.loaders: [DB Loader][DB_ALIAS] Using database alias: 'project_1'
2025-05-18 20:58:45,709 [DEBUG] core.thread_local: [Thread Local][GET] project_id = 1
2025-05-18 20:58:45,710 [DEBUG] core.loaders: [DB Loader][DB_CONN] Connection 'project_1' is usable
2025-05-18 20:58:45,710 [DEBUG] core.loaders: [DB Loader][CONTEXT] {"project_id": 1, "db_alias": "project_1", "connection_id": "debug-1747591125", "ws_context": true, "template_name": "feed.html", "active_connections": "['default', 'project_1']", "thread_id": 2069757272976}
2025-05-18 20:58:45,710 [DEBUG] core.thread_local: [Thread Local][GET] project_id = 1
2025-05-18 20:58:45,711 [DEBUG] core.loaders: [DB Loader][QUERY] Trying exact path match for 'feed.html'
2025-05-18 20:58:45,711 [DEBUG] core.loaders: [DB Loader][QUERY] SQL lookup for path: 'feed.html' in database 'project_1'
2025-05-18 20:58:45,711 [DEBUG] core.loaders: [DB Loader][DB_CONN] Connection 'project_1' is usable
2025-05-18 20:58:45,712 [DEBUG] core.loaders: [DB Loader][SQL] Running: SELECT id, path, name FROM create_api_templatefile WHERE path = 'feed.html'
2025-05-18 20:58:45,712 [DEBUG] core.loaders: [DB Loader][SQL] No results found
2025-05-18 20:58:45,714 [ERROR] core.loaders: [DB Loader][ERROR] Error querying database for path 'feed.html': no such column: create_api_templatefile.description
2025-05-18 20:58:45,715 [ERROR] core.loaders: Traceback (most recent call last):
  File "C:\Users\yasse\OneDrive\Desktop\Pre-Coded\venv\Lib\site-packages\django\db\backends\utils.py", line 105, in _execute
    return self.cursor.execute(sql, params)
           ^^^^^^^^^^^^^^^^^^^^^^^^^^^^^^^^
  File "C:\Users\yasse\OneDrive\Desktop\Pre-Coded\venv\Lib\site-packages\django\db\backends\sqlite3\base.py", line 354, in execute
    return super().execute(query, params)
           ^^^^^^^^^^^^^^^^^^^^^^^^^^^^^^
sqlite3.OperationalError: no such column: create_api_templatefile.description

The above exception was the direct cause of the following exception:

Traceback (most recent call last):
  File "C:\Users\yasse\OneDrive\Desktop\Pre-Coded\api_generator\core\loaders.py", line 173, in _try_template_path
    template = TemplateFile.objects.using(db_alias).filter(path=path).first()
               ^^^^^^^^^^^^^^^^^^^^^^^^^^^^^^^^^^^^^^^^^^^^^^^^^^^^^^^^^^^^^^
  File "C:\Users\yasse\OneDrive\Desktop\Pre-Coded\venv\Lib\site-packages\django\db\models\query.py", line 1097, in first
    for obj in queryset[:1]:
  File "C:\Users\yasse\OneDrive\Desktop\Pre-Coded\venv\Lib\site-packages\django\db\models\query.py", line 400, in __iter__
    self._fetch_all()
  File "C:\Users\yasse\OneDrive\Desktop\Pre-Coded\venv\Lib\site-packages\django\db\models\query.py", line 1928, in _fetch_all
    self._result_cache = list(self._iterable_class(self))
                         ^^^^^^^^^^^^^^^^^^^^^^^^^^^^^^^^
  File "C:\Users\yasse\OneDrive\Desktop\Pre-Coded\venv\Lib\site-packages\django\db\models\query.py", line 91, in __iter__
    results = compiler.execute_sql(
              ^^^^^^^^^^^^^^^^^^^^^
  File "C:\Users\yasse\OneDrive\Desktop\Pre-Coded\venv\Lib\site-packages\django\db\models\sql\compiler.py", line 1574, in execute_sql
    cursor.execute(sql, params)
  File "C:\Users\yasse\OneDrive\Desktop\Pre-Coded\venv\Lib\site-packages\django\db\backends\utils.py", line 122, in execute
    return super().execute(sql, params)
           ^^^^^^^^^^^^^^^^^^^^^^^^^^^^
  File "C:\Users\yasse\OneDrive\Desktop\Pre-Coded\venv\Lib\site-packages\django\db\backends\utils.py", line 79, in execute
    return self._execute_with_wrappers(
           ^^^^^^^^^^^^^^^^^^^^^^^^^^^^
  File "C:\Users\yasse\OneDrive\Desktop\Pre-Coded\venv\Lib\site-packages\django\db\backends\utils.py", line 92, in _execute_with_wrappers
    return executor(sql, params, many, context)
           ^^^^^^^^^^^^^^^^^^^^^^^^^^^^^^^^^^^^
  File "C:\Users\yasse\OneDrive\Desktop\Pre-Coded\venv\Lib\site-packages\django\db\backends\utils.py", line 100, in _execute
    with self.db.wrap_database_errors:
  File "C:\Users\yasse\OneDrive\Desktop\Pre-Coded\venv\Lib\site-packages\django\db\utils.py", line 91, in __exit__
    raise dj_exc_value.with_traceback(traceback) from exc_value
  File "C:\Users\yasse\OneDrive\Desktop\Pre-Coded\venv\Lib\site-packages\django\db\backends\utils.py", line 105, in _execute
    return self.cursor.execute(sql, params)
           ^^^^^^^^^^^^^^^^^^^^^^^^^^^^^^^^
  File "C:\Users\yasse\OneDrive\Desktop\Pre-Coded\venv\Lib\site-packages\django\db\backends\sqlite3\base.py", line 354, in execute
    return super().execute(query, params)
           ^^^^^^^^^^^^^^^^^^^^^^^^^^^^^^
django.db.utils.OperationalError: no such column: create_api_templatefile.description

2025-05-18 20:58:45,718 [DEBUG] core.loaders: [DB Loader][NORMALIZE] Trying normalized paths: ['feed.html', 'templates/feed.html', 'feed.html', 'feed.html']
2025-05-18 20:58:45,718 [DEBUG] core.loaders: [DB Loader][QUERY] SQL lookup for path: 'feed.html' in database 'project_1'
2025-05-18 20:58:45,718 [DEBUG] core.loaders: [DB Loader][DB_CONN] Connection 'project_1' is usable
2025-05-18 20:58:45,719 [DEBUG] core.loaders: [DB Loader][SQL] Running: SELECT id, path, name FROM create_api_templatefile WHERE path = 'feed.html'
2025-05-18 20:58:45,719 [DEBUG] core.loaders: [DB Loader][SQL] No results found
2025-05-18 20:58:45,721 [ERROR] core.loaders: [DB Loader][ERROR] Error querying database for path 'feed.html': no such column: create_api_templatefile.description
2025-05-18 20:58:45,722 [ERROR] core.loaders: Traceback (most recent call last):
  File "C:\Users\yasse\OneDrive\Desktop\Pre-Coded\venv\Lib\site-packages\django\db\backends\utils.py", line 105, in _execute
    return self.cursor.execute(sql, params)
           ^^^^^^^^^^^^^^^^^^^^^^^^^^^^^^^^
  File "C:\Users\yasse\OneDrive\Desktop\Pre-Coded\venv\Lib\site-packages\django\db\backends\sqlite3\base.py", line 354, in execute
    return super().execute(query, params)
           ^^^^^^^^^^^^^^^^^^^^^^^^^^^^^^
sqlite3.OperationalError: no such column: create_api_templatefile.description

The above exception was the direct cause of the following exception:

Traceback (most recent call last):
  File "C:\Users\yasse\OneDrive\Desktop\Pre-Coded\api_generator\core\loaders.py", line 173, in _try_template_path
    template = TemplateFile.objects.using(db_alias).filter(path=path).first()
               ^^^^^^^^^^^^^^^^^^^^^^^^^^^^^^^^^^^^^^^^^^^^^^^^^^^^^^^^^^^^^^
  File "C:\Users\yasse\OneDrive\Desktop\Pre-Coded\venv\Lib\site-packages\django\db\models\query.py", line 1097, in first
    for obj in queryset[:1]:
  File "C:\Users\yasse\OneDrive\Desktop\Pre-Coded\venv\Lib\site-packages\django\db\models\query.py", line 400, in __iter__
    self._fetch_all()
  File "C:\Users\yasse\OneDrive\Desktop\Pre-Coded\venv\Lib\site-packages\django\db\models\query.py", line 1928, in _fetch_all
    self._result_cache = list(self._iterable_class(self))
                         ^^^^^^^^^^^^^^^^^^^^^^^^^^^^^^^^
  File "C:\Users\yasse\OneDrive\Desktop\Pre-Coded\venv\Lib\site-packages\django\db\models\query.py", line 91, in __iter__
    results = compiler.execute_sql(
              ^^^^^^^^^^^^^^^^^^^^^
  File "C:\Users\yasse\OneDrive\Desktop\Pre-Coded\venv\Lib\site-packages\django\db\models\sql\compiler.py", line 1574, in execute_sql
    cursor.execute(sql, params)
  File "C:\Users\yasse\OneDrive\Desktop\Pre-Coded\venv\Lib\site-packages\django\db\backends\utils.py", line 122, in execute
    return super().execute(sql, params)
           ^^^^^^^^^^^^^^^^^^^^^^^^^^^^
  File "C:\Users\yasse\OneDrive\Desktop\Pre-Coded\venv\Lib\site-packages\django\db\backends\utils.py", line 79, in execute
    return self._execute_with_wrappers(
           ^^^^^^^^^^^^^^^^^^^^^^^^^^^^
  File "C:\Users\yasse\OneDrive\Desktop\Pre-Coded\venv\Lib\site-packages\django\db\backends\utils.py", line 92, in _execute_with_wrappers
    return executor(sql, params, many, context)
           ^^^^^^^^^^^^^^^^^^^^^^^^^^^^^^^^^^^^
  File "C:\Users\yasse\OneDrive\Desktop\Pre-Coded\venv\Lib\site-packages\django\db\backends\utils.py", line 100, in _execute
    with self.db.wrap_database_errors:
  File "C:\Users\yasse\OneDrive\Desktop\Pre-Coded\venv\Lib\site-packages\django\db\utils.py", line 91, in __exit__
    raise dj_exc_value.with_traceback(traceback) from exc_value
  File "C:\Users\yasse\OneDrive\Desktop\Pre-Coded\venv\Lib\site-packages\django\db\backends\utils.py", line 105, in _execute
    return self.cursor.execute(sql, params)
           ^^^^^^^^^^^^^^^^^^^^^^^^^^^^^^^^
  File "C:\Users\yasse\OneDrive\Desktop\Pre-Coded\venv\Lib\site-packages\django\db\backends\sqlite3\base.py", line 354, in execute
    return super().execute(query, params)
           ^^^^^^^^^^^^^^^^^^^^^^^^^^^^^^
django.db.utils.OperationalError: no such column: create_api_templatefile.description

2025-05-18 20:58:45,725 [DEBUG] core.loaders: [DB Loader][QUERY] SQL lookup for path: 'templates/feed.html' in database 'project_1'
2025-05-18 20:58:45,725 [DEBUG] core.loaders: [DB Loader][DB_CONN] Connection 'project_1' is usable
2025-05-18 20:58:45,725 [DEBUG] core.loaders: [DB Loader][SQL] Running: SELECT id, path, name FROM create_api_templatefile WHERE path = 'templates/feed.html'
2025-05-18 20:58:45,726 [DEBUG] core.loaders: [DB Loader][SQL] Found 1 results: [(2, 'templates/feed.html', 'feed.html')]
2025-05-18 20:58:45,727 [ERROR] core.loaders: [DB Loader][ERROR] Error querying database for path 'templates/feed.html': no such column: create_api_templatefile.description
2025-05-18 20:58:45,729 [ERROR] core.loaders: Traceback (most recent call last):
  File "C:\Users\yasse\OneDrive\Desktop\Pre-Coded\venv\Lib\site-packages\django\db\backends\utils.py", line 105, in _execute
    return self.cursor.execute(sql, params)
           ^^^^^^^^^^^^^^^^^^^^^^^^^^^^^^^^
  File "C:\Users\yasse\OneDrive\Desktop\Pre-Coded\venv\Lib\site-packages\django\db\backends\sqlite3\base.py", line 354, in execute
    return super().execute(query, params)
           ^^^^^^^^^^^^^^^^^^^^^^^^^^^^^^
sqlite3.OperationalError: no such column: create_api_templatefile.description

The above exception was the direct cause of the following exception:

Traceback (most recent call last):
  File "C:\Users\yasse\OneDrive\Desktop\Pre-Coded\api_generator\core\loaders.py", line 173, in _try_template_path
    template = TemplateFile.objects.using(db_alias).filter(path=path).first()
               ^^^^^^^^^^^^^^^^^^^^^^^^^^^^^^^^^^^^^^^^^^^^^^^^^^^^^^^^^^^^^^
  File "C:\Users\yasse\OneDrive\Desktop\Pre-Coded\venv\Lib\site-packages\django\db\models\query.py", line 1097, in first
    for obj in queryset[:1]:
  File "C:\Users\yasse\OneDrive\Desktop\Pre-Coded\venv\Lib\site-packages\django\db\models\query.py", line 400, in __iter__
    self._fetch_all()
  File "C:\Users\yasse\OneDrive\Desktop\Pre-Coded\venv\Lib\site-packages\django\db\models\query.py", line 1928, in _fetch_all
    self._result_cache = list(self._iterable_class(self))
                         ^^^^^^^^^^^^^^^^^^^^^^^^^^^^^^^^
  File "C:\Users\yasse\OneDrive\Desktop\Pre-Coded\venv\Lib\site-packages\django\db\models\query.py", line 91, in __iter__
    results = compiler.execute_sql(
              ^^^^^^^^^^^^^^^^^^^^^
  File "C:\Users\yasse\OneDrive\Desktop\Pre-Coded\venv\Lib\site-packages\django\db\models\sql\compiler.py", line 1574, in execute_sql
    cursor.execute(sql, params)
  File "C:\Users\yasse\OneDrive\Desktop\Pre-Coded\venv\Lib\site-packages\django\db\backends\utils.py", line 122, in execute
    return super().execute(sql, params)
           ^^^^^^^^^^^^^^^^^^^^^^^^^^^^
  File "C:\Users\yasse\OneDrive\Desktop\Pre-Coded\venv\Lib\site-packages\django\db\backends\utils.py", line 79, in execute
    return self._execute_with_wrappers(
           ^^^^^^^^^^^^^^^^^^^^^^^^^^^^
  File "C:\Users\yasse\OneDrive\Desktop\Pre-Coded\venv\Lib\site-packages\django\db\backends\utils.py", line 92, in _execute_with_wrappers
    return executor(sql, params, many, context)
           ^^^^^^^^^^^^^^^^^^^^^^^^^^^^^^^^^^^^
  File "C:\Users\yasse\OneDrive\Desktop\Pre-Coded\venv\Lib\site-packages\django\db\backends\utils.py", line 100, in _execute
    with self.db.wrap_database_errors:
  File "C:\Users\yasse\OneDrive\Desktop\Pre-Coded\venv\Lib\site-packages\django\db\utils.py", line 91, in __exit__
    raise dj_exc_value.with_traceback(traceback) from exc_value
  File "C:\Users\yasse\OneDrive\Desktop\Pre-Coded\venv\Lib\site-packages\django\db\backends\utils.py", line 105, in _execute
    return self.cursor.execute(sql, params)
           ^^^^^^^^^^^^^^^^^^^^^^^^^^^^^^^^
  File "C:\Users\yasse\OneDrive\Desktop\Pre-Coded\venv\Lib\site-packages\django\db\backends\sqlite3\base.py", line 354, in execute
    return super().execute(query, params)
           ^^^^^^^^^^^^^^^^^^^^^^^^^^^^^^
django.db.utils.OperationalError: no such column: create_api_templatefile.description

2025-05-18 20:58:45,733 [DEBUG] core.loaders: [DB Loader][QUERY] SQL lookup for path: 'feed.html' in database 'project_1'
2025-05-18 20:58:45,733 [DEBUG] core.loaders: [DB Loader][DB_CONN] Connection 'project_1' is usable
2025-05-18 20:58:45,733 [DEBUG] core.loaders: [DB Loader][SQL] Running: SELECT id, path, name FROM create_api_templatefile WHERE path = 'feed.html'
2025-05-18 20:58:45,734 [DEBUG] core.loaders: [DB Loader][SQL] No results found
2025-05-18 20:58:45,736 [ERROR] core.loaders: [DB Loader][ERROR] Error querying database for path 'feed.html': no such column: create_api_templatefile.description
2025-05-18 20:58:45,737 [ERROR] core.loaders: Traceback (most recent call last):
  File "C:\Users\yasse\OneDrive\Desktop\Pre-Coded\venv\Lib\site-packages\django\db\backends\utils.py", line 105, in _execute
    return self.cursor.execute(sql, params)
           ^^^^^^^^^^^^^^^^^^^^^^^^^^^^^^^^
  File "C:\Users\yasse\OneDrive\Desktop\Pre-Coded\venv\Lib\site-packages\django\db\backends\sqlite3\base.py", line 354, in execute
    return super().execute(query, params)
           ^^^^^^^^^^^^^^^^^^^^^^^^^^^^^^
sqlite3.OperationalError: no such column: create_api_templatefile.description

The above exception was the direct cause of the following exception:

Traceback (most recent call last):
  File "C:\Users\yasse\OneDrive\Desktop\Pre-Coded\api_generator\core\loaders.py", line 173, in _try_template_path
    template = TemplateFile.objects.using(db_alias).filter(path=path).first()
               ^^^^^^^^^^^^^^^^^^^^^^^^^^^^^^^^^^^^^^^^^^^^^^^^^^^^^^^^^^^^^^
  File "C:\Users\yasse\OneDrive\Desktop\Pre-Coded\venv\Lib\site-packages\django\db\models\query.py", line 1097, in first
    for obj in queryset[:1]:
  File "C:\Users\yasse\OneDrive\Desktop\Pre-Coded\venv\Lib\site-packages\django\db\models\query.py", line 400, in __iter__
    self._fetch_all()
  File "C:\Users\yasse\OneDrive\Desktop\Pre-Coded\venv\Lib\site-packages\django\db\models\query.py", line 1928, in _fetch_all
    self._result_cache = list(self._iterable_class(self))
                         ^^^^^^^^^^^^^^^^^^^^^^^^^^^^^^^^
  File "C:\Users\yasse\OneDrive\Desktop\Pre-Coded\venv\Lib\site-packages\django\db\models\query.py", line 91, in __iter__
    results = compiler.execute_sql(
              ^^^^^^^^^^^^^^^^^^^^^
  File "C:\Users\yasse\OneDrive\Desktop\Pre-Coded\venv\Lib\site-packages\django\db\models\sql\compiler.py", line 1574, in execute_sql
    cursor.execute(sql, params)
  File "C:\Users\yasse\OneDrive\Desktop\Pre-Coded\venv\Lib\site-packages\django\db\backends\utils.py", line 122, in execute
    return super().execute(sql, params)
           ^^^^^^^^^^^^^^^^^^^^^^^^^^^^
  File "C:\Users\yasse\OneDrive\Desktop\Pre-Coded\venv\Lib\site-packages\django\db\backends\utils.py", line 79, in execute
    return self._execute_with_wrappers(
           ^^^^^^^^^^^^^^^^^^^^^^^^^^^^
  File "C:\Users\yasse\OneDrive\Desktop\Pre-Coded\venv\Lib\site-packages\django\db\backends\utils.py", line 92, in _execute_with_wrappers
    return executor(sql, params, many, context)
           ^^^^^^^^^^^^^^^^^^^^^^^^^^^^^^^^^^^^
  File "C:\Users\yasse\OneDrive\Desktop\Pre-Coded\venv\Lib\site-packages\django\db\backends\utils.py", line 100, in _execute
    with self.db.wrap_database_errors:
  File "C:\Users\yasse\OneDrive\Desktop\Pre-Coded\venv\Lib\site-packages\django\db\utils.py", line 91, in __exit__
    raise dj_exc_value.with_traceback(traceback) from exc_value
  File "C:\Users\yasse\OneDrive\Desktop\Pre-Coded\venv\Lib\site-packages\django\db\backends\utils.py", line 105, in _execute
    return self.cursor.execute(sql, params)
           ^^^^^^^^^^^^^^^^^^^^^^^^^^^^^^^^
  File "C:\Users\yasse\OneDrive\Desktop\Pre-Coded\venv\Lib\site-packages\django\db\backends\sqlite3\base.py", line 354, in execute
    return super().execute(query, params)
           ^^^^^^^^^^^^^^^^^^^^^^^^^^^^^^
django.db.utils.OperationalError: no such column: create_api_templatefile.description

2025-05-18 20:58:45,741 [DEBUG] core.loaders: [DB Loader][QUERY] SQL lookup for path: 'feed.html' in database 'project_1'
2025-05-18 20:58:45,741 [DEBUG] core.loaders: [DB Loader][DB_CONN] Connection 'project_1' is usable
2025-05-18 20:58:45,741 [DEBUG] core.loaders: [DB Loader][SQL] Running: SELECT id, path, name FROM create_api_templatefile WHERE path = 'feed.html'
2025-05-18 20:58:45,742 [DEBUG] core.loaders: [DB Loader][SQL] No results found
2025-05-18 20:58:45,743 [ERROR] core.loaders: [DB Loader][ERROR] Error querying database for path 'feed.html': no such column: create_api_templatefile.description
2025-05-18 20:58:45,744 [ERROR] core.loaders: Traceback (most recent call last):
  File "C:\Users\yasse\OneDrive\Desktop\Pre-Coded\venv\Lib\site-packages\django\db\backends\utils.py", line 105, in _execute
    return self.cursor.execute(sql, params)
           ^^^^^^^^^^^^^^^^^^^^^^^^^^^^^^^^
  File "C:\Users\yasse\OneDrive\Desktop\Pre-Coded\venv\Lib\site-packages\django\db\backends\sqlite3\base.py", line 354, in execute
    return super().execute(query, params)
           ^^^^^^^^^^^^^^^^^^^^^^^^^^^^^^
sqlite3.OperationalError: no such column: create_api_templatefile.description

The above exception was the direct cause of the following exception:

Traceback (most recent call last):
  File "C:\Users\yasse\OneDrive\Desktop\Pre-Coded\api_generator\core\loaders.py", line 173, in _try_template_path
    template = TemplateFile.objects.using(db_alias).filter(path=path).first()
               ^^^^^^^^^^^^^^^^^^^^^^^^^^^^^^^^^^^^^^^^^^^^^^^^^^^^^^^^^^^^^^
  File "C:\Users\yasse\OneDrive\Desktop\Pre-Coded\venv\Lib\site-packages\django\db\models\query.py", line 1097, in first
    for obj in queryset[:1]:
  File "C:\Users\yasse\OneDrive\Desktop\Pre-Coded\venv\Lib\site-packages\django\db\models\query.py", line 400, in __iter__
    self._fetch_all()
  File "C:\Users\yasse\OneDrive\Desktop\Pre-Coded\venv\Lib\site-packages\django\db\models\query.py", line 1928, in _fetch_all
    self._result_cache = list(self._iterable_class(self))
                         ^^^^^^^^^^^^^^^^^^^^^^^^^^^^^^^^
  File "C:\Users\yasse\OneDrive\Desktop\Pre-Coded\venv\Lib\site-packages\django\db\models\query.py", line 91, in __iter__
    results = compiler.execute_sql(
              ^^^^^^^^^^^^^^^^^^^^^
  File "C:\Users\yasse\OneDrive\Desktop\Pre-Coded\venv\Lib\site-packages\django\db\models\sql\compiler.py", line 1574, in execute_sql
    cursor.execute(sql, params)
  File "C:\Users\yasse\OneDrive\Desktop\Pre-Coded\venv\Lib\site-packages\django\db\backends\utils.py", line 122, in execute
    return super().execute(sql, params)
           ^^^^^^^^^^^^^^^^^^^^^^^^^^^^
  File "C:\Users\yasse\OneDrive\Desktop\Pre-Coded\venv\Lib\site-packages\django\db\backends\utils.py", line 79, in execute
    return self._execute_with_wrappers(
           ^^^^^^^^^^^^^^^^^^^^^^^^^^^^
  File "C:\Users\yasse\OneDrive\Desktop\Pre-Coded\venv\Lib\site-packages\django\db\backends\utils.py", line 92, in _execute_with_wrappers
    return executor(sql, params, many, context)
           ^^^^^^^^^^^^^^^^^^^^^^^^^^^^^^^^^^^^
  File "C:\Users\yasse\OneDrive\Desktop\Pre-Coded\venv\Lib\site-packages\django\db\backends\utils.py", line 100, in _execute
    with self.db.wrap_database_errors:
  File "C:\Users\yasse\OneDrive\Desktop\Pre-Coded\venv\Lib\site-packages\django\db\utils.py", line 91, in __exit__
    raise dj_exc_value.with_traceback(traceback) from exc_value
  File "C:\Users\yasse\OneDrive\Desktop\Pre-Coded\venv\Lib\site-packages\django\db\backends\utils.py", line 105, in _execute
    return self.cursor.execute(sql, params)
           ^^^^^^^^^^^^^^^^^^^^^^^^^^^^^^^^
  File "C:\Users\yasse\OneDrive\Desktop\Pre-Coded\venv\Lib\site-packages\django\db\backends\sqlite3\base.py", line 354, in execute
    return super().execute(query, params)
           ^^^^^^^^^^^^^^^^^^^^^^^^^^^^^^
django.db.utils.OperationalError: no such column: create_api_templatefile.description

2025-05-18 20:58:45,749 [DEBUG] core.loaders: [DB Loader][PROJECT] Trying project-based lookup for project 1
2025-05-18 20:58:45,750 [DEBUG] core.loaders: [DB Loader][PROJECT] Searching project 1 templates by filename
2025-05-18 20:58:45,751 [DEBUG] core.loaders: [DB Loader][DB_CONN] Connection 'project_1' is usable
2025-05-18 20:58:45,751 [DEBUG] core.loaders: [DB Loader][PROJECT] Looking for filename: 'feed.html'
2025-05-18 20:58:45,752 [DEBUG] core.loaders: [DB Loader][SQL] Running: SELECT id, path, name FROM create_api_templatefile WHERE project_id = 1
2025-05-18 20:58:45,752 [DEBUG] core.loaders: [DB Loader][SQL] Found 2 templates in project: [(1, 'templates/base.html', 'base.html'), (2, 'templates/feed.html', 'feed.html')]
2025-05-18 20:58:45,754 [ERROR] core.loaders: [DB Loader][PROJECT][ERROR] Error in project-based template search: no such column: create_api_templatefile.description
2025-05-18 20:58:45,756 [ERROR] core.loaders: Traceback (most recent call last):
  File "C:\Users\yasse\OneDrive\Desktop\Pre-Coded\venv\Lib\site-packages\django\db\backends\utils.py", line 105, in _execute
    return self.cursor.execute(sql, params)
           ^^^^^^^^^^^^^^^^^^^^^^^^^^^^^^^^
  File "C:\Users\yasse\OneDrive\Desktop\Pre-Coded\venv\Lib\site-packages\django\db\backends\sqlite3\base.py", line 354, in execute
    return super().execute(query, params)
           ^^^^^^^^^^^^^^^^^^^^^^^^^^^^^^
sqlite3.OperationalError: no such column: create_api_templatefile.description

The above exception was the direct cause of the following exception:

Traceback (most recent call last):
  File "C:\Users\yasse\OneDrive\Desktop\Pre-Coded\api_generator\core\loaders.py", line 227, in _try_project_templates
    templates = list(TemplateFile.objects.using(db_alias).filter(project_id=project_id))
                ^^^^^^^^^^^^^^^^^^^^^^^^^^^^^^^^^^^^^^^^^^^^^^^^^^^^^^^^^^^^^^^^^^^^^^^^
  File "C:\Users\yasse\OneDrive\Desktop\Pre-Coded\venv\Lib\site-packages\django\db\models\query.py", line 400, in __iter__
    self._fetch_all()
  File "C:\Users\yasse\OneDrive\Desktop\Pre-Coded\venv\Lib\site-packages\django\db\models\query.py", line 1928, in _fetch_all
    self._result_cache = list(self._iterable_class(self))
                         ^^^^^^^^^^^^^^^^^^^^^^^^^^^^^^^^
  File "C:\Users\yasse\OneDrive\Desktop\Pre-Coded\venv\Lib\site-packages\django\db\models\query.py", line 91, in __iter__
    results = compiler.execute_sql(
              ^^^^^^^^^^^^^^^^^^^^^
  File "C:\Users\yasse\OneDrive\Desktop\Pre-Coded\venv\Lib\site-packages\django\db\models\sql\compiler.py", line 1574, in execute_sql
    cursor.execute(sql, params)
  File "C:\Users\yasse\OneDrive\Desktop\Pre-Coded\venv\Lib\site-packages\django\db\backends\utils.py", line 122, in execute
    return super().execute(sql, params)
           ^^^^^^^^^^^^^^^^^^^^^^^^^^^^
  File "C:\Users\yasse\OneDrive\Desktop\Pre-Coded\venv\Lib\site-packages\django\db\backends\utils.py", line 79, in execute
    return self._execute_with_wrappers(
           ^^^^^^^^^^^^^^^^^^^^^^^^^^^^
  File "C:\Users\yasse\OneDrive\Desktop\Pre-Coded\venv\Lib\site-packages\django\db\backends\utils.py", line 92, in _execute_with_wrappers
    return executor(sql, params, many, context)
           ^^^^^^^^^^^^^^^^^^^^^^^^^^^^^^^^^^^^
  File "C:\Users\yasse\OneDrive\Desktop\Pre-Coded\venv\Lib\site-packages\django\db\backends\utils.py", line 100, in _execute
    with self.db.wrap_database_errors:
  File "C:\Users\yasse\OneDrive\Desktop\Pre-Coded\venv\Lib\site-packages\django\db\utils.py", line 91, in __exit__
    raise dj_exc_value.with_traceback(traceback) from exc_value
  File "C:\Users\yasse\OneDrive\Desktop\Pre-Coded\venv\Lib\site-packages\django\db\backends\utils.py", line 105, in _execute
    return self.cursor.execute(sql, params)
           ^^^^^^^^^^^^^^^^^^^^^^^^^^^^^^^^
  File "C:\Users\yasse\OneDrive\Desktop\Pre-Coded\venv\Lib\site-packages\django\db\backends\sqlite3\base.py", line 354, in execute
    return super().execute(query, params)
           ^^^^^^^^^^^^^^^^^^^^^^^^^^^^^^
django.db.utils.OperationalError: no such column: create_api_templatefile.description

2025-05-18 20:58:45,760 [DEBUG] core.loaders: [DB Loader][AUTO-CREATE] Attempting to create missing template 'feed.html'
2025-05-18 20:58:45,761 [DEBUG] core.loaders: [DB Loader][DB_CONN] Connection 'project_1' is usable
2025-05-18 20:58:45,762 [DEBUG] core.loaders: [DB Loader][CREATE] Creating template with path='templates/feed.html', name='feed.html'
2025-05-18 20:58:45,763 [ERROR] core.loaders: [DB Loader][CREATE][ERROR] Error creating template: no such table: create_api_project
2025-05-18 20:58:45,764 [ERROR] core.loaders: Traceback (most recent call last):
  File "C:\Users\yasse\OneDrive\Desktop\Pre-Coded\venv\Lib\site-packages\django\db\backends\utils.py", line 105, in _execute
    return self.cursor.execute(sql, params)
           ^^^^^^^^^^^^^^^^^^^^^^^^^^^^^^^^
  File "C:\Users\yasse\OneDrive\Desktop\Pre-Coded\venv\Lib\site-packages\django\db\backends\sqlite3\base.py", line 354, in execute
    return super().execute(query, params)
           ^^^^^^^^^^^^^^^^^^^^^^^^^^^^^^
sqlite3.OperationalError: no such table: create_api_project

The above exception was the direct cause of the following exception:

Traceback (most recent call last):
  File "C:\Users\yasse\OneDrive\Desktop\Pre-Coded\api_generator\core\loaders.py", line 490, in _create_template
    project = Project.objects.using(db_alias).get(id=project_id)
              ^^^^^^^^^^^^^^^^^^^^^^^^^^^^^^^^^^^^^^^^^^^^^^^^^^
  File "C:\Users\yasse\OneDrive\Desktop\Pre-Coded\venv\Lib\site-packages\django\db\models\query.py", line 645, in get
    num = len(clone)
          ^^^^^^^^^^
  File "C:\Users\yasse\OneDrive\Desktop\Pre-Coded\venv\Lib\site-packages\django\db\models\query.py", line 382, in __len__
    self._fetch_all()
  File "C:\Users\yasse\OneDrive\Desktop\Pre-Coded\venv\Lib\site-packages\django\db\models\query.py", line 1928, in _fetch_all
    self._result_cache = list(self._iterable_class(self))
                         ^^^^^^^^^^^^^^^^^^^^^^^^^^^^^^^^
  File "C:\Users\yasse\OneDrive\Desktop\Pre-Coded\venv\Lib\site-packages\django\db\models\query.py", line 91, in __iter__
    results = compiler.execute_sql(
              ^^^^^^^^^^^^^^^^^^^^^
  File "C:\Users\yasse\OneDrive\Desktop\Pre-Coded\venv\Lib\site-packages\django\db\models\sql\compiler.py", line 1574, in execute_sql
    cursor.execute(sql, params)
  File "C:\Users\yasse\OneDrive\Desktop\Pre-Coded\venv\Lib\site-packages\django\db\backends\utils.py", line 122, in execute
    return super().execute(sql, params)
           ^^^^^^^^^^^^^^^^^^^^^^^^^^^^
  File "C:\Users\yasse\OneDrive\Desktop\Pre-Coded\venv\Lib\site-packages\django\db\backends\utils.py", line 79, in execute
    return self._execute_with_wrappers(
           ^^^^^^^^^^^^^^^^^^^^^^^^^^^^
  File "C:\Users\yasse\OneDrive\Desktop\Pre-Coded\venv\Lib\site-packages\django\db\backends\utils.py", line 92, in _execute_with_wrappers
    return executor(sql, params, many, context)
           ^^^^^^^^^^^^^^^^^^^^^^^^^^^^^^^^^^^^
  File "C:\Users\yasse\OneDrive\Desktop\Pre-Coded\venv\Lib\site-packages\django\db\backends\utils.py", line 100, in _execute
    with self.db.wrap_database_errors:
  File "C:\Users\yasse\OneDrive\Desktop\Pre-Coded\venv\Lib\site-packages\django\db\utils.py", line 91, in __exit__
    raise dj_exc_value.with_traceback(traceback) from exc_value
  File "C:\Users\yasse\OneDrive\Desktop\Pre-Coded\venv\Lib\site-packages\django\db\backends\utils.py", line 105, in _execute
    return self.cursor.execute(sql, params)
           ^^^^^^^^^^^^^^^^^^^^^^^^^^^^^^^^
  File "C:\Users\yasse\OneDrive\Desktop\Pre-Coded\venv\Lib\site-packages\django\db\backends\sqlite3\base.py", line 354, in execute
    return super().execute(query, params)
           ^^^^^^^^^^^^^^^^^^^^^^^^^^^^^^
django.db.utils.OperationalError: no such table: create_api_project

2025-05-18 20:58:45,769 [WARNING] core.loaders: [DB Loader][FAILED] Template 'feed.html' not found after all attempts
2025-05-18 20:58:45,771 [DEBUG] core.loaders: [DB Loader][AVAILABLE] 2 templates in database for project 1
2025-05-18 20:58:45,773 [ERROR] core.loaders: [DB Loader][ERROR] Failed to list available templates: no such column: create_api_templatefile.description
2025-05-18 20:58:45,773 [WARNING] template_debugger: Couldn't test get_contents - no sources found for 'feed.html'
2025-05-18 20:58:45,773 [INFO] template_debugger: 
Testing template: 'templates/feed.html'
2025-05-18 20:58:45,773 [DEBUG] core.loaders: [DB Loader][START] Template lookup for: 'templates/feed.html'
2025-05-18 20:58:45,774 [DEBUG] core.loaders: [DB Loader][CALL STACK] ['  File "C:\\Users\\yasse\\OneDrive\\Desktop\\Pre-Coded\\api_generator\\debug_template_loader.py", line 541, in main\n    test_template_loader(project_id)\n', '  File "C:\\Users\\yasse\\OneDrive\\Desktop\\Pre-Coded\\api_generator\\debug_template_loader.py", line 356, in test_template_loader\n    sources = list(loader.get_template_sources(template_name))\n']
2025-05-18 20:58:45,776 [DEBUG] core.thread_local: [Thread Local][GET] db_alias = project_1
2025-05-18 20:58:45,776 [DEBUG] core.loaders: [DB Loader][DB_ALIAS] Using database alias: 'project_1'
2025-05-18 20:58:45,777 [DEBUG] core.thread_local: [Thread Local][GET] project_id = 1
2025-05-18 20:58:45,777 [DEBUG] core.loaders: [DB Loader][DB_CONN] Connection 'project_1' is usable
2025-05-18 20:58:45,778 [DEBUG] core.loaders: [DB Loader][CONTEXT] {"project_id": 1, "db_alias": "project_1", "connection_id": "debug-1747591125", "ws_context": true, "template_name": "templates/feed.html", "active_connections": "['default', 'project_1']", "thread_id": 2069757272976}
2025-05-18 20:58:45,778 [DEBUG] core.thread_local: [Thread Local][GET] project_id = 1
2025-05-18 20:58:45,779 [DEBUG] core.loaders: [DB Loader][QUERY] Trying exact path match for 'templates/feed.html'
2025-05-18 20:58:45,780 [DEBUG] core.loaders: [DB Loader][QUERY] SQL lookup for path: 'templates/feed.html' in database 'project_1'
2025-05-18 20:58:45,780 [DEBUG] core.loaders: [DB Loader][DB_CONN] Connection 'project_1' is usable
2025-05-18 20:58:45,781 [DEBUG] core.loaders: [DB Loader][SQL] Running: SELECT id, path, name FROM create_api_templatefile WHERE path = 'templates/feed.html'
2025-05-18 20:58:45,782 [DEBUG] core.loaders: [DB Loader][SQL] Found 1 results: [(2, 'templates/feed.html', 'feed.html')]
2025-05-18 20:58:45,785 [ERROR] core.loaders: [DB Loader][ERROR] Error querying database for path 'templates/feed.html': no such column: create_api_templatefile.description
2025-05-18 20:58:45,786 [ERROR] core.loaders: Traceback (most recent call last):
  File "C:\Users\yasse\OneDrive\Desktop\Pre-Coded\venv\Lib\site-packages\django\db\backends\utils.py", line 105, in _execute
    return self.cursor.execute(sql, params)
           ^^^^^^^^^^^^^^^^^^^^^^^^^^^^^^^^
  File "C:\Users\yasse\OneDrive\Desktop\Pre-Coded\venv\Lib\site-packages\django\db\backends\sqlite3\base.py", line 354, in execute
    return super().execute(query, params)
           ^^^^^^^^^^^^^^^^^^^^^^^^^^^^^^
sqlite3.OperationalError: no such column: create_api_templatefile.description

The above exception was the direct cause of the following exception:

Traceback (most recent call last):
  File "C:\Users\yasse\OneDrive\Desktop\Pre-Coded\api_generator\core\loaders.py", line 173, in _try_template_path
    template = TemplateFile.objects.using(db_alias).filter(path=path).first()
               ^^^^^^^^^^^^^^^^^^^^^^^^^^^^^^^^^^^^^^^^^^^^^^^^^^^^^^^^^^^^^^
  File "C:\Users\yasse\OneDrive\Desktop\Pre-Coded\venv\Lib\site-packages\django\db\models\query.py", line 1097, in first
    for obj in queryset[:1]:
  File "C:\Users\yasse\OneDrive\Desktop\Pre-Coded\venv\Lib\site-packages\django\db\models\query.py", line 400, in __iter__
    self._fetch_all()
  File "C:\Users\yasse\OneDrive\Desktop\Pre-Coded\venv\Lib\site-packages\django\db\models\query.py", line 1928, in _fetch_all
    self._result_cache = list(self._iterable_class(self))
                         ^^^^^^^^^^^^^^^^^^^^^^^^^^^^^^^^
  File "C:\Users\yasse\OneDrive\Desktop\Pre-Coded\venv\Lib\site-packages\django\db\models\query.py", line 91, in __iter__
    results = compiler.execute_sql(
              ^^^^^^^^^^^^^^^^^^^^^
  File "C:\Users\yasse\OneDrive\Desktop\Pre-Coded\venv\Lib\site-packages\django\db\models\sql\compiler.py", line 1574, in execute_sql
    cursor.execute(sql, params)
  File "C:\Users\yasse\OneDrive\Desktop\Pre-Coded\venv\Lib\site-packages\django\db\backends\utils.py", line 122, in execute
    return super().execute(sql, params)
           ^^^^^^^^^^^^^^^^^^^^^^^^^^^^
  File "C:\Users\yasse\OneDrive\Desktop\Pre-Coded\venv\Lib\site-packages\django\db\backends\utils.py", line 79, in execute
    return self._execute_with_wrappers(
           ^^^^^^^^^^^^^^^^^^^^^^^^^^^^
  File "C:\Users\yasse\OneDrive\Desktop\Pre-Coded\venv\Lib\site-packages\django\db\backends\utils.py", line 92, in _execute_with_wrappers
    return executor(sql, params, many, context)
           ^^^^^^^^^^^^^^^^^^^^^^^^^^^^^^^^^^^^
  File "C:\Users\yasse\OneDrive\Desktop\Pre-Coded\venv\Lib\site-packages\django\db\backends\utils.py", line 100, in _execute
    with self.db.wrap_database_errors:
  File "C:\Users\yasse\OneDrive\Desktop\Pre-Coded\venv\Lib\site-packages\django\db\utils.py", line 91, in __exit__
    raise dj_exc_value.with_traceback(traceback) from exc_value
  File "C:\Users\yasse\OneDrive\Desktop\Pre-Coded\venv\Lib\site-packages\django\db\backends\utils.py", line 105, in _execute
    return self.cursor.execute(sql, params)
           ^^^^^^^^^^^^^^^^^^^^^^^^^^^^^^^^
  File "C:\Users\yasse\OneDrive\Desktop\Pre-Coded\venv\Lib\site-packages\django\db\backends\sqlite3\base.py", line 354, in execute
    return super().execute(query, params)
           ^^^^^^^^^^^^^^^^^^^^^^^^^^^^^^
django.db.utils.OperationalError: no such column: create_api_templatefile.description

2025-05-18 20:58:45,790 [DEBUG] core.loaders: [DB Loader][NORMALIZE] Trying normalized paths: ['templates/feed.html', 'templates/templates/feed.html', 'feed.html', 'feed.html']
2025-05-18 20:58:45,791 [DEBUG] core.loaders: [DB Loader][QUERY] SQL lookup for path: 'templates/feed.html' in database 'project_1'
2025-05-18 20:58:45,791 [DEBUG] core.loaders: [DB Loader][DB_CONN] Connection 'project_1' is usable
2025-05-18 20:58:45,792 [DEBUG] core.loaders: [DB Loader][SQL] Running: SELECT id, path, name FROM create_api_templatefile WHERE path = 'templates/feed.html'
2025-05-18 20:58:45,792 [DEBUG] core.loaders: [DB Loader][SQL] Found 1 results: [(2, 'templates/feed.html', 'feed.html')]
2025-05-18 20:58:45,794 [ERROR] core.loaders: [DB Loader][ERROR] Error querying database for path 'templates/feed.html': no such column: create_api_templatefile.description
2025-05-18 20:58:45,796 [ERROR] core.loaders: Traceback (most recent call last):
  File "C:\Users\yasse\OneDrive\Desktop\Pre-Coded\venv\Lib\site-packages\django\db\backends\utils.py", line 105, in _execute
    return self.cursor.execute(sql, params)
           ^^^^^^^^^^^^^^^^^^^^^^^^^^^^^^^^
  File "C:\Users\yasse\OneDrive\Desktop\Pre-Coded\venv\Lib\site-packages\django\db\backends\sqlite3\base.py", line 354, in execute
    return super().execute(query, params)
           ^^^^^^^^^^^^^^^^^^^^^^^^^^^^^^
sqlite3.OperationalError: no such column: create_api_templatefile.description

The above exception was the direct cause of the following exception:

Traceback (most recent call last):
  File "C:\Users\yasse\OneDrive\Desktop\Pre-Coded\api_generator\core\loaders.py", line 173, in _try_template_path
    template = TemplateFile.objects.using(db_alias).filter(path=path).first()
               ^^^^^^^^^^^^^^^^^^^^^^^^^^^^^^^^^^^^^^^^^^^^^^^^^^^^^^^^^^^^^^
  File "C:\Users\yasse\OneDrive\Desktop\Pre-Coded\venv\Lib\site-packages\django\db\models\query.py", line 1097, in first
    for obj in queryset[:1]:
  File "C:\Users\yasse\OneDrive\Desktop\Pre-Coded\venv\Lib\site-packages\django\db\models\query.py", line 400, in __iter__
    self._fetch_all()
  File "C:\Users\yasse\OneDrive\Desktop\Pre-Coded\venv\Lib\site-packages\django\db\models\query.py", line 1928, in _fetch_all
    self._result_cache = list(self._iterable_class(self))
                         ^^^^^^^^^^^^^^^^^^^^^^^^^^^^^^^^
  File "C:\Users\yasse\OneDrive\Desktop\Pre-Coded\venv\Lib\site-packages\django\db\models\query.py", line 91, in __iter__
    results = compiler.execute_sql(
              ^^^^^^^^^^^^^^^^^^^^^
  File "C:\Users\yasse\OneDrive\Desktop\Pre-Coded\venv\Lib\site-packages\django\db\models\sql\compiler.py", line 1574, in execute_sql
    cursor.execute(sql, params)
  File "C:\Users\yasse\OneDrive\Desktop\Pre-Coded\venv\Lib\site-packages\django\db\backends\utils.py", line 122, in execute
    return super().execute(sql, params)
           ^^^^^^^^^^^^^^^^^^^^^^^^^^^^
  File "C:\Users\yasse\OneDrive\Desktop\Pre-Coded\venv\Lib\site-packages\django\db\backends\utils.py", line 79, in execute
    return self._execute_with_wrappers(
           ^^^^^^^^^^^^^^^^^^^^^^^^^^^^
  File "C:\Users\yasse\OneDrive\Desktop\Pre-Coded\venv\Lib\site-packages\django\db\backends\utils.py", line 92, in _execute_with_wrappers
    return executor(sql, params, many, context)
           ^^^^^^^^^^^^^^^^^^^^^^^^^^^^^^^^^^^^
  File "C:\Users\yasse\OneDrive\Desktop\Pre-Coded\venv\Lib\site-packages\django\db\backends\utils.py", line 100, in _execute
    with self.db.wrap_database_errors:
  File "C:\Users\yasse\OneDrive\Desktop\Pre-Coded\venv\Lib\site-packages\django\db\utils.py", line 91, in __exit__
    raise dj_exc_value.with_traceback(traceback) from exc_value
  File "C:\Users\yasse\OneDrive\Desktop\Pre-Coded\venv\Lib\site-packages\django\db\backends\utils.py", line 105, in _execute
    return self.cursor.execute(sql, params)
           ^^^^^^^^^^^^^^^^^^^^^^^^^^^^^^^^
  File "C:\Users\yasse\OneDrive\Desktop\Pre-Coded\venv\Lib\site-packages\django\db\backends\sqlite3\base.py", line 354, in execute
    return super().execute(query, params)
           ^^^^^^^^^^^^^^^^^^^^^^^^^^^^^^
django.db.utils.OperationalError: no such column: create_api_templatefile.description

2025-05-18 20:58:45,800 [DEBUG] core.loaders: [DB Loader][QUERY] SQL lookup for path: 'templates/templates/feed.html' in database 'project_1'
2025-05-18 20:58:45,801 [DEBUG] core.loaders: [DB Loader][DB_CONN] Connection 'project_1' is usable
2025-05-18 20:58:45,801 [DEBUG] core.loaders: [DB Loader][SQL] Running: SELECT id, path, name FROM create_api_templatefile WHERE path = 'templates/templates/feed.html'
2025-05-18 20:58:45,802 [DEBUG] core.loaders: [DB Loader][SQL] No results found
2025-05-18 20:58:45,804 [ERROR] core.loaders: [DB Loader][ERROR] Error querying database for path 'templates/templates/feed.html': no such column: create_api_templatefile.description
2025-05-18 20:58:45,806 [ERROR] core.loaders: Traceback (most recent call last):
  File "C:\Users\yasse\OneDrive\Desktop\Pre-Coded\venv\Lib\site-packages\django\db\backends\utils.py", line 105, in _execute
    return self.cursor.execute(sql, params)
           ^^^^^^^^^^^^^^^^^^^^^^^^^^^^^^^^
  File "C:\Users\yasse\OneDrive\Desktop\Pre-Coded\venv\Lib\site-packages\django\db\backends\sqlite3\base.py", line 354, in execute
    return super().execute(query, params)
           ^^^^^^^^^^^^^^^^^^^^^^^^^^^^^^
sqlite3.OperationalError: no such column: create_api_templatefile.description

The above exception was the direct cause of the following exception:

Traceback (most recent call last):
  File "C:\Users\yasse\OneDrive\Desktop\Pre-Coded\api_generator\core\loaders.py", line 173, in _try_template_path
    template = TemplateFile.objects.using(db_alias).filter(path=path).first()
               ^^^^^^^^^^^^^^^^^^^^^^^^^^^^^^^^^^^^^^^^^^^^^^^^^^^^^^^^^^^^^^
  File "C:\Users\yasse\OneDrive\Desktop\Pre-Coded\venv\Lib\site-packages\django\db\models\query.py", line 1097, in first
    for obj in queryset[:1]:
  File "C:\Users\yasse\OneDrive\Desktop\Pre-Coded\venv\Lib\site-packages\django\db\models\query.py", line 400, in __iter__
    self._fetch_all()
  File "C:\Users\yasse\OneDrive\Desktop\Pre-Coded\venv\Lib\site-packages\django\db\models\query.py", line 1928, in _fetch_all
    self._result_cache = list(self._iterable_class(self))
                         ^^^^^^^^^^^^^^^^^^^^^^^^^^^^^^^^
  File "C:\Users\yasse\OneDrive\Desktop\Pre-Coded\venv\Lib\site-packages\django\db\models\query.py", line 91, in __iter__
    results = compiler.execute_sql(
              ^^^^^^^^^^^^^^^^^^^^^
  File "C:\Users\yasse\OneDrive\Desktop\Pre-Coded\venv\Lib\site-packages\django\db\models\sql\compiler.py", line 1574, in execute_sql
    cursor.execute(sql, params)
  File "C:\Users\yasse\OneDrive\Desktop\Pre-Coded\venv\Lib\site-packages\django\db\backends\utils.py", line 122, in execute
    return super().execute(sql, params)
           ^^^^^^^^^^^^^^^^^^^^^^^^^^^^
  File "C:\Users\yasse\OneDrive\Desktop\Pre-Coded\venv\Lib\site-packages\django\db\backends\utils.py", line 79, in execute
    return self._execute_with_wrappers(
           ^^^^^^^^^^^^^^^^^^^^^^^^^^^^
  File "C:\Users\yasse\OneDrive\Desktop\Pre-Coded\venv\Lib\site-packages\django\db\backends\utils.py", line 92, in _execute_with_wrappers
    return executor(sql, params, many, context)
           ^^^^^^^^^^^^^^^^^^^^^^^^^^^^^^^^^^^^
  File "C:\Users\yasse\OneDrive\Desktop\Pre-Coded\venv\Lib\site-packages\django\db\backends\utils.py", line 100, in _execute
    with self.db.wrap_database_errors:
  File "C:\Users\yasse\OneDrive\Desktop\Pre-Coded\venv\Lib\site-packages\django\db\utils.py", line 91, in __exit__
    raise dj_exc_value.with_traceback(traceback) from exc_value
  File "C:\Users\yasse\OneDrive\Desktop\Pre-Coded\venv\Lib\site-packages\django\db\backends\utils.py", line 105, in _execute
    return self.cursor.execute(sql, params)
           ^^^^^^^^^^^^^^^^^^^^^^^^^^^^^^^^
  File "C:\Users\yasse\OneDrive\Desktop\Pre-Coded\venv\Lib\site-packages\django\db\backends\sqlite3\base.py", line 354, in execute
    return super().execute(query, params)
           ^^^^^^^^^^^^^^^^^^^^^^^^^^^^^^
django.db.utils.OperationalError: no such column: create_api_templatefile.description

2025-05-18 20:58:45,810 [DEBUG] core.loaders: [DB Loader][QUERY] SQL lookup for path: 'feed.html' in database 'project_1'
2025-05-18 20:58:45,811 [DEBUG] core.loaders: [DB Loader][DB_CONN] Connection 'project_1' is usable
2025-05-18 20:58:45,812 [DEBUG] core.loaders: [DB Loader][SQL] Running: SELECT id, path, name FROM create_api_templatefile WHERE path = 'feed.html'
2025-05-18 20:58:45,812 [DEBUG] core.loaders: [DB Loader][SQL] No results found
2025-05-18 20:58:45,813 [ERROR] core.loaders: [DB Loader][ERROR] Error querying database for path 'feed.html': no such column: create_api_templatefile.description
2025-05-18 20:58:45,815 [ERROR] core.loaders: Traceback (most recent call last):
  File "C:\Users\yasse\OneDrive\Desktop\Pre-Coded\venv\Lib\site-packages\django\db\backends\utils.py", line 105, in _execute
    return self.cursor.execute(sql, params)
           ^^^^^^^^^^^^^^^^^^^^^^^^^^^^^^^^
  File "C:\Users\yasse\OneDrive\Desktop\Pre-Coded\venv\Lib\site-packages\django\db\backends\sqlite3\base.py", line 354, in execute
    return super().execute(query, params)
           ^^^^^^^^^^^^^^^^^^^^^^^^^^^^^^
sqlite3.OperationalError: no such column: create_api_templatefile.description

The above exception was the direct cause of the following exception:

Traceback (most recent call last):
  File "C:\Users\yasse\OneDrive\Desktop\Pre-Coded\api_generator\core\loaders.py", line 173, in _try_template_path
    template = TemplateFile.objects.using(db_alias).filter(path=path).first()
               ^^^^^^^^^^^^^^^^^^^^^^^^^^^^^^^^^^^^^^^^^^^^^^^^^^^^^^^^^^^^^^
  File "C:\Users\yasse\OneDrive\Desktop\Pre-Coded\venv\Lib\site-packages\django\db\models\query.py", line 1097, in first
    for obj in queryset[:1]:
  File "C:\Users\yasse\OneDrive\Desktop\Pre-Coded\venv\Lib\site-packages\django\db\models\query.py", line 400, in __iter__
    self._fetch_all()
  File "C:\Users\yasse\OneDrive\Desktop\Pre-Coded\venv\Lib\site-packages\django\db\models\query.py", line 1928, in _fetch_all
    self._result_cache = list(self._iterable_class(self))
                         ^^^^^^^^^^^^^^^^^^^^^^^^^^^^^^^^
  File "C:\Users\yasse\OneDrive\Desktop\Pre-Coded\venv\Lib\site-packages\django\db\models\query.py", line 91, in __iter__
    results = compiler.execute_sql(
              ^^^^^^^^^^^^^^^^^^^^^
  File "C:\Users\yasse\OneDrive\Desktop\Pre-Coded\venv\Lib\site-packages\django\db\models\sql\compiler.py", line 1574, in execute_sql
    cursor.execute(sql, params)
  File "C:\Users\yasse\OneDrive\Desktop\Pre-Coded\venv\Lib\site-packages\django\db\backends\utils.py", line 122, in execute
    return super().execute(sql, params)
           ^^^^^^^^^^^^^^^^^^^^^^^^^^^^
  File "C:\Users\yasse\OneDrive\Desktop\Pre-Coded\venv\Lib\site-packages\django\db\backends\utils.py", line 79, in execute
    return self._execute_with_wrappers(
           ^^^^^^^^^^^^^^^^^^^^^^^^^^^^
  File "C:\Users\yasse\OneDrive\Desktop\Pre-Coded\venv\Lib\site-packages\django\db\backends\utils.py", line 92, in _execute_with_wrappers
    return executor(sql, params, many, context)
           ^^^^^^^^^^^^^^^^^^^^^^^^^^^^^^^^^^^^
  File "C:\Users\yasse\OneDrive\Desktop\Pre-Coded\venv\Lib\site-packages\django\db\backends\utils.py", line 100, in _execute
    with self.db.wrap_database_errors:
  File "C:\Users\yasse\OneDrive\Desktop\Pre-Coded\venv\Lib\site-packages\django\db\utils.py", line 91, in __exit__
    raise dj_exc_value.with_traceback(traceback) from exc_value
  File "C:\Users\yasse\OneDrive\Desktop\Pre-Coded\venv\Lib\site-packages\django\db\backends\utils.py", line 105, in _execute
    return self.cursor.execute(sql, params)
           ^^^^^^^^^^^^^^^^^^^^^^^^^^^^^^^^
  File "C:\Users\yasse\OneDrive\Desktop\Pre-Coded\venv\Lib\site-packages\django\db\backends\sqlite3\base.py", line 354, in execute
    return super().execute(query, params)
           ^^^^^^^^^^^^^^^^^^^^^^^^^^^^^^
django.db.utils.OperationalError: no such column: create_api_templatefile.description

2025-05-18 20:58:45,821 [DEBUG] core.loaders: [DB Loader][QUERY] SQL lookup for path: 'feed.html' in database 'project_1'
2025-05-18 20:58:45,821 [DEBUG] core.loaders: [DB Loader][DB_CONN] Connection 'project_1' is usable
2025-05-18 20:58:45,822 [DEBUG] core.loaders: [DB Loader][SQL] Running: SELECT id, path, name FROM create_api_templatefile WHERE path = 'feed.html'
2025-05-18 20:58:45,823 [DEBUG] core.loaders: [DB Loader][SQL] No results found
2025-05-18 20:58:45,825 [ERROR] core.loaders: [DB Loader][ERROR] Error querying database for path 'feed.html': no such column: create_api_templatefile.description
2025-05-18 20:58:45,828 [ERROR] core.loaders: Traceback (most recent call last):
  File "C:\Users\yasse\OneDrive\Desktop\Pre-Coded\venv\Lib\site-packages\django\db\backends\utils.py", line 105, in _execute
    return self.cursor.execute(sql, params)
           ^^^^^^^^^^^^^^^^^^^^^^^^^^^^^^^^
  File "C:\Users\yasse\OneDrive\Desktop\Pre-Coded\venv\Lib\site-packages\django\db\backends\sqlite3\base.py", line 354, in execute
    return super().execute(query, params)
           ^^^^^^^^^^^^^^^^^^^^^^^^^^^^^^
sqlite3.OperationalError: no such column: create_api_templatefile.description

The above exception was the direct cause of the following exception:

Traceback (most recent call last):
  File "C:\Users\yasse\OneDrive\Desktop\Pre-Coded\api_generator\core\loaders.py", line 173, in _try_template_path
    template = TemplateFile.objects.using(db_alias).filter(path=path).first()
               ^^^^^^^^^^^^^^^^^^^^^^^^^^^^^^^^^^^^^^^^^^^^^^^^^^^^^^^^^^^^^^
  File "C:\Users\yasse\OneDrive\Desktop\Pre-Coded\venv\Lib\site-packages\django\db\models\query.py", line 1097, in first
    for obj in queryset[:1]:
  File "C:\Users\yasse\OneDrive\Desktop\Pre-Coded\venv\Lib\site-packages\django\db\models\query.py", line 400, in __iter__
    self._fetch_all()
  File "C:\Users\yasse\OneDrive\Desktop\Pre-Coded\venv\Lib\site-packages\django\db\models\query.py", line 1928, in _fetch_all
    self._result_cache = list(self._iterable_class(self))
                         ^^^^^^^^^^^^^^^^^^^^^^^^^^^^^^^^
  File "C:\Users\yasse\OneDrive\Desktop\Pre-Coded\venv\Lib\site-packages\django\db\models\query.py", line 91, in __iter__
    results = compiler.execute_sql(
              ^^^^^^^^^^^^^^^^^^^^^
  File "C:\Users\yasse\OneDrive\Desktop\Pre-Coded\venv\Lib\site-packages\django\db\models\sql\compiler.py", line 1574, in execute_sql
    cursor.execute(sql, params)
  File "C:\Users\yasse\OneDrive\Desktop\Pre-Coded\venv\Lib\site-packages\django\db\backends\utils.py", line 122, in execute
    return super().execute(sql, params)
           ^^^^^^^^^^^^^^^^^^^^^^^^^^^^
  File "C:\Users\yasse\OneDrive\Desktop\Pre-Coded\venv\Lib\site-packages\django\db\backends\utils.py", line 79, in execute
    return self._execute_with_wrappers(
           ^^^^^^^^^^^^^^^^^^^^^^^^^^^^
  File "C:\Users\yasse\OneDrive\Desktop\Pre-Coded\venv\Lib\site-packages\django\db\backends\utils.py", line 92, in _execute_with_wrappers
    return executor(sql, params, many, context)
           ^^^^^^^^^^^^^^^^^^^^^^^^^^^^^^^^^^^^
  File "C:\Users\yasse\OneDrive\Desktop\Pre-Coded\venv\Lib\site-packages\django\db\backends\utils.py", line 100, in _execute
    with self.db.wrap_database_errors:
  File "C:\Users\yasse\OneDrive\Desktop\Pre-Coded\venv\Lib\site-packages\django\db\utils.py", line 91, in __exit__
    raise dj_exc_value.with_traceback(traceback) from exc_value
  File "C:\Users\yasse\OneDrive\Desktop\Pre-Coded\venv\Lib\site-packages\django\db\backends\utils.py", line 105, in _execute
    return self.cursor.execute(sql, params)
           ^^^^^^^^^^^^^^^^^^^^^^^^^^^^^^^^
  File "C:\Users\yasse\OneDrive\Desktop\Pre-Coded\venv\Lib\site-packages\django\db\backends\sqlite3\base.py", line 354, in execute
    return super().execute(query, params)
           ^^^^^^^^^^^^^^^^^^^^^^^^^^^^^^
django.db.utils.OperationalError: no such column: create_api_templatefile.description

2025-05-18 20:58:45,832 [DEBUG] core.loaders: [DB Loader][PROJECT] Trying project-based lookup for project 1
2025-05-18 20:58:45,833 [DEBUG] core.loaders: [DB Loader][PROJECT] Searching project 1 templates by filename
2025-05-18 20:58:45,834 [DEBUG] core.loaders: [DB Loader][DB_CONN] Connection 'project_1' is usable
2025-05-18 20:58:45,834 [DEBUG] core.loaders: [DB Loader][PROJECT] Looking for filename: 'feed.html'
2025-05-18 20:58:45,835 [DEBUG] core.loaders: [DB Loader][SQL] Running: SELECT id, path, name FROM create_api_templatefile WHERE project_id = 1
2025-05-18 20:58:45,836 [DEBUG] core.loaders: [DB Loader][SQL] Found 2 templates in project: [(1, 'templates/base.html', 'base.html'), (2, 'templates/feed.html', 'feed.html')]
2025-05-18 20:58:45,838 [ERROR] core.loaders: [DB Loader][PROJECT][ERROR] Error in project-based template search: no such column: create_api_templatefile.description
2025-05-18 20:58:45,840 [ERROR] core.loaders: Traceback (most recent call last):
  File "C:\Users\yasse\OneDrive\Desktop\Pre-Coded\venv\Lib\site-packages\django\db\backends\utils.py", line 105, in _execute
    return self.cursor.execute(sql, params)
           ^^^^^^^^^^^^^^^^^^^^^^^^^^^^^^^^
  File "C:\Users\yasse\OneDrive\Desktop\Pre-Coded\venv\Lib\site-packages\django\db\backends\sqlite3\base.py", line 354, in execute
    return super().execute(query, params)
           ^^^^^^^^^^^^^^^^^^^^^^^^^^^^^^
sqlite3.OperationalError: no such column: create_api_templatefile.description

The above exception was the direct cause of the following exception:

Traceback (most recent call last):
  File "C:\Users\yasse\OneDrive\Desktop\Pre-Coded\api_generator\core\loaders.py", line 227, in _try_project_templates
    templates = list(TemplateFile.objects.using(db_alias).filter(project_id=project_id))
                ^^^^^^^^^^^^^^^^^^^^^^^^^^^^^^^^^^^^^^^^^^^^^^^^^^^^^^^^^^^^^^^^^^^^^^^^
  File "C:\Users\yasse\OneDrive\Desktop\Pre-Coded\venv\Lib\site-packages\django\db\models\query.py", line 400, in __iter__
    self._fetch_all()
  File "C:\Users\yasse\OneDrive\Desktop\Pre-Coded\venv\Lib\site-packages\django\db\models\query.py", line 1928, in _fetch_all
    self._result_cache = list(self._iterable_class(self))
                         ^^^^^^^^^^^^^^^^^^^^^^^^^^^^^^^^
  File "C:\Users\yasse\OneDrive\Desktop\Pre-Coded\venv\Lib\site-packages\django\db\models\query.py", line 91, in __iter__
    results = compiler.execute_sql(
              ^^^^^^^^^^^^^^^^^^^^^
  File "C:\Users\yasse\OneDrive\Desktop\Pre-Coded\venv\Lib\site-packages\django\db\models\sql\compiler.py", line 1574, in execute_sql
    cursor.execute(sql, params)
  File "C:\Users\yasse\OneDrive\Desktop\Pre-Coded\venv\Lib\site-packages\django\db\backends\utils.py", line 122, in execute
    return super().execute(sql, params)
           ^^^^^^^^^^^^^^^^^^^^^^^^^^^^
  File "C:\Users\yasse\OneDrive\Desktop\Pre-Coded\venv\Lib\site-packages\django\db\backends\utils.py", line 79, in execute
    return self._execute_with_wrappers(
           ^^^^^^^^^^^^^^^^^^^^^^^^^^^^
  File "C:\Users\yasse\OneDrive\Desktop\Pre-Coded\venv\Lib\site-packages\django\db\backends\utils.py", line 92, in _execute_with_wrappers
    return executor(sql, params, many, context)
           ^^^^^^^^^^^^^^^^^^^^^^^^^^^^^^^^^^^^
  File "C:\Users\yasse\OneDrive\Desktop\Pre-Coded\venv\Lib\site-packages\django\db\backends\utils.py", line 100, in _execute
    with self.db.wrap_database_errors:
  File "C:\Users\yasse\OneDrive\Desktop\Pre-Coded\venv\Lib\site-packages\django\db\utils.py", line 91, in __exit__
    raise dj_exc_value.with_traceback(traceback) from exc_value
  File "C:\Users\yasse\OneDrive\Desktop\Pre-Coded\venv\Lib\site-packages\django\db\backends\utils.py", line 105, in _execute
    return self.cursor.execute(sql, params)
           ^^^^^^^^^^^^^^^^^^^^^^^^^^^^^^^^
  File "C:\Users\yasse\OneDrive\Desktop\Pre-Coded\venv\Lib\site-packages\django\db\backends\sqlite3\base.py", line 354, in execute
    return super().execute(query, params)
           ^^^^^^^^^^^^^^^^^^^^^^^^^^^^^^
django.db.utils.OperationalError: no such column: create_api_templatefile.description

2025-05-18 20:58:45,844 [DEBUG] core.loaders: [DB Loader][AUTO-CREATE] Attempting to create missing template 'templates/feed.html'
2025-05-18 20:58:45,845 [DEBUG] core.loaders: [DB Loader][DB_CONN] Connection 'project_1' is usable
2025-05-18 20:58:45,846 [DEBUG] core.loaders: [DB Loader][CREATE] Creating template with path='templates/feed.html', name='feed.html'
2025-05-18 20:58:45,847 [ERROR] core.loaders: [DB Loader][CREATE][ERROR] Error creating template: no such table: create_api_project
2025-05-18 20:58:45,850 [ERROR] core.loaders: Traceback (most recent call last):
  File "C:\Users\yasse\OneDrive\Desktop\Pre-Coded\venv\Lib\site-packages\django\db\backends\utils.py", line 105, in _execute
    return self.cursor.execute(sql, params)
           ^^^^^^^^^^^^^^^^^^^^^^^^^^^^^^^^
  File "C:\Users\yasse\OneDrive\Desktop\Pre-Coded\venv\Lib\site-packages\django\db\backends\sqlite3\base.py", line 354, in execute
    return super().execute(query, params)
           ^^^^^^^^^^^^^^^^^^^^^^^^^^^^^^
sqlite3.OperationalError: no such table: create_api_project

The above exception was the direct cause of the following exception:

Traceback (most recent call last):
  File "C:\Users\yasse\OneDrive\Desktop\Pre-Coded\api_generator\core\loaders.py", line 490, in _create_template
    project = Project.objects.using(db_alias).get(id=project_id)
              ^^^^^^^^^^^^^^^^^^^^^^^^^^^^^^^^^^^^^^^^^^^^^^^^^^
  File "C:\Users\yasse\OneDrive\Desktop\Pre-Coded\venv\Lib\site-packages\django\db\models\query.py", line 645, in get
    num = len(clone)
          ^^^^^^^^^^
  File "C:\Users\yasse\OneDrive\Desktop\Pre-Coded\venv\Lib\site-packages\django\db\models\query.py", line 382, in __len__
    self._fetch_all()
  File "C:\Users\yasse\OneDrive\Desktop\Pre-Coded\venv\Lib\site-packages\django\db\models\query.py", line 1928, in _fetch_all
    self._result_cache = list(self._iterable_class(self))
                         ^^^^^^^^^^^^^^^^^^^^^^^^^^^^^^^^
  File "C:\Users\yasse\OneDrive\Desktop\Pre-Coded\venv\Lib\site-packages\django\db\models\query.py", line 91, in __iter__
    results = compiler.execute_sql(
              ^^^^^^^^^^^^^^^^^^^^^
  File "C:\Users\yasse\OneDrive\Desktop\Pre-Coded\venv\Lib\site-packages\django\db\models\sql\compiler.py", line 1574, in execute_sql
    cursor.execute(sql, params)
  File "C:\Users\yasse\OneDrive\Desktop\Pre-Coded\venv\Lib\site-packages\django\db\backends\utils.py", line 122, in execute
    return super().execute(sql, params)
           ^^^^^^^^^^^^^^^^^^^^^^^^^^^^
  File "C:\Users\yasse\OneDrive\Desktop\Pre-Coded\venv\Lib\site-packages\django\db\backends\utils.py", line 79, in execute
    return self._execute_with_wrappers(
           ^^^^^^^^^^^^^^^^^^^^^^^^^^^^
  File "C:\Users\yasse\OneDrive\Desktop\Pre-Coded\venv\Lib\site-packages\django\db\backends\utils.py", line 92, in _execute_with_wrappers
    return executor(sql, params, many, context)
           ^^^^^^^^^^^^^^^^^^^^^^^^^^^^^^^^^^^^
  File "C:\Users\yasse\OneDrive\Desktop\Pre-Coded\venv\Lib\site-packages\django\db\backends\utils.py", line 100, in _execute
    with self.db.wrap_database_errors:
  File "C:\Users\yasse\OneDrive\Desktop\Pre-Coded\venv\Lib\site-packages\django\db\utils.py", line 91, in __exit__
    raise dj_exc_value.with_traceback(traceback) from exc_value
  File "C:\Users\yasse\OneDrive\Desktop\Pre-Coded\venv\Lib\site-packages\django\db\backends\utils.py", line 105, in _execute
    return self.cursor.execute(sql, params)
           ^^^^^^^^^^^^^^^^^^^^^^^^^^^^^^^^
  File "C:\Users\yasse\OneDrive\Desktop\Pre-Coded\venv\Lib\site-packages\django\db\backends\sqlite3\base.py", line 354, in execute
    return super().execute(query, params)
           ^^^^^^^^^^^^^^^^^^^^^^^^^^^^^^
django.db.utils.OperationalError: no such table: create_api_project

2025-05-18 20:58:45,855 [WARNING] core.loaders: [DB Loader][FAILED] Template 'templates/feed.html' not found after all attempts
2025-05-18 20:58:45,857 [DEBUG] core.loaders: [DB Loader][AVAILABLE] 2 templates in database for project 1
2025-05-18 20:58:45,859 [ERROR] core.loaders: [DB Loader][ERROR] Failed to list available templates: no such column: create_api_templatefile.description
2025-05-18 20:58:45,860 [WARNING] template_debugger: get_template_sources found no sources for 'templates/feed.html'
2025-05-18 20:58:45,860 [DEBUG] core.loaders: [DB Loader][START] Template lookup for: 'templates/feed.html'
2025-05-18 20:58:45,861 [DEBUG] core.loaders: [DB Loader][CALL STACK] ['  File "C:\\Users\\yasse\\OneDrive\\Desktop\\Pre-Coded\\api_generator\\debug_template_loader.py", line 541, in main\n    test_template_loader(project_id)\n', '  File "C:\\Users\\yasse\\OneDrive\\Desktop\\Pre-Coded\\api_generator\\debug_template_loader.py", line 370, in test_template_loader\n    sources = list(loader.get_template_sources(template_name))\n']
2025-05-18 20:58:45,862 [DEBUG] core.thread_local: [Thread Local][GET] db_alias = project_1
2025-05-18 20:58:45,862 [DEBUG] core.loaders: [DB Loader][DB_ALIAS] Using database alias: 'project_1'
2025-05-18 20:58:45,862 [DEBUG] core.thread_local: [Thread Local][GET] project_id = 1
2025-05-18 20:58:45,863 [DEBUG] core.loaders: [DB Loader][DB_CONN] Connection 'project_1' is usable
2025-05-18 20:58:45,863 [DEBUG] core.loaders: [DB Loader][CONTEXT] {"project_id": 1, "db_alias": "project_1", "connection_id": "debug-1747591125", "ws_context": true, "template_name": "templates/feed.html", "active_connections": "['default', 'project_1']", "thread_id": 2069757272976}
2025-05-18 20:58:45,864 [DEBUG] core.thread_local: [Thread Local][GET] project_id = 1
2025-05-18 20:58:45,864 [DEBUG] core.loaders: [DB Loader][QUERY] Trying exact path match for 'templates/feed.html'
2025-05-18 20:58:45,865 [DEBUG] core.loaders: [DB Loader][QUERY] SQL lookup for path: 'templates/feed.html' in database 'project_1'
2025-05-18 20:58:45,866 [DEBUG] core.loaders: [DB Loader][DB_CONN] Connection 'project_1' is usable
2025-05-18 20:58:45,866 [DEBUG] core.loaders: [DB Loader][SQL] Running: SELECT id, path, name FROM create_api_templatefile WHERE path = 'templates/feed.html'
2025-05-18 20:58:45,867 [DEBUG] core.loaders: [DB Loader][SQL] Found 1 results: [(2, 'templates/feed.html', 'feed.html')]
2025-05-18 20:58:45,871 [ERROR] core.loaders: [DB Loader][ERROR] Error querying database for path 'templates/feed.html': no such column: create_api_templatefile.description
2025-05-18 20:58:45,874 [ERROR] core.loaders: Traceback (most recent call last):
  File "C:\Users\yasse\OneDrive\Desktop\Pre-Coded\venv\Lib\site-packages\django\db\backends\utils.py", line 105, in _execute
    return self.cursor.execute(sql, params)
           ^^^^^^^^^^^^^^^^^^^^^^^^^^^^^^^^
  File "C:\Users\yasse\OneDrive\Desktop\Pre-Coded\venv\Lib\site-packages\django\db\backends\sqlite3\base.py", line 354, in execute
    return super().execute(query, params)
           ^^^^^^^^^^^^^^^^^^^^^^^^^^^^^^
sqlite3.OperationalError: no such column: create_api_templatefile.description

The above exception was the direct cause of the following exception:

Traceback (most recent call last):
  File "C:\Users\yasse\OneDrive\Desktop\Pre-Coded\api_generator\core\loaders.py", line 173, in _try_template_path
    template = TemplateFile.objects.using(db_alias).filter(path=path).first()
               ^^^^^^^^^^^^^^^^^^^^^^^^^^^^^^^^^^^^^^^^^^^^^^^^^^^^^^^^^^^^^^
  File "C:\Users\yasse\OneDrive\Desktop\Pre-Coded\venv\Lib\site-packages\django\db\models\query.py", line 1097, in first
    for obj in queryset[:1]:
  File "C:\Users\yasse\OneDrive\Desktop\Pre-Coded\venv\Lib\site-packages\django\db\models\query.py", line 400, in __iter__
    self._fetch_all()
  File "C:\Users\yasse\OneDrive\Desktop\Pre-Coded\venv\Lib\site-packages\django\db\models\query.py", line 1928, in _fetch_all
    self._result_cache = list(self._iterable_class(self))
                         ^^^^^^^^^^^^^^^^^^^^^^^^^^^^^^^^
  File "C:\Users\yasse\OneDrive\Desktop\Pre-Coded\venv\Lib\site-packages\django\db\models\query.py", line 91, in __iter__
    results = compiler.execute_sql(
              ^^^^^^^^^^^^^^^^^^^^^
  File "C:\Users\yasse\OneDrive\Desktop\Pre-Coded\venv\Lib\site-packages\django\db\models\sql\compiler.py", line 1574, in execute_sql
    cursor.execute(sql, params)
  File "C:\Users\yasse\OneDrive\Desktop\Pre-Coded\venv\Lib\site-packages\django\db\backends\utils.py", line 122, in execute
    return super().execute(sql, params)
           ^^^^^^^^^^^^^^^^^^^^^^^^^^^^
  File "C:\Users\yasse\OneDrive\Desktop\Pre-Coded\venv\Lib\site-packages\django\db\backends\utils.py", line 79, in execute
    return self._execute_with_wrappers(
           ^^^^^^^^^^^^^^^^^^^^^^^^^^^^
  File "C:\Users\yasse\OneDrive\Desktop\Pre-Coded\venv\Lib\site-packages\django\db\backends\utils.py", line 92, in _execute_with_wrappers
    return executor(sql, params, many, context)
           ^^^^^^^^^^^^^^^^^^^^^^^^^^^^^^^^^^^^
  File "C:\Users\yasse\OneDrive\Desktop\Pre-Coded\venv\Lib\site-packages\django\db\backends\utils.py", line 100, in _execute
    with self.db.wrap_database_errors:
  File "C:\Users\yasse\OneDrive\Desktop\Pre-Coded\venv\Lib\site-packages\django\db\utils.py", line 91, in __exit__
    raise dj_exc_value.with_traceback(traceback) from exc_value
  File "C:\Users\yasse\OneDrive\Desktop\Pre-Coded\venv\Lib\site-packages\django\db\backends\utils.py", line 105, in _execute
    return self.cursor.execute(sql, params)
           ^^^^^^^^^^^^^^^^^^^^^^^^^^^^^^^^
  File "C:\Users\yasse\OneDrive\Desktop\Pre-Coded\venv\Lib\site-packages\django\db\backends\sqlite3\base.py", line 354, in execute
    return super().execute(query, params)
           ^^^^^^^^^^^^^^^^^^^^^^^^^^^^^^
django.db.utils.OperationalError: no such column: create_api_templatefile.description

2025-05-18 20:58:45,877 [DEBUG] core.loaders: [DB Loader][NORMALIZE] Trying normalized paths: ['templates/feed.html', 'templates/templates/feed.html', 'feed.html', 'feed.html']
2025-05-18 20:58:45,878 [DEBUG] core.loaders: [DB Loader][QUERY] SQL lookup for path: 'templates/feed.html' in database 'project_1'
2025-05-18 20:58:45,878 [DEBUG] core.loaders: [DB Loader][DB_CONN] Connection 'project_1' is usable
2025-05-18 20:58:45,878 [DEBUG] core.loaders: [DB Loader][SQL] Running: SELECT id, path, name FROM create_api_templatefile WHERE path = 'templates/feed.html'
2025-05-18 20:58:45,878 [DEBUG] core.loaders: [DB Loader][SQL] Found 1 results: [(2, 'templates/feed.html', 'feed.html')]
2025-05-18 20:58:45,883 [ERROR] core.loaders: [DB Loader][ERROR] Error querying database for path 'templates/feed.html': no such column: create_api_templatefile.description
2025-05-18 20:58:45,885 [ERROR] core.loaders: Traceback (most recent call last):
  File "C:\Users\yasse\OneDrive\Desktop\Pre-Coded\venv\Lib\site-packages\django\db\backends\utils.py", line 105, in _execute
    return self.cursor.execute(sql, params)
           ^^^^^^^^^^^^^^^^^^^^^^^^^^^^^^^^
  File "C:\Users\yasse\OneDrive\Desktop\Pre-Coded\venv\Lib\site-packages\django\db\backends\sqlite3\base.py", line 354, in execute
    return super().execute(query, params)
           ^^^^^^^^^^^^^^^^^^^^^^^^^^^^^^
sqlite3.OperationalError: no such column: create_api_templatefile.description

The above exception was the direct cause of the following exception:

Traceback (most recent call last):
  File "C:\Users\yasse\OneDrive\Desktop\Pre-Coded\api_generator\core\loaders.py", line 173, in _try_template_path
    template = TemplateFile.objects.using(db_alias).filter(path=path).first()
               ^^^^^^^^^^^^^^^^^^^^^^^^^^^^^^^^^^^^^^^^^^^^^^^^^^^^^^^^^^^^^^
  File "C:\Users\yasse\OneDrive\Desktop\Pre-Coded\venv\Lib\site-packages\django\db\models\query.py", line 1097, in first
    for obj in queryset[:1]:
  File "C:\Users\yasse\OneDrive\Desktop\Pre-Coded\venv\Lib\site-packages\django\db\models\query.py", line 400, in __iter__
    self._fetch_all()
  File "C:\Users\yasse\OneDrive\Desktop\Pre-Coded\venv\Lib\site-packages\django\db\models\query.py", line 1928, in _fetch_all
    self._result_cache = list(self._iterable_class(self))
                         ^^^^^^^^^^^^^^^^^^^^^^^^^^^^^^^^
  File "C:\Users\yasse\OneDrive\Desktop\Pre-Coded\venv\Lib\site-packages\django\db\models\query.py", line 91, in __iter__
    results = compiler.execute_sql(
              ^^^^^^^^^^^^^^^^^^^^^
  File "C:\Users\yasse\OneDrive\Desktop\Pre-Coded\venv\Lib\site-packages\django\db\models\sql\compiler.py", line 1574, in execute_sql
    cursor.execute(sql, params)
  File "C:\Users\yasse\OneDrive\Desktop\Pre-Coded\venv\Lib\site-packages\django\db\backends\utils.py", line 122, in execute
    return super().execute(sql, params)
           ^^^^^^^^^^^^^^^^^^^^^^^^^^^^
  File "C:\Users\yasse\OneDrive\Desktop\Pre-Coded\venv\Lib\site-packages\django\db\backends\utils.py", line 79, in execute
    return self._execute_with_wrappers(
           ^^^^^^^^^^^^^^^^^^^^^^^^^^^^
  File "C:\Users\yasse\OneDrive\Desktop\Pre-Coded\venv\Lib\site-packages\django\db\backends\utils.py", line 92, in _execute_with_wrappers
    return executor(sql, params, many, context)
           ^^^^^^^^^^^^^^^^^^^^^^^^^^^^^^^^^^^^
  File "C:\Users\yasse\OneDrive\Desktop\Pre-Coded\venv\Lib\site-packages\django\db\backends\utils.py", line 100, in _execute
    with self.db.wrap_database_errors:
  File "C:\Users\yasse\OneDrive\Desktop\Pre-Coded\venv\Lib\site-packages\django\db\utils.py", line 91, in __exit__
    raise dj_exc_value.with_traceback(traceback) from exc_value
  File "C:\Users\yasse\OneDrive\Desktop\Pre-Coded\venv\Lib\site-packages\django\db\backends\utils.py", line 105, in _execute
    return self.cursor.execute(sql, params)
           ^^^^^^^^^^^^^^^^^^^^^^^^^^^^^^^^
  File "C:\Users\yasse\OneDrive\Desktop\Pre-Coded\venv\Lib\site-packages\django\db\backends\sqlite3\base.py", line 354, in execute
    return super().execute(query, params)
           ^^^^^^^^^^^^^^^^^^^^^^^^^^^^^^
django.db.utils.OperationalError: no such column: create_api_templatefile.description

2025-05-18 20:58:45,890 [DEBUG] core.loaders: [DB Loader][QUERY] SQL lookup for path: 'templates/templates/feed.html' in database 'project_1'
2025-05-18 20:58:45,891 [DEBUG] core.loaders: [DB Loader][DB_CONN] Connection 'project_1' is usable
2025-05-18 20:58:45,891 [DEBUG] core.loaders: [DB Loader][SQL] Running: SELECT id, path, name FROM create_api_templatefile WHERE path = 'templates/templates/feed.html'
2025-05-18 20:58:45,891 [DEBUG] core.loaders: [DB Loader][SQL] No results found
2025-05-18 20:58:45,893 [ERROR] core.loaders: [DB Loader][ERROR] Error querying database for path 'templates/templates/feed.html': no such column: create_api_templatefile.description
2025-05-18 20:58:45,895 [ERROR] core.loaders: Traceback (most recent call last):
  File "C:\Users\yasse\OneDrive\Desktop\Pre-Coded\venv\Lib\site-packages\django\db\backends\utils.py", line 105, in _execute
    return self.cursor.execute(sql, params)
           ^^^^^^^^^^^^^^^^^^^^^^^^^^^^^^^^
  File "C:\Users\yasse\OneDrive\Desktop\Pre-Coded\venv\Lib\site-packages\django\db\backends\sqlite3\base.py", line 354, in execute
    return super().execute(query, params)
           ^^^^^^^^^^^^^^^^^^^^^^^^^^^^^^
sqlite3.OperationalError: no such column: create_api_templatefile.description

The above exception was the direct cause of the following exception:

Traceback (most recent call last):
  File "C:\Users\yasse\OneDrive\Desktop\Pre-Coded\api_generator\core\loaders.py", line 173, in _try_template_path
    template = TemplateFile.objects.using(db_alias).filter(path=path).first()
               ^^^^^^^^^^^^^^^^^^^^^^^^^^^^^^^^^^^^^^^^^^^^^^^^^^^^^^^^^^^^^^
  File "C:\Users\yasse\OneDrive\Desktop\Pre-Coded\venv\Lib\site-packages\django\db\models\query.py", line 1097, in first
    for obj in queryset[:1]:
  File "C:\Users\yasse\OneDrive\Desktop\Pre-Coded\venv\Lib\site-packages\django\db\models\query.py", line 400, in __iter__
    self._fetch_all()
  File "C:\Users\yasse\OneDrive\Desktop\Pre-Coded\venv\Lib\site-packages\django\db\models\query.py", line 1928, in _fetch_all
    self._result_cache = list(self._iterable_class(self))
                         ^^^^^^^^^^^^^^^^^^^^^^^^^^^^^^^^
  File "C:\Users\yasse\OneDrive\Desktop\Pre-Coded\venv\Lib\site-packages\django\db\models\query.py", line 91, in __iter__
    results = compiler.execute_sql(
              ^^^^^^^^^^^^^^^^^^^^^
  File "C:\Users\yasse\OneDrive\Desktop\Pre-Coded\venv\Lib\site-packages\django\db\models\sql\compiler.py", line 1574, in execute_sql
    cursor.execute(sql, params)
  File "C:\Users\yasse\OneDrive\Desktop\Pre-Coded\venv\Lib\site-packages\django\db\backends\utils.py", line 122, in execute
    return super().execute(sql, params)
           ^^^^^^^^^^^^^^^^^^^^^^^^^^^^
  File "C:\Users\yasse\OneDrive\Desktop\Pre-Coded\venv\Lib\site-packages\django\db\backends\utils.py", line 79, in execute
    return self._execute_with_wrappers(
           ^^^^^^^^^^^^^^^^^^^^^^^^^^^^
  File "C:\Users\yasse\OneDrive\Desktop\Pre-Coded\venv\Lib\site-packages\django\db\backends\utils.py", line 92, in _execute_with_wrappers
    return executor(sql, params, many, context)
           ^^^^^^^^^^^^^^^^^^^^^^^^^^^^^^^^^^^^
  File "C:\Users\yasse\OneDrive\Desktop\Pre-Coded\venv\Lib\site-packages\django\db\backends\utils.py", line 100, in _execute
    with self.db.wrap_database_errors:
  File "C:\Users\yasse\OneDrive\Desktop\Pre-Coded\venv\Lib\site-packages\django\db\utils.py", line 91, in __exit__
    raise dj_exc_value.with_traceback(traceback) from exc_value
  File "C:\Users\yasse\OneDrive\Desktop\Pre-Coded\venv\Lib\site-packages\django\db\backends\utils.py", line 105, in _execute
    return self.cursor.execute(sql, params)
           ^^^^^^^^^^^^^^^^^^^^^^^^^^^^^^^^
  File "C:\Users\yasse\OneDrive\Desktop\Pre-Coded\venv\Lib\site-packages\django\db\backends\sqlite3\base.py", line 354, in execute
    return super().execute(query, params)
           ^^^^^^^^^^^^^^^^^^^^^^^^^^^^^^
django.db.utils.OperationalError: no such column: create_api_templatefile.description

2025-05-18 20:58:45,898 [DEBUG] core.loaders: [DB Loader][QUERY] SQL lookup for path: 'feed.html' in database 'project_1'
2025-05-18 20:58:45,898 [DEBUG] core.loaders: [DB Loader][DB_CONN] Connection 'project_1' is usable
2025-05-18 20:58:45,899 [DEBUG] core.loaders: [DB Loader][SQL] Running: SELECT id, path, name FROM create_api_templatefile WHERE path = 'feed.html'
2025-05-18 20:58:45,900 [DEBUG] core.loaders: [DB Loader][SQL] No results found
2025-05-18 20:58:45,902 [ERROR] core.loaders: [DB Loader][ERROR] Error querying database for path 'feed.html': no such column: create_api_templatefile.description
2025-05-18 20:58:45,904 [ERROR] core.loaders: Traceback (most recent call last):
  File "C:\Users\yasse\OneDrive\Desktop\Pre-Coded\venv\Lib\site-packages\django\db\backends\utils.py", line 105, in _execute
    return self.cursor.execute(sql, params)
           ^^^^^^^^^^^^^^^^^^^^^^^^^^^^^^^^
  File "C:\Users\yasse\OneDrive\Desktop\Pre-Coded\venv\Lib\site-packages\django\db\backends\sqlite3\base.py", line 354, in execute
    return super().execute(query, params)
           ^^^^^^^^^^^^^^^^^^^^^^^^^^^^^^
sqlite3.OperationalError: no such column: create_api_templatefile.description

The above exception was the direct cause of the following exception:

Traceback (most recent call last):
  File "C:\Users\yasse\OneDrive\Desktop\Pre-Coded\api_generator\core\loaders.py", line 173, in _try_template_path
    template = TemplateFile.objects.using(db_alias).filter(path=path).first()
               ^^^^^^^^^^^^^^^^^^^^^^^^^^^^^^^^^^^^^^^^^^^^^^^^^^^^^^^^^^^^^^
  File "C:\Users\yasse\OneDrive\Desktop\Pre-Coded\venv\Lib\site-packages\django\db\models\query.py", line 1097, in first
    for obj in queryset[:1]:
  File "C:\Users\yasse\OneDrive\Desktop\Pre-Coded\venv\Lib\site-packages\django\db\models\query.py", line 400, in __iter__
    self._fetch_all()
  File "C:\Users\yasse\OneDrive\Desktop\Pre-Coded\venv\Lib\site-packages\django\db\models\query.py", line 1928, in _fetch_all
    self._result_cache = list(self._iterable_class(self))
                         ^^^^^^^^^^^^^^^^^^^^^^^^^^^^^^^^
  File "C:\Users\yasse\OneDrive\Desktop\Pre-Coded\venv\Lib\site-packages\django\db\models\query.py", line 91, in __iter__
    results = compiler.execute_sql(
              ^^^^^^^^^^^^^^^^^^^^^
  File "C:\Users\yasse\OneDrive\Desktop\Pre-Coded\venv\Lib\site-packages\django\db\models\sql\compiler.py", line 1574, in execute_sql
    cursor.execute(sql, params)
  File "C:\Users\yasse\OneDrive\Desktop\Pre-Coded\venv\Lib\site-packages\django\db\backends\utils.py", line 122, in execute
    return super().execute(sql, params)
           ^^^^^^^^^^^^^^^^^^^^^^^^^^^^
  File "C:\Users\yasse\OneDrive\Desktop\Pre-Coded\venv\Lib\site-packages\django\db\backends\utils.py", line 79, in execute
    return self._execute_with_wrappers(
           ^^^^^^^^^^^^^^^^^^^^^^^^^^^^
  File "C:\Users\yasse\OneDrive\Desktop\Pre-Coded\venv\Lib\site-packages\django\db\backends\utils.py", line 92, in _execute_with_wrappers
    return executor(sql, params, many, context)
           ^^^^^^^^^^^^^^^^^^^^^^^^^^^^^^^^^^^^
  File "C:\Users\yasse\OneDrive\Desktop\Pre-Coded\venv\Lib\site-packages\django\db\backends\utils.py", line 100, in _execute
    with self.db.wrap_database_errors:
  File "C:\Users\yasse\OneDrive\Desktop\Pre-Coded\venv\Lib\site-packages\django\db\utils.py", line 91, in __exit__
    raise dj_exc_value.with_traceback(traceback) from exc_value
  File "C:\Users\yasse\OneDrive\Desktop\Pre-Coded\venv\Lib\site-packages\django\db\backends\utils.py", line 105, in _execute
    return self.cursor.execute(sql, params)
           ^^^^^^^^^^^^^^^^^^^^^^^^^^^^^^^^
  File "C:\Users\yasse\OneDrive\Desktop\Pre-Coded\venv\Lib\site-packages\django\db\backends\sqlite3\base.py", line 354, in execute
    return super().execute(query, params)
           ^^^^^^^^^^^^^^^^^^^^^^^^^^^^^^
django.db.utils.OperationalError: no such column: create_api_templatefile.description

2025-05-18 20:58:45,909 [DEBUG] core.loaders: [DB Loader][QUERY] SQL lookup for path: 'feed.html' in database 'project_1'
2025-05-18 20:58:45,910 [DEBUG] core.loaders: [DB Loader][DB_CONN] Connection 'project_1' is usable
2025-05-18 20:58:45,910 [DEBUG] core.loaders: [DB Loader][SQL] Running: SELECT id, path, name FROM create_api_templatefile WHERE path = 'feed.html'
2025-05-18 20:58:45,911 [DEBUG] core.loaders: [DB Loader][SQL] No results found
2025-05-18 20:58:45,912 [ERROR] core.loaders: [DB Loader][ERROR] Error querying database for path 'feed.html': no such column: create_api_templatefile.description
2025-05-18 20:58:45,914 [ERROR] core.loaders: Traceback (most recent call last):
  File "C:\Users\yasse\OneDrive\Desktop\Pre-Coded\venv\Lib\site-packages\django\db\backends\utils.py", line 105, in _execute
    return self.cursor.execute(sql, params)
           ^^^^^^^^^^^^^^^^^^^^^^^^^^^^^^^^
  File "C:\Users\yasse\OneDrive\Desktop\Pre-Coded\venv\Lib\site-packages\django\db\backends\sqlite3\base.py", line 354, in execute
    return super().execute(query, params)
           ^^^^^^^^^^^^^^^^^^^^^^^^^^^^^^
sqlite3.OperationalError: no such column: create_api_templatefile.description

The above exception was the direct cause of the following exception:

Traceback (most recent call last):
  File "C:\Users\yasse\OneDrive\Desktop\Pre-Coded\api_generator\core\loaders.py", line 173, in _try_template_path
    template = TemplateFile.objects.using(db_alias).filter(path=path).first()
               ^^^^^^^^^^^^^^^^^^^^^^^^^^^^^^^^^^^^^^^^^^^^^^^^^^^^^^^^^^^^^^
  File "C:\Users\yasse\OneDrive\Desktop\Pre-Coded\venv\Lib\site-packages\django\db\models\query.py", line 1097, in first
    for obj in queryset[:1]:
  File "C:\Users\yasse\OneDrive\Desktop\Pre-Coded\venv\Lib\site-packages\django\db\models\query.py", line 400, in __iter__
    self._fetch_all()
  File "C:\Users\yasse\OneDrive\Desktop\Pre-Coded\venv\Lib\site-packages\django\db\models\query.py", line 1928, in _fetch_all
    self._result_cache = list(self._iterable_class(self))
                         ^^^^^^^^^^^^^^^^^^^^^^^^^^^^^^^^
  File "C:\Users\yasse\OneDrive\Desktop\Pre-Coded\venv\Lib\site-packages\django\db\models\query.py", line 91, in __iter__
    results = compiler.execute_sql(
              ^^^^^^^^^^^^^^^^^^^^^
  File "C:\Users\yasse\OneDrive\Desktop\Pre-Coded\venv\Lib\site-packages\django\db\models\sql\compiler.py", line 1574, in execute_sql
    cursor.execute(sql, params)
  File "C:\Users\yasse\OneDrive\Desktop\Pre-Coded\venv\Lib\site-packages\django\db\backends\utils.py", line 122, in execute
    return super().execute(sql, params)
           ^^^^^^^^^^^^^^^^^^^^^^^^^^^^
  File "C:\Users\yasse\OneDrive\Desktop\Pre-Coded\venv\Lib\site-packages\django\db\backends\utils.py", line 79, in execute
    return self._execute_with_wrappers(
           ^^^^^^^^^^^^^^^^^^^^^^^^^^^^
  File "C:\Users\yasse\OneDrive\Desktop\Pre-Coded\venv\Lib\site-packages\django\db\backends\utils.py", line 92, in _execute_with_wrappers
    return executor(sql, params, many, context)
           ^^^^^^^^^^^^^^^^^^^^^^^^^^^^^^^^^^^^
  File "C:\Users\yasse\OneDrive\Desktop\Pre-Coded\venv\Lib\site-packages\django\db\backends\utils.py", line 100, in _execute
    with self.db.wrap_database_errors:
  File "C:\Users\yasse\OneDrive\Desktop\Pre-Coded\venv\Lib\site-packages\django\db\utils.py", line 91, in __exit__
    raise dj_exc_value.with_traceback(traceback) from exc_value
  File "C:\Users\yasse\OneDrive\Desktop\Pre-Coded\venv\Lib\site-packages\django\db\backends\utils.py", line 105, in _execute
    return self.cursor.execute(sql, params)
           ^^^^^^^^^^^^^^^^^^^^^^^^^^^^^^^^
  File "C:\Users\yasse\OneDrive\Desktop\Pre-Coded\venv\Lib\site-packages\django\db\backends\sqlite3\base.py", line 354, in execute
    return super().execute(query, params)
           ^^^^^^^^^^^^^^^^^^^^^^^^^^^^^^
django.db.utils.OperationalError: no such column: create_api_templatefile.description

2025-05-18 20:58:45,918 [DEBUG] core.loaders: [DB Loader][PROJECT] Trying project-based lookup for project 1
2025-05-18 20:58:45,918 [DEBUG] core.loaders: [DB Loader][PROJECT] Searching project 1 templates by filename
2025-05-18 20:58:45,918 [DEBUG] core.loaders: [DB Loader][DB_CONN] Connection 'project_1' is usable
2025-05-18 20:58:45,918 [DEBUG] core.loaders: [DB Loader][PROJECT] Looking for filename: 'feed.html'
2025-05-18 20:58:45,919 [DEBUG] core.loaders: [DB Loader][SQL] Running: SELECT id, path, name FROM create_api_templatefile WHERE project_id = 1
2025-05-18 20:58:45,920 [DEBUG] core.loaders: [DB Loader][SQL] Found 2 templates in project: [(1, 'templates/base.html', 'base.html'), (2, 'templates/feed.html', 'feed.html')]
2025-05-18 20:58:45,921 [ERROR] core.loaders: [DB Loader][PROJECT][ERROR] Error in project-based template search: no such column: create_api_templatefile.description
2025-05-18 20:58:45,924 [ERROR] core.loaders: Traceback (most recent call last):
  File "C:\Users\yasse\OneDrive\Desktop\Pre-Coded\venv\Lib\site-packages\django\db\backends\utils.py", line 105, in _execute
    return self.cursor.execute(sql, params)
           ^^^^^^^^^^^^^^^^^^^^^^^^^^^^^^^^
  File "C:\Users\yasse\OneDrive\Desktop\Pre-Coded\venv\Lib\site-packages\django\db\backends\sqlite3\base.py", line 354, in execute
    return super().execute(query, params)
           ^^^^^^^^^^^^^^^^^^^^^^^^^^^^^^
sqlite3.OperationalError: no such column: create_api_templatefile.description

The above exception was the direct cause of the following exception:

Traceback (most recent call last):
  File "C:\Users\yasse\OneDrive\Desktop\Pre-Coded\api_generator\core\loaders.py", line 227, in _try_project_templates
    templates = list(TemplateFile.objects.using(db_alias).filter(project_id=project_id))
                ^^^^^^^^^^^^^^^^^^^^^^^^^^^^^^^^^^^^^^^^^^^^^^^^^^^^^^^^^^^^^^^^^^^^^^^^
  File "C:\Users\yasse\OneDrive\Desktop\Pre-Coded\venv\Lib\site-packages\django\db\models\query.py", line 400, in __iter__
    self._fetch_all()
  File "C:\Users\yasse\OneDrive\Desktop\Pre-Coded\venv\Lib\site-packages\django\db\models\query.py", line 1928, in _fetch_all
    self._result_cache = list(self._iterable_class(self))
                         ^^^^^^^^^^^^^^^^^^^^^^^^^^^^^^^^
  File "C:\Users\yasse\OneDrive\Desktop\Pre-Coded\venv\Lib\site-packages\django\db\models\query.py", line 91, in __iter__
    results = compiler.execute_sql(
              ^^^^^^^^^^^^^^^^^^^^^
  File "C:\Users\yasse\OneDrive\Desktop\Pre-Coded\venv\Lib\site-packages\django\db\models\sql\compiler.py", line 1574, in execute_sql
    cursor.execute(sql, params)
  File "C:\Users\yasse\OneDrive\Desktop\Pre-Coded\venv\Lib\site-packages\django\db\backends\utils.py", line 122, in execute
    return super().execute(sql, params)
           ^^^^^^^^^^^^^^^^^^^^^^^^^^^^
  File "C:\Users\yasse\OneDrive\Desktop\Pre-Coded\venv\Lib\site-packages\django\db\backends\utils.py", line 79, in execute
    return self._execute_with_wrappers(
           ^^^^^^^^^^^^^^^^^^^^^^^^^^^^
  File "C:\Users\yasse\OneDrive\Desktop\Pre-Coded\venv\Lib\site-packages\django\db\backends\utils.py", line 92, in _execute_with_wrappers
    return executor(sql, params, many, context)
           ^^^^^^^^^^^^^^^^^^^^^^^^^^^^^^^^^^^^
  File "C:\Users\yasse\OneDrive\Desktop\Pre-Coded\venv\Lib\site-packages\django\db\backends\utils.py", line 100, in _execute
    with self.db.wrap_database_errors:
  File "C:\Users\yasse\OneDrive\Desktop\Pre-Coded\venv\Lib\site-packages\django\db\utils.py", line 91, in __exit__
    raise dj_exc_value.with_traceback(traceback) from exc_value
  File "C:\Users\yasse\OneDrive\Desktop\Pre-Coded\venv\Lib\site-packages\django\db\backends\utils.py", line 105, in _execute
    return self.cursor.execute(sql, params)
           ^^^^^^^^^^^^^^^^^^^^^^^^^^^^^^^^
  File "C:\Users\yasse\OneDrive\Desktop\Pre-Coded\venv\Lib\site-packages\django\db\backends\sqlite3\base.py", line 354, in execute
    return super().execute(query, params)
           ^^^^^^^^^^^^^^^^^^^^^^^^^^^^^^
django.db.utils.OperationalError: no such column: create_api_templatefile.description

2025-05-18 20:58:45,927 [DEBUG] core.loaders: [DB Loader][AUTO-CREATE] Attempting to create missing template 'templates/feed.html'
2025-05-18 20:58:45,927 [DEBUG] core.loaders: [DB Loader][DB_CONN] Connection 'project_1' is usable
2025-05-18 20:58:45,928 [DEBUG] core.loaders: [DB Loader][CREATE] Creating template with path='templates/feed.html', name='feed.html'
2025-05-18 20:58:45,929 [ERROR] core.loaders: [DB Loader][CREATE][ERROR] Error creating template: no such table: create_api_project
2025-05-18 20:58:45,930 [ERROR] core.loaders: Traceback (most recent call last):
  File "C:\Users\yasse\OneDrive\Desktop\Pre-Coded\venv\Lib\site-packages\django\db\backends\utils.py", line 105, in _execute
    return self.cursor.execute(sql, params)
           ^^^^^^^^^^^^^^^^^^^^^^^^^^^^^^^^
  File "C:\Users\yasse\OneDrive\Desktop\Pre-Coded\venv\Lib\site-packages\django\db\backends\sqlite3\base.py", line 354, in execute
    return super().execute(query, params)
           ^^^^^^^^^^^^^^^^^^^^^^^^^^^^^^
sqlite3.OperationalError: no such table: create_api_project

The above exception was the direct cause of the following exception:

Traceback (most recent call last):
  File "C:\Users\yasse\OneDrive\Desktop\Pre-Coded\api_generator\core\loaders.py", line 490, in _create_template
    project = Project.objects.using(db_alias).get(id=project_id)
              ^^^^^^^^^^^^^^^^^^^^^^^^^^^^^^^^^^^^^^^^^^^^^^^^^^
  File "C:\Users\yasse\OneDrive\Desktop\Pre-Coded\venv\Lib\site-packages\django\db\models\query.py", line 645, in get
    num = len(clone)
          ^^^^^^^^^^
  File "C:\Users\yasse\OneDrive\Desktop\Pre-Coded\venv\Lib\site-packages\django\db\models\query.py", line 382, in __len__
    self._fetch_all()
  File "C:\Users\yasse\OneDrive\Desktop\Pre-Coded\venv\Lib\site-packages\django\db\models\query.py", line 1928, in _fetch_all
    self._result_cache = list(self._iterable_class(self))
                         ^^^^^^^^^^^^^^^^^^^^^^^^^^^^^^^^
  File "C:\Users\yasse\OneDrive\Desktop\Pre-Coded\venv\Lib\site-packages\django\db\models\query.py", line 91, in __iter__
    results = compiler.execute_sql(
              ^^^^^^^^^^^^^^^^^^^^^
  File "C:\Users\yasse\OneDrive\Desktop\Pre-Coded\venv\Lib\site-packages\django\db\models\sql\compiler.py", line 1574, in execute_sql
    cursor.execute(sql, params)
  File "C:\Users\yasse\OneDrive\Desktop\Pre-Coded\venv\Lib\site-packages\django\db\backends\utils.py", line 122, in execute
    return super().execute(sql, params)
           ^^^^^^^^^^^^^^^^^^^^^^^^^^^^
  File "C:\Users\yasse\OneDrive\Desktop\Pre-Coded\venv\Lib\site-packages\django\db\backends\utils.py", line 79, in execute
    return self._execute_with_wrappers(
           ^^^^^^^^^^^^^^^^^^^^^^^^^^^^
  File "C:\Users\yasse\OneDrive\Desktop\Pre-Coded\venv\Lib\site-packages\django\db\backends\utils.py", line 92, in _execute_with_wrappers
    return executor(sql, params, many, context)
           ^^^^^^^^^^^^^^^^^^^^^^^^^^^^^^^^^^^^
  File "C:\Users\yasse\OneDrive\Desktop\Pre-Coded\venv\Lib\site-packages\django\db\backends\utils.py", line 100, in _execute
    with self.db.wrap_database_errors:
  File "C:\Users\yasse\OneDrive\Desktop\Pre-Coded\venv\Lib\site-packages\django\db\utils.py", line 91, in __exit__
    raise dj_exc_value.with_traceback(traceback) from exc_value
  File "C:\Users\yasse\OneDrive\Desktop\Pre-Coded\venv\Lib\site-packages\django\db\backends\utils.py", line 105, in _execute
    return self.cursor.execute(sql, params)
           ^^^^^^^^^^^^^^^^^^^^^^^^^^^^^^^^
  File "C:\Users\yasse\OneDrive\Desktop\Pre-Coded\venv\Lib\site-packages\django\db\backends\sqlite3\base.py", line 354, in execute
    return super().execute(query, params)
           ^^^^^^^^^^^^^^^^^^^^^^^^^^^^^^
django.db.utils.OperationalError: no such table: create_api_project

2025-05-18 20:58:45,934 [WARNING] core.loaders: [DB Loader][FAILED] Template 'templates/feed.html' not found after all attempts
2025-05-18 20:58:45,936 [DEBUG] core.loaders: [DB Loader][AVAILABLE] 2 templates in database for project 1
2025-05-18 20:58:45,937 [ERROR] core.loaders: [DB Loader][ERROR] Failed to list available templates: no such column: create_api_templatefile.description
2025-05-18 20:58:45,938 [WARNING] template_debugger: Couldn't test get_contents - no sources found for 'templates/feed.html'
2025-05-18 20:58:45,938 [INFO] template_debugger: ================================================================================
2025-05-18 20:58:45,938 [INFO] template_debugger: ========================= DJANGO TEMPLATE SYSTEM TEST ==========================
2025-05-18 20:58:45,938 [INFO] template_debugger: ================================================================================
2025-05-18 20:58:45,939 [DEBUG] core.thread_local: [Thread Local][SET] Setting project_id = 1 (caller: C:\Users\yasse\OneDrive\Desktop\Pre-Coded\api_generator\debug_template_loader.py:391 in test_django_template_system)
2025-05-18 20:58:45,940 [DEBUG] core.thread_local: [Thread Local][SET] Set 'project_id' = 1 (caller: C:\Users\yasse\OneDrive\Desktop\Pre-Coded\api_generator\core\thread_local.py:76 in project_id)
2025-05-18 20:58:45,940 [DEBUG] core.thread_local: [Thread Local][GET] context[connection_id] = None
2025-05-18 20:58:45,940 [DEBUG] core.thread_local: [Thread Local][SET] Setting db_alias = project_1 (caller: C:\Users\yasse\OneDrive\Desktop\Pre-Coded\api_generator\debug_template_loader.py:392 in test_django_template_system)
2025-05-18 20:58:45,970 [DEBUG] core.thread_local: [Thread Local][SET] Set 'db_alias' = project_1 (caller: C:\Users\yasse\OneDrive\Desktop\Pre-Coded\api_generator\core\thread_local.py:146 in db_alias)
2025-05-18 20:58:45,971 [DEBUG] core.thread_local: [Thread Local][GET] context[connection_id] = None
2025-05-18 20:58:45,971 [INFO] template_debugger: 
Testing template with Engine.get_template: 'base.html'
2025-05-18 20:58:45,971 [DEBUG] core.loaders: [DB Loader][START] Template lookup for: 'base.html'
2025-05-18 20:58:45,973 [DEBUG] core.loaders: [DB Loader][CALL STACK] ['  File "C:\\Users\\yasse\\OneDrive\\Desktop\\Pre-Coded\\venv\\Lib\\site-packages\\django\\template\\engine.py", line 159, in find_template\n    template = loader.get_template(name, skip=skip)\n', '  File "C:\\Users\\yasse\\OneDrive\\Desktop\\Pre-Coded\\venv\\Lib\\site-packages\\django\\template\\loaders\\base.py", line 17, in get_template\n    for origin in self.get_template_sources(template_name):\n']
2025-05-18 20:58:45,973 [DEBUG] core.thread_local: [Thread Local][GET] db_alias = project_1
2025-05-18 20:58:45,974 [DEBUG] core.loaders: [DB Loader][DB_ALIAS] Using database alias: 'project_1'
2025-05-18 20:58:45,974 [DEBUG] core.thread_local: [Thread Local][GET] project_id = 1
2025-05-18 20:58:45,975 [DEBUG] core.loaders: [DB Loader][DB_CONN] Connection 'project_1' is usable
2025-05-18 20:58:45,975 [DEBUG] core.loaders: [DB Loader][CONTEXT] {"project_id": 1, "db_alias": "project_1", "connection_id": "debug-1747591125", "ws_context": true, "template_name": "base.html", "active_connections": "['default', 'project_1']", "thread_id": 2069757272976}
2025-05-18 20:58:45,975 [DEBUG] core.thread_local: [Thread Local][GET] project_id = 1
2025-05-18 20:58:45,976 [DEBUG] core.loaders: [DB Loader][QUERY] Trying exact path match for 'base.html'
2025-05-18 20:58:45,977 [DEBUG] core.loaders: [DB Loader][QUERY] SQL lookup for path: 'base.html' in database 'project_1'
2025-05-18 20:58:45,977 [DEBUG] core.loaders: [DB Loader][DB_CONN] Connection 'project_1' is usable
2025-05-18 20:58:45,978 [DEBUG] core.loaders: [DB Loader][SQL] Running: SELECT id, path, name FROM create_api_templatefile WHERE path = 'base.html'
2025-05-18 20:58:45,979 [DEBUG] core.loaders: [DB Loader][SQL] No results found
2025-05-18 20:58:45,980 [ERROR] core.loaders: [DB Loader][ERROR] Error querying database for path 'base.html': no such column: create_api_templatefile.description
2025-05-18 20:58:45,982 [ERROR] core.loaders: Traceback (most recent call last):
  File "C:\Users\yasse\OneDrive\Desktop\Pre-Coded\venv\Lib\site-packages\django\db\backends\utils.py", line 105, in _execute
    return self.cursor.execute(sql, params)
           ^^^^^^^^^^^^^^^^^^^^^^^^^^^^^^^^
  File "C:\Users\yasse\OneDrive\Desktop\Pre-Coded\venv\Lib\site-packages\django\db\backends\sqlite3\base.py", line 354, in execute
    return super().execute(query, params)
           ^^^^^^^^^^^^^^^^^^^^^^^^^^^^^^
sqlite3.OperationalError: no such column: create_api_templatefile.description

The above exception was the direct cause of the following exception:

Traceback (most recent call last):
  File "C:\Users\yasse\OneDrive\Desktop\Pre-Coded\api_generator\core\loaders.py", line 173, in _try_template_path
    template = TemplateFile.objects.using(db_alias).filter(path=path).first()
               ^^^^^^^^^^^^^^^^^^^^^^^^^^^^^^^^^^^^^^^^^^^^^^^^^^^^^^^^^^^^^^
  File "C:\Users\yasse\OneDrive\Desktop\Pre-Coded\venv\Lib\site-packages\django\db\models\query.py", line 1097, in first
    for obj in queryset[:1]:
  File "C:\Users\yasse\OneDrive\Desktop\Pre-Coded\venv\Lib\site-packages\django\db\models\query.py", line 400, in __iter__
    self._fetch_all()
  File "C:\Users\yasse\OneDrive\Desktop\Pre-Coded\venv\Lib\site-packages\django\db\models\query.py", line 1928, in _fetch_all
    self._result_cache = list(self._iterable_class(self))
                         ^^^^^^^^^^^^^^^^^^^^^^^^^^^^^^^^
  File "C:\Users\yasse\OneDrive\Desktop\Pre-Coded\venv\Lib\site-packages\django\db\models\query.py", line 91, in __iter__
    results = compiler.execute_sql(
              ^^^^^^^^^^^^^^^^^^^^^
  File "C:\Users\yasse\OneDrive\Desktop\Pre-Coded\venv\Lib\site-packages\django\db\models\sql\compiler.py", line 1574, in execute_sql
    cursor.execute(sql, params)
  File "C:\Users\yasse\OneDrive\Desktop\Pre-Coded\venv\Lib\site-packages\django\db\backends\utils.py", line 122, in execute
    return super().execute(sql, params)
           ^^^^^^^^^^^^^^^^^^^^^^^^^^^^
  File "C:\Users\yasse\OneDrive\Desktop\Pre-Coded\venv\Lib\site-packages\django\db\backends\utils.py", line 79, in execute
    return self._execute_with_wrappers(
           ^^^^^^^^^^^^^^^^^^^^^^^^^^^^
  File "C:\Users\yasse\OneDrive\Desktop\Pre-Coded\venv\Lib\site-packages\django\db\backends\utils.py", line 92, in _execute_with_wrappers
    return executor(sql, params, many, context)
           ^^^^^^^^^^^^^^^^^^^^^^^^^^^^^^^^^^^^
  File "C:\Users\yasse\OneDrive\Desktop\Pre-Coded\venv\Lib\site-packages\django\db\backends\utils.py", line 100, in _execute
    with self.db.wrap_database_errors:
  File "C:\Users\yasse\OneDrive\Desktop\Pre-Coded\venv\Lib\site-packages\django\db\utils.py", line 91, in __exit__
    raise dj_exc_value.with_traceback(traceback) from exc_value
  File "C:\Users\yasse\OneDrive\Desktop\Pre-Coded\venv\Lib\site-packages\django\db\backends\utils.py", line 105, in _execute
    return self.cursor.execute(sql, params)
           ^^^^^^^^^^^^^^^^^^^^^^^^^^^^^^^^
  File "C:\Users\yasse\OneDrive\Desktop\Pre-Coded\venv\Lib\site-packages\django\db\backends\sqlite3\base.py", line 354, in execute
    return super().execute(query, params)
           ^^^^^^^^^^^^^^^^^^^^^^^^^^^^^^
django.db.utils.OperationalError: no such column: create_api_templatefile.description

2025-05-18 20:58:45,988 [DEBUG] core.loaders: [DB Loader][NORMALIZE] Trying normalized paths: ['base.html', 'templates/base.html', 'base.html', 'base.html']
2025-05-18 20:58:45,989 [DEBUG] core.loaders: [DB Loader][QUERY] SQL lookup for path: 'base.html' in database 'project_1'
2025-05-18 20:58:45,989 [DEBUG] core.loaders: [DB Loader][DB_CONN] Connection 'project_1' is usable
2025-05-18 20:58:45,990 [DEBUG] core.loaders: [DB Loader][SQL] Running: SELECT id, path, name FROM create_api_templatefile WHERE path = 'base.html'
2025-05-18 20:58:45,991 [DEBUG] core.loaders: [DB Loader][SQL] No results found
2025-05-18 20:58:45,993 [ERROR] core.loaders: [DB Loader][ERROR] Error querying database for path 'base.html': no such column: create_api_templatefile.description
2025-05-18 20:58:45,995 [ERROR] core.loaders: Traceback (most recent call last):
  File "C:\Users\yasse\OneDrive\Desktop\Pre-Coded\venv\Lib\site-packages\django\db\backends\utils.py", line 105, in _execute
    return self.cursor.execute(sql, params)
           ^^^^^^^^^^^^^^^^^^^^^^^^^^^^^^^^
  File "C:\Users\yasse\OneDrive\Desktop\Pre-Coded\venv\Lib\site-packages\django\db\backends\sqlite3\base.py", line 354, in execute
    return super().execute(query, params)
           ^^^^^^^^^^^^^^^^^^^^^^^^^^^^^^
sqlite3.OperationalError: no such column: create_api_templatefile.description

The above exception was the direct cause of the following exception:

Traceback (most recent call last):
  File "C:\Users\yasse\OneDrive\Desktop\Pre-Coded\api_generator\core\loaders.py", line 173, in _try_template_path
    template = TemplateFile.objects.using(db_alias).filter(path=path).first()
               ^^^^^^^^^^^^^^^^^^^^^^^^^^^^^^^^^^^^^^^^^^^^^^^^^^^^^^^^^^^^^^
  File "C:\Users\yasse\OneDrive\Desktop\Pre-Coded\venv\Lib\site-packages\django\db\models\query.py", line 1097, in first
    for obj in queryset[:1]:
  File "C:\Users\yasse\OneDrive\Desktop\Pre-Coded\venv\Lib\site-packages\django\db\models\query.py", line 400, in __iter__
    self._fetch_all()
  File "C:\Users\yasse\OneDrive\Desktop\Pre-Coded\venv\Lib\site-packages\django\db\models\query.py", line 1928, in _fetch_all
    self._result_cache = list(self._iterable_class(self))
                         ^^^^^^^^^^^^^^^^^^^^^^^^^^^^^^^^
  File "C:\Users\yasse\OneDrive\Desktop\Pre-Coded\venv\Lib\site-packages\django\db\models\query.py", line 91, in __iter__
    results = compiler.execute_sql(
              ^^^^^^^^^^^^^^^^^^^^^
  File "C:\Users\yasse\OneDrive\Desktop\Pre-Coded\venv\Lib\site-packages\django\db\models\sql\compiler.py", line 1574, in execute_sql
    cursor.execute(sql, params)
  File "C:\Users\yasse\OneDrive\Desktop\Pre-Coded\venv\Lib\site-packages\django\db\backends\utils.py", line 122, in execute
    return super().execute(sql, params)
           ^^^^^^^^^^^^^^^^^^^^^^^^^^^^
  File "C:\Users\yasse\OneDrive\Desktop\Pre-Coded\venv\Lib\site-packages\django\db\backends\utils.py", line 79, in execute
    return self._execute_with_wrappers(
           ^^^^^^^^^^^^^^^^^^^^^^^^^^^^
  File "C:\Users\yasse\OneDrive\Desktop\Pre-Coded\venv\Lib\site-packages\django\db\backends\utils.py", line 92, in _execute_with_wrappers
    return executor(sql, params, many, context)
           ^^^^^^^^^^^^^^^^^^^^^^^^^^^^^^^^^^^^
  File "C:\Users\yasse\OneDrive\Desktop\Pre-Coded\venv\Lib\site-packages\django\db\backends\utils.py", line 100, in _execute
    with self.db.wrap_database_errors:
  File "C:\Users\yasse\OneDrive\Desktop\Pre-Coded\venv\Lib\site-packages\django\db\utils.py", line 91, in __exit__
    raise dj_exc_value.with_traceback(traceback) from exc_value
  File "C:\Users\yasse\OneDrive\Desktop\Pre-Coded\venv\Lib\site-packages\django\db\backends\utils.py", line 105, in _execute
    return self.cursor.execute(sql, params)
           ^^^^^^^^^^^^^^^^^^^^^^^^^^^^^^^^
  File "C:\Users\yasse\OneDrive\Desktop\Pre-Coded\venv\Lib\site-packages\django\db\backends\sqlite3\base.py", line 354, in execute
    return super().execute(query, params)
           ^^^^^^^^^^^^^^^^^^^^^^^^^^^^^^
django.db.utils.OperationalError: no such column: create_api_templatefile.description

2025-05-18 20:58:46,001 [DEBUG] core.loaders: [DB Loader][QUERY] SQL lookup for path: 'templates/base.html' in database 'project_1'
2025-05-18 20:58:46,002 [DEBUG] core.loaders: [DB Loader][DB_CONN] Connection 'project_1' is usable
2025-05-18 20:58:46,002 [DEBUG] core.loaders: [DB Loader][SQL] Running: SELECT id, path, name FROM create_api_templatefile WHERE path = 'templates/base.html'
2025-05-18 20:58:46,003 [DEBUG] core.loaders: [DB Loader][SQL] Found 1 results: [(1, 'templates/base.html', 'base.html')]
2025-05-18 20:58:46,007 [ERROR] core.loaders: [DB Loader][ERROR] Error querying database for path 'templates/base.html': no such column: create_api_templatefile.description
2025-05-18 20:58:46,009 [ERROR] core.loaders: Traceback (most recent call last):
  File "C:\Users\yasse\OneDrive\Desktop\Pre-Coded\venv\Lib\site-packages\django\db\backends\utils.py", line 105, in _execute
    return self.cursor.execute(sql, params)
           ^^^^^^^^^^^^^^^^^^^^^^^^^^^^^^^^
  File "C:\Users\yasse\OneDrive\Desktop\Pre-Coded\venv\Lib\site-packages\django\db\backends\sqlite3\base.py", line 354, in execute
    return super().execute(query, params)
           ^^^^^^^^^^^^^^^^^^^^^^^^^^^^^^
sqlite3.OperationalError: no such column: create_api_templatefile.description

The above exception was the direct cause of the following exception:

Traceback (most recent call last):
  File "C:\Users\yasse\OneDrive\Desktop\Pre-Coded\api_generator\core\loaders.py", line 173, in _try_template_path
    template = TemplateFile.objects.using(db_alias).filter(path=path).first()
               ^^^^^^^^^^^^^^^^^^^^^^^^^^^^^^^^^^^^^^^^^^^^^^^^^^^^^^^^^^^^^^
  File "C:\Users\yasse\OneDrive\Desktop\Pre-Coded\venv\Lib\site-packages\django\db\models\query.py", line 1097, in first
    for obj in queryset[:1]:
  File "C:\Users\yasse\OneDrive\Desktop\Pre-Coded\venv\Lib\site-packages\django\db\models\query.py", line 400, in __iter__
    self._fetch_all()
  File "C:\Users\yasse\OneDrive\Desktop\Pre-Coded\venv\Lib\site-packages\django\db\models\query.py", line 1928, in _fetch_all
    self._result_cache = list(self._iterable_class(self))
                         ^^^^^^^^^^^^^^^^^^^^^^^^^^^^^^^^
  File "C:\Users\yasse\OneDrive\Desktop\Pre-Coded\venv\Lib\site-packages\django\db\models\query.py", line 91, in __iter__
    results = compiler.execute_sql(
              ^^^^^^^^^^^^^^^^^^^^^
  File "C:\Users\yasse\OneDrive\Desktop\Pre-Coded\venv\Lib\site-packages\django\db\models\sql\compiler.py", line 1574, in execute_sql
    cursor.execute(sql, params)
  File "C:\Users\yasse\OneDrive\Desktop\Pre-Coded\venv\Lib\site-packages\django\db\backends\utils.py", line 122, in execute
    return super().execute(sql, params)
           ^^^^^^^^^^^^^^^^^^^^^^^^^^^^
  File "C:\Users\yasse\OneDrive\Desktop\Pre-Coded\venv\Lib\site-packages\django\db\backends\utils.py", line 79, in execute
    return self._execute_with_wrappers(
           ^^^^^^^^^^^^^^^^^^^^^^^^^^^^
  File "C:\Users\yasse\OneDrive\Desktop\Pre-Coded\venv\Lib\site-packages\django\db\backends\utils.py", line 92, in _execute_with_wrappers
    return executor(sql, params, many, context)
           ^^^^^^^^^^^^^^^^^^^^^^^^^^^^^^^^^^^^
  File "C:\Users\yasse\OneDrive\Desktop\Pre-Coded\venv\Lib\site-packages\django\db\backends\utils.py", line 100, in _execute
    with self.db.wrap_database_errors:
  File "C:\Users\yasse\OneDrive\Desktop\Pre-Coded\venv\Lib\site-packages\django\db\utils.py", line 91, in __exit__
    raise dj_exc_value.with_traceback(traceback) from exc_value
  File "C:\Users\yasse\OneDrive\Desktop\Pre-Coded\venv\Lib\site-packages\django\db\backends\utils.py", line 105, in _execute
    return self.cursor.execute(sql, params)
           ^^^^^^^^^^^^^^^^^^^^^^^^^^^^^^^^
  File "C:\Users\yasse\OneDrive\Desktop\Pre-Coded\venv\Lib\site-packages\django\db\backends\sqlite3\base.py", line 354, in execute
    return super().execute(query, params)
           ^^^^^^^^^^^^^^^^^^^^^^^^^^^^^^
django.db.utils.OperationalError: no such column: create_api_templatefile.description

2025-05-18 20:58:46,014 [DEBUG] core.loaders: [DB Loader][QUERY] SQL lookup for path: 'base.html' in database 'project_1'
2025-05-18 20:58:46,014 [DEBUG] core.loaders: [DB Loader][DB_CONN] Connection 'project_1' is usable
2025-05-18 20:58:46,015 [DEBUG] core.loaders: [DB Loader][SQL] Running: SELECT id, path, name FROM create_api_templatefile WHERE path = 'base.html'
2025-05-18 20:58:46,016 [DEBUG] core.loaders: [DB Loader][SQL] No results found
2025-05-18 20:58:46,017 [ERROR] core.loaders: [DB Loader][ERROR] Error querying database for path 'base.html': no such column: create_api_templatefile.description
2025-05-18 20:58:46,019 [ERROR] core.loaders: Traceback (most recent call last):
  File "C:\Users\yasse\OneDrive\Desktop\Pre-Coded\venv\Lib\site-packages\django\db\backends\utils.py", line 105, in _execute
    return self.cursor.execute(sql, params)
           ^^^^^^^^^^^^^^^^^^^^^^^^^^^^^^^^
  File "C:\Users\yasse\OneDrive\Desktop\Pre-Coded\venv\Lib\site-packages\django\db\backends\sqlite3\base.py", line 354, in execute
    return super().execute(query, params)
           ^^^^^^^^^^^^^^^^^^^^^^^^^^^^^^
sqlite3.OperationalError: no such column: create_api_templatefile.description

The above exception was the direct cause of the following exception:

Traceback (most recent call last):
  File "C:\Users\yasse\OneDrive\Desktop\Pre-Coded\api_generator\core\loaders.py", line 173, in _try_template_path
    template = TemplateFile.objects.using(db_alias).filter(path=path).first()
               ^^^^^^^^^^^^^^^^^^^^^^^^^^^^^^^^^^^^^^^^^^^^^^^^^^^^^^^^^^^^^^
  File "C:\Users\yasse\OneDrive\Desktop\Pre-Coded\venv\Lib\site-packages\django\db\models\query.py", line 1097, in first
    for obj in queryset[:1]:
  File "C:\Users\yasse\OneDrive\Desktop\Pre-Coded\venv\Lib\site-packages\django\db\models\query.py", line 400, in __iter__
    self._fetch_all()
  File "C:\Users\yasse\OneDrive\Desktop\Pre-Coded\venv\Lib\site-packages\django\db\models\query.py", line 1928, in _fetch_all
    self._result_cache = list(self._iterable_class(self))
                         ^^^^^^^^^^^^^^^^^^^^^^^^^^^^^^^^
  File "C:\Users\yasse\OneDrive\Desktop\Pre-Coded\venv\Lib\site-packages\django\db\models\query.py", line 91, in __iter__
    results = compiler.execute_sql(
              ^^^^^^^^^^^^^^^^^^^^^
  File "C:\Users\yasse\OneDrive\Desktop\Pre-Coded\venv\Lib\site-packages\django\db\models\sql\compiler.py", line 1574, in execute_sql
    cursor.execute(sql, params)
  File "C:\Users\yasse\OneDrive\Desktop\Pre-Coded\venv\Lib\site-packages\django\db\backends\utils.py", line 122, in execute
    return super().execute(sql, params)
           ^^^^^^^^^^^^^^^^^^^^^^^^^^^^
  File "C:\Users\yasse\OneDrive\Desktop\Pre-Coded\venv\Lib\site-packages\django\db\backends\utils.py", line 79, in execute
    return self._execute_with_wrappers(
           ^^^^^^^^^^^^^^^^^^^^^^^^^^^^
  File "C:\Users\yasse\OneDrive\Desktop\Pre-Coded\venv\Lib\site-packages\django\db\backends\utils.py", line 92, in _execute_with_wrappers
    return executor(sql, params, many, context)
           ^^^^^^^^^^^^^^^^^^^^^^^^^^^^^^^^^^^^
  File "C:\Users\yasse\OneDrive\Desktop\Pre-Coded\venv\Lib\site-packages\django\db\backends\utils.py", line 100, in _execute
    with self.db.wrap_database_errors:
  File "C:\Users\yasse\OneDrive\Desktop\Pre-Coded\venv\Lib\site-packages\django\db\utils.py", line 91, in __exit__
    raise dj_exc_value.with_traceback(traceback) from exc_value
  File "C:\Users\yasse\OneDrive\Desktop\Pre-Coded\venv\Lib\site-packages\django\db\backends\utils.py", line 105, in _execute
    return self.cursor.execute(sql, params)
           ^^^^^^^^^^^^^^^^^^^^^^^^^^^^^^^^
  File "C:\Users\yasse\OneDrive\Desktop\Pre-Coded\venv\Lib\site-packages\django\db\backends\sqlite3\base.py", line 354, in execute
    return super().execute(query, params)
           ^^^^^^^^^^^^^^^^^^^^^^^^^^^^^^
django.db.utils.OperationalError: no such column: create_api_templatefile.description

2025-05-18 20:58:46,025 [DEBUG] core.loaders: [DB Loader][QUERY] SQL lookup for path: 'base.html' in database 'project_1'
2025-05-18 20:58:46,025 [DEBUG] core.loaders: [DB Loader][DB_CONN] Connection 'project_1' is usable
2025-05-18 20:58:46,026 [DEBUG] core.loaders: [DB Loader][SQL] Running: SELECT id, path, name FROM create_api_templatefile WHERE path = 'base.html'
2025-05-18 20:58:46,027 [DEBUG] core.loaders: [DB Loader][SQL] No results found
2025-05-18 20:58:46,028 [ERROR] core.loaders: [DB Loader][ERROR] Error querying database for path 'base.html': no such column: create_api_templatefile.description
2025-05-18 20:58:46,030 [ERROR] core.loaders: Traceback (most recent call last):
  File "C:\Users\yasse\OneDrive\Desktop\Pre-Coded\venv\Lib\site-packages\django\db\backends\utils.py", line 105, in _execute
    return self.cursor.execute(sql, params)
           ^^^^^^^^^^^^^^^^^^^^^^^^^^^^^^^^
  File "C:\Users\yasse\OneDrive\Desktop\Pre-Coded\venv\Lib\site-packages\django\db\backends\sqlite3\base.py", line 354, in execute
    return super().execute(query, params)
           ^^^^^^^^^^^^^^^^^^^^^^^^^^^^^^
sqlite3.OperationalError: no such column: create_api_templatefile.description

The above exception was the direct cause of the following exception:

Traceback (most recent call last):
  File "C:\Users\yasse\OneDrive\Desktop\Pre-Coded\api_generator\core\loaders.py", line 173, in _try_template_path
    template = TemplateFile.objects.using(db_alias).filter(path=path).first()
               ^^^^^^^^^^^^^^^^^^^^^^^^^^^^^^^^^^^^^^^^^^^^^^^^^^^^^^^^^^^^^^
  File "C:\Users\yasse\OneDrive\Desktop\Pre-Coded\venv\Lib\site-packages\django\db\models\query.py", line 1097, in first
    for obj in queryset[:1]:
  File "C:\Users\yasse\OneDrive\Desktop\Pre-Coded\venv\Lib\site-packages\django\db\models\query.py", line 400, in __iter__
    self._fetch_all()
  File "C:\Users\yasse\OneDrive\Desktop\Pre-Coded\venv\Lib\site-packages\django\db\models\query.py", line 1928, in _fetch_all
    self._result_cache = list(self._iterable_class(self))
                         ^^^^^^^^^^^^^^^^^^^^^^^^^^^^^^^^
  File "C:\Users\yasse\OneDrive\Desktop\Pre-Coded\venv\Lib\site-packages\django\db\models\query.py", line 91, in __iter__
    results = compiler.execute_sql(
              ^^^^^^^^^^^^^^^^^^^^^
  File "C:\Users\yasse\OneDrive\Desktop\Pre-Coded\venv\Lib\site-packages\django\db\models\sql\compiler.py", line 1574, in execute_sql
    cursor.execute(sql, params)
  File "C:\Users\yasse\OneDrive\Desktop\Pre-Coded\venv\Lib\site-packages\django\db\backends\utils.py", line 122, in execute
    return super().execute(sql, params)
           ^^^^^^^^^^^^^^^^^^^^^^^^^^^^
  File "C:\Users\yasse\OneDrive\Desktop\Pre-Coded\venv\Lib\site-packages\django\db\backends\utils.py", line 79, in execute
    return self._execute_with_wrappers(
           ^^^^^^^^^^^^^^^^^^^^^^^^^^^^
  File "C:\Users\yasse\OneDrive\Desktop\Pre-Coded\venv\Lib\site-packages\django\db\backends\utils.py", line 92, in _execute_with_wrappers
    return executor(sql, params, many, context)
           ^^^^^^^^^^^^^^^^^^^^^^^^^^^^^^^^^^^^
  File "C:\Users\yasse\OneDrive\Desktop\Pre-Coded\venv\Lib\site-packages\django\db\backends\utils.py", line 100, in _execute
    with self.db.wrap_database_errors:
  File "C:\Users\yasse\OneDrive\Desktop\Pre-Coded\venv\Lib\site-packages\django\db\utils.py", line 91, in __exit__
    raise dj_exc_value.with_traceback(traceback) from exc_value
  File "C:\Users\yasse\OneDrive\Desktop\Pre-Coded\venv\Lib\site-packages\django\db\backends\utils.py", line 105, in _execute
    return self.cursor.execute(sql, params)
           ^^^^^^^^^^^^^^^^^^^^^^^^^^^^^^^^
  File "C:\Users\yasse\OneDrive\Desktop\Pre-Coded\venv\Lib\site-packages\django\db\backends\sqlite3\base.py", line 354, in execute
    return super().execute(query, params)
           ^^^^^^^^^^^^^^^^^^^^^^^^^^^^^^
django.db.utils.OperationalError: no such column: create_api_templatefile.description

2025-05-18 20:58:46,035 [DEBUG] core.loaders: [DB Loader][PROJECT] Trying project-based lookup for project 1
2025-05-18 20:58:46,035 [DEBUG] core.loaders: [DB Loader][PROJECT] Searching project 1 templates by filename
2025-05-18 20:58:46,036 [DEBUG] core.loaders: [DB Loader][DB_CONN] Connection 'project_1' is usable
2025-05-18 20:58:46,036 [DEBUG] core.loaders: [DB Loader][PROJECT] Looking for filename: 'base.html'
2025-05-18 20:58:46,037 [DEBUG] core.loaders: [DB Loader][SQL] Running: SELECT id, path, name FROM create_api_templatefile WHERE project_id = 1
2025-05-18 20:58:46,037 [DEBUG] core.loaders: [DB Loader][SQL] Found 2 templates in project: [(1, 'templates/base.html', 'base.html'), (2, 'templates/feed.html', 'feed.html')]
2025-05-18 20:58:46,039 [ERROR] core.loaders: [DB Loader][PROJECT][ERROR] Error in project-based template search: no such column: create_api_templatefile.description
2025-05-18 20:58:46,041 [ERROR] core.loaders: Traceback (most recent call last):
  File "C:\Users\yasse\OneDrive\Desktop\Pre-Coded\venv\Lib\site-packages\django\db\backends\utils.py", line 105, in _execute
    return self.cursor.execute(sql, params)
           ^^^^^^^^^^^^^^^^^^^^^^^^^^^^^^^^
  File "C:\Users\yasse\OneDrive\Desktop\Pre-Coded\venv\Lib\site-packages\django\db\backends\sqlite3\base.py", line 354, in execute
    return super().execute(query, params)
           ^^^^^^^^^^^^^^^^^^^^^^^^^^^^^^
sqlite3.OperationalError: no such column: create_api_templatefile.description

The above exception was the direct cause of the following exception:

Traceback (most recent call last):
  File "C:\Users\yasse\OneDrive\Desktop\Pre-Coded\api_generator\core\loaders.py", line 227, in _try_project_templates
    templates = list(TemplateFile.objects.using(db_alias).filter(project_id=project_id))
                ^^^^^^^^^^^^^^^^^^^^^^^^^^^^^^^^^^^^^^^^^^^^^^^^^^^^^^^^^^^^^^^^^^^^^^^^
  File "C:\Users\yasse\OneDrive\Desktop\Pre-Coded\venv\Lib\site-packages\django\db\models\query.py", line 400, in __iter__
    self._fetch_all()
  File "C:\Users\yasse\OneDrive\Desktop\Pre-Coded\venv\Lib\site-packages\django\db\models\query.py", line 1928, in _fetch_all
    self._result_cache = list(self._iterable_class(self))
                         ^^^^^^^^^^^^^^^^^^^^^^^^^^^^^^^^
  File "C:\Users\yasse\OneDrive\Desktop\Pre-Coded\venv\Lib\site-packages\django\db\models\query.py", line 91, in __iter__
    results = compiler.execute_sql(
              ^^^^^^^^^^^^^^^^^^^^^
  File "C:\Users\yasse\OneDrive\Desktop\Pre-Coded\venv\Lib\site-packages\django\db\models\sql\compiler.py", line 1574, in execute_sql
    cursor.execute(sql, params)
  File "C:\Users\yasse\OneDrive\Desktop\Pre-Coded\venv\Lib\site-packages\django\db\backends\utils.py", line 122, in execute
    return super().execute(sql, params)
           ^^^^^^^^^^^^^^^^^^^^^^^^^^^^
  File "C:\Users\yasse\OneDrive\Desktop\Pre-Coded\venv\Lib\site-packages\django\db\backends\utils.py", line 79, in execute
    return self._execute_with_wrappers(
           ^^^^^^^^^^^^^^^^^^^^^^^^^^^^
  File "C:\Users\yasse\OneDrive\Desktop\Pre-Coded\venv\Lib\site-packages\django\db\backends\utils.py", line 92, in _execute_with_wrappers
    return executor(sql, params, many, context)
           ^^^^^^^^^^^^^^^^^^^^^^^^^^^^^^^^^^^^
  File "C:\Users\yasse\OneDrive\Desktop\Pre-Coded\venv\Lib\site-packages\django\db\backends\utils.py", line 100, in _execute
    with self.db.wrap_database_errors:
  File "C:\Users\yasse\OneDrive\Desktop\Pre-Coded\venv\Lib\site-packages\django\db\utils.py", line 91, in __exit__
    raise dj_exc_value.with_traceback(traceback) from exc_value
  File "C:\Users\yasse\OneDrive\Desktop\Pre-Coded\venv\Lib\site-packages\django\db\backends\utils.py", line 105, in _execute
    return self.cursor.execute(sql, params)
           ^^^^^^^^^^^^^^^^^^^^^^^^^^^^^^^^
  File "C:\Users\yasse\OneDrive\Desktop\Pre-Coded\venv\Lib\site-packages\django\db\backends\sqlite3\base.py", line 354, in execute
    return super().execute(query, params)
           ^^^^^^^^^^^^^^^^^^^^^^^^^^^^^^
django.db.utils.OperationalError: no such column: create_api_templatefile.description

2025-05-18 20:58:46,044 [DEBUG] core.loaders: [DB Loader][AUTO-CREATE] Attempting to create missing template 'base.html'
2025-05-18 20:58:46,045 [DEBUG] core.loaders: [DB Loader][DB_CONN] Connection 'project_1' is usable
2025-05-18 20:58:46,045 [DEBUG] core.loaders: [DB Loader][CREATE] Creating template with path='templates/base.html', name='base.html'
2025-05-18 20:58:46,047 [ERROR] core.loaders: [DB Loader][CREATE][ERROR] Error creating template: no such table: create_api_project
2025-05-18 20:58:46,049 [ERROR] core.loaders: Traceback (most recent call last):
  File "C:\Users\yasse\OneDrive\Desktop\Pre-Coded\venv\Lib\site-packages\django\db\backends\utils.py", line 105, in _execute
    return self.cursor.execute(sql, params)
           ^^^^^^^^^^^^^^^^^^^^^^^^^^^^^^^^
  File "C:\Users\yasse\OneDrive\Desktop\Pre-Coded\venv\Lib\site-packages\django\db\backends\sqlite3\base.py", line 354, in execute
    return super().execute(query, params)
           ^^^^^^^^^^^^^^^^^^^^^^^^^^^^^^
sqlite3.OperationalError: no such table: create_api_project

The above exception was the direct cause of the following exception:

Traceback (most recent call last):
  File "C:\Users\yasse\OneDrive\Desktop\Pre-Coded\api_generator\core\loaders.py", line 490, in _create_template
    project = Project.objects.using(db_alias).get(id=project_id)
              ^^^^^^^^^^^^^^^^^^^^^^^^^^^^^^^^^^^^^^^^^^^^^^^^^^
  File "C:\Users\yasse\OneDrive\Desktop\Pre-Coded\venv\Lib\site-packages\django\db\models\query.py", line 645, in get
    num = len(clone)
          ^^^^^^^^^^
  File "C:\Users\yasse\OneDrive\Desktop\Pre-Coded\venv\Lib\site-packages\django\db\models\query.py", line 382, in __len__
    self._fetch_all()
  File "C:\Users\yasse\OneDrive\Desktop\Pre-Coded\venv\Lib\site-packages\django\db\models\query.py", line 1928, in _fetch_all
    self._result_cache = list(self._iterable_class(self))
                         ^^^^^^^^^^^^^^^^^^^^^^^^^^^^^^^^
  File "C:\Users\yasse\OneDrive\Desktop\Pre-Coded\venv\Lib\site-packages\django\db\models\query.py", line 91, in __iter__
    results = compiler.execute_sql(
              ^^^^^^^^^^^^^^^^^^^^^
  File "C:\Users\yasse\OneDrive\Desktop\Pre-Coded\venv\Lib\site-packages\django\db\models\sql\compiler.py", line 1574, in execute_sql
    cursor.execute(sql, params)
  File "C:\Users\yasse\OneDrive\Desktop\Pre-Coded\venv\Lib\site-packages\django\db\backends\utils.py", line 122, in execute
    return super().execute(sql, params)
           ^^^^^^^^^^^^^^^^^^^^^^^^^^^^
  File "C:\Users\yasse\OneDrive\Desktop\Pre-Coded\venv\Lib\site-packages\django\db\backends\utils.py", line 79, in execute
    return self._execute_with_wrappers(
           ^^^^^^^^^^^^^^^^^^^^^^^^^^^^
  File "C:\Users\yasse\OneDrive\Desktop\Pre-Coded\venv\Lib\site-packages\django\db\backends\utils.py", line 92, in _execute_with_wrappers
    return executor(sql, params, many, context)
           ^^^^^^^^^^^^^^^^^^^^^^^^^^^^^^^^^^^^
  File "C:\Users\yasse\OneDrive\Desktop\Pre-Coded\venv\Lib\site-packages\django\db\backends\utils.py", line 100, in _execute
    with self.db.wrap_database_errors:
  File "C:\Users\yasse\OneDrive\Desktop\Pre-Coded\venv\Lib\site-packages\django\db\utils.py", line 91, in __exit__
    raise dj_exc_value.with_traceback(traceback) from exc_value
  File "C:\Users\yasse\OneDrive\Desktop\Pre-Coded\venv\Lib\site-packages\django\db\backends\utils.py", line 105, in _execute
    return self.cursor.execute(sql, params)
           ^^^^^^^^^^^^^^^^^^^^^^^^^^^^^^^^
  File "C:\Users\yasse\OneDrive\Desktop\Pre-Coded\venv\Lib\site-packages\django\db\backends\sqlite3\base.py", line 354, in execute
    return super().execute(query, params)
           ^^^^^^^^^^^^^^^^^^^^^^^^^^^^^^
django.db.utils.OperationalError: no such table: create_api_project

2025-05-18 20:58:46,052 [WARNING] core.loaders: [DB Loader][FAILED] Template 'base.html' not found after all attempts
2025-05-18 20:58:46,054 [DEBUG] core.loaders: [DB Loader][AVAILABLE] 2 templates in database for project 1
2025-05-18 20:58:46,055 [ERROR] core.loaders: [DB Loader][ERROR] Failed to list available templates: no such column: create_api_templatefile.description
2025-05-18 20:58:46,056 [ERROR] template_debugger: Template not found: base.html
2025-05-18 20:58:46,056 [INFO] template_debugger: 
Testing template with Engine.get_template: 'templates/base.html'
2025-05-18 20:58:46,056 [DEBUG] core.loaders: [DB Loader][START] Template lookup for: 'templates/base.html'
2025-05-18 20:58:46,057 [DEBUG] core.loaders: [DB Loader][CALL STACK] ['  File "C:\\Users\\yasse\\OneDrive\\Desktop\\Pre-Coded\\venv\\Lib\\site-packages\\django\\template\\engine.py", line 159, in find_template\n    template = loader.get_template(name, skip=skip)\n', '  File "C:\\Users\\yasse\\OneDrive\\Desktop\\Pre-Coded\\venv\\Lib\\site-packages\\django\\template\\loaders\\base.py", line 17, in get_template\n    for origin in self.get_template_sources(template_name):\n']
2025-05-18 20:58:46,058 [DEBUG] core.thread_local: [Thread Local][GET] db_alias = project_1
2025-05-18 20:58:46,059 [DEBUG] core.loaders: [DB Loader][DB_ALIAS] Using database alias: 'project_1'
2025-05-18 20:58:46,059 [DEBUG] core.thread_local: [Thread Local][GET] project_id = 1
2025-05-18 20:58:46,059 [DEBUG] core.loaders: [DB Loader][DB_CONN] Connection 'project_1' is usable
2025-05-18 20:58:46,060 [DEBUG] core.loaders: [DB Loader][CONTEXT] {"project_id": 1, "db_alias": "project_1", "connection_id": "debug-1747591125", "ws_context": true, "template_name": "templates/base.html", "active_connections": "['default', 'project_1']", "thread_id": 2069757272976}
2025-05-18 20:58:46,060 [DEBUG] core.thread_local: [Thread Local][GET] project_id = 1
2025-05-18 20:58:46,061 [DEBUG] core.loaders: [DB Loader][QUERY] Trying exact path match for 'templates/base.html'
2025-05-18 20:58:46,061 [DEBUG] core.loaders: [DB Loader][QUERY] SQL lookup for path: 'templates/base.html' in database 'project_1'
2025-05-18 20:58:46,062 [DEBUG] core.loaders: [DB Loader][DB_CONN] Connection 'project_1' is usable
2025-05-18 20:58:46,062 [DEBUG] core.loaders: [DB Loader][SQL] Running: SELECT id, path, name FROM create_api_templatefile WHERE path = 'templates/base.html'
2025-05-18 20:58:46,063 [DEBUG] core.loaders: [DB Loader][SQL] Found 1 results: [(1, 'templates/base.html', 'base.html')]
2025-05-18 20:58:46,064 [ERROR] core.loaders: [DB Loader][ERROR] Error querying database for path 'templates/base.html': no such column: create_api_templatefile.description
2025-05-18 20:58:46,066 [ERROR] core.loaders: Traceback (most recent call last):
  File "C:\Users\yasse\OneDrive\Desktop\Pre-Coded\venv\Lib\site-packages\django\db\backends\utils.py", line 105, in _execute
    return self.cursor.execute(sql, params)
           ^^^^^^^^^^^^^^^^^^^^^^^^^^^^^^^^
  File "C:\Users\yasse\OneDrive\Desktop\Pre-Coded\venv\Lib\site-packages\django\db\backends\sqlite3\base.py", line 354, in execute
    return super().execute(query, params)
           ^^^^^^^^^^^^^^^^^^^^^^^^^^^^^^
sqlite3.OperationalError: no such column: create_api_templatefile.description

The above exception was the direct cause of the following exception:

Traceback (most recent call last):
  File "C:\Users\yasse\OneDrive\Desktop\Pre-Coded\api_generator\core\loaders.py", line 173, in _try_template_path
    template = TemplateFile.objects.using(db_alias).filter(path=path).first()
               ^^^^^^^^^^^^^^^^^^^^^^^^^^^^^^^^^^^^^^^^^^^^^^^^^^^^^^^^^^^^^^
  File "C:\Users\yasse\OneDrive\Desktop\Pre-Coded\venv\Lib\site-packages\django\db\models\query.py", line 1097, in first
    for obj in queryset[:1]:
  File "C:\Users\yasse\OneDrive\Desktop\Pre-Coded\venv\Lib\site-packages\django\db\models\query.py", line 400, in __iter__
    self._fetch_all()
  File "C:\Users\yasse\OneDrive\Desktop\Pre-Coded\venv\Lib\site-packages\django\db\models\query.py", line 1928, in _fetch_all
    self._result_cache = list(self._iterable_class(self))
                         ^^^^^^^^^^^^^^^^^^^^^^^^^^^^^^^^
  File "C:\Users\yasse\OneDrive\Desktop\Pre-Coded\venv\Lib\site-packages\django\db\models\query.py", line 91, in __iter__
    results = compiler.execute_sql(
              ^^^^^^^^^^^^^^^^^^^^^
  File "C:\Users\yasse\OneDrive\Desktop\Pre-Coded\venv\Lib\site-packages\django\db\models\sql\compiler.py", line 1574, in execute_sql
    cursor.execute(sql, params)
  File "C:\Users\yasse\OneDrive\Desktop\Pre-Coded\venv\Lib\site-packages\django\db\backends\utils.py", line 122, in execute
    return super().execute(sql, params)
           ^^^^^^^^^^^^^^^^^^^^^^^^^^^^
  File "C:\Users\yasse\OneDrive\Desktop\Pre-Coded\venv\Lib\site-packages\django\db\backends\utils.py", line 79, in execute
    return self._execute_with_wrappers(
           ^^^^^^^^^^^^^^^^^^^^^^^^^^^^
  File "C:\Users\yasse\OneDrive\Desktop\Pre-Coded\venv\Lib\site-packages\django\db\backends\utils.py", line 92, in _execute_with_wrappers
    return executor(sql, params, many, context)
           ^^^^^^^^^^^^^^^^^^^^^^^^^^^^^^^^^^^^
  File "C:\Users\yasse\OneDrive\Desktop\Pre-Coded\venv\Lib\site-packages\django\db\backends\utils.py", line 100, in _execute
    with self.db.wrap_database_errors:
  File "C:\Users\yasse\OneDrive\Desktop\Pre-Coded\venv\Lib\site-packages\django\db\utils.py", line 91, in __exit__
    raise dj_exc_value.with_traceback(traceback) from exc_value
  File "C:\Users\yasse\OneDrive\Desktop\Pre-Coded\venv\Lib\site-packages\django\db\backends\utils.py", line 105, in _execute
    return self.cursor.execute(sql, params)
           ^^^^^^^^^^^^^^^^^^^^^^^^^^^^^^^^
  File "C:\Users\yasse\OneDrive\Desktop\Pre-Coded\venv\Lib\site-packages\django\db\backends\sqlite3\base.py", line 354, in execute
    return super().execute(query, params)
           ^^^^^^^^^^^^^^^^^^^^^^^^^^^^^^
django.db.utils.OperationalError: no such column: create_api_templatefile.description

2025-05-18 20:58:46,071 [DEBUG] core.loaders: [DB Loader][NORMALIZE] Trying normalized paths: ['templates/base.html', 'templates/templates/base.html', 'base.html', 'base.html']
2025-05-18 20:58:46,071 [DEBUG] core.loaders: [DB Loader][QUERY] SQL lookup for path: 'templates/base.html' in database 'project_1'
2025-05-18 20:58:46,072 [DEBUG] core.loaders: [DB Loader][DB_CONN] Connection 'project_1' is usable
2025-05-18 20:58:46,072 [DEBUG] core.loaders: [DB Loader][SQL] Running: SELECT id, path, name FROM create_api_templatefile WHERE path = 'templates/base.html'
2025-05-18 20:58:46,074 [DEBUG] core.loaders: [DB Loader][SQL] Found 1 results: [(1, 'templates/base.html', 'base.html')]
2025-05-18 20:58:46,076 [ERROR] core.loaders: [DB Loader][ERROR] Error querying database for path 'templates/base.html': no such column: create_api_templatefile.description
2025-05-18 20:58:46,078 [ERROR] core.loaders: Traceback (most recent call last):
  File "C:\Users\yasse\OneDrive\Desktop\Pre-Coded\venv\Lib\site-packages\django\db\backends\utils.py", line 105, in _execute
    return self.cursor.execute(sql, params)
           ^^^^^^^^^^^^^^^^^^^^^^^^^^^^^^^^
  File "C:\Users\yasse\OneDrive\Desktop\Pre-Coded\venv\Lib\site-packages\django\db\backends\sqlite3\base.py", line 354, in execute
    return super().execute(query, params)
           ^^^^^^^^^^^^^^^^^^^^^^^^^^^^^^
sqlite3.OperationalError: no such column: create_api_templatefile.description

The above exception was the direct cause of the following exception:

Traceback (most recent call last):
  File "C:\Users\yasse\OneDrive\Desktop\Pre-Coded\api_generator\core\loaders.py", line 173, in _try_template_path
    template = TemplateFile.objects.using(db_alias).filter(path=path).first()
               ^^^^^^^^^^^^^^^^^^^^^^^^^^^^^^^^^^^^^^^^^^^^^^^^^^^^^^^^^^^^^^
  File "C:\Users\yasse\OneDrive\Desktop\Pre-Coded\venv\Lib\site-packages\django\db\models\query.py", line 1097, in first
    for obj in queryset[:1]:
  File "C:\Users\yasse\OneDrive\Desktop\Pre-Coded\venv\Lib\site-packages\django\db\models\query.py", line 400, in __iter__
    self._fetch_all()
  File "C:\Users\yasse\OneDrive\Desktop\Pre-Coded\venv\Lib\site-packages\django\db\models\query.py", line 1928, in _fetch_all
    self._result_cache = list(self._iterable_class(self))
                         ^^^^^^^^^^^^^^^^^^^^^^^^^^^^^^^^
  File "C:\Users\yasse\OneDrive\Desktop\Pre-Coded\venv\Lib\site-packages\django\db\models\query.py", line 91, in __iter__
    results = compiler.execute_sql(
              ^^^^^^^^^^^^^^^^^^^^^
  File "C:\Users\yasse\OneDrive\Desktop\Pre-Coded\venv\Lib\site-packages\django\db\models\sql\compiler.py", line 1574, in execute_sql
    cursor.execute(sql, params)
  File "C:\Users\yasse\OneDrive\Desktop\Pre-Coded\venv\Lib\site-packages\django\db\backends\utils.py", line 122, in execute
    return super().execute(sql, params)
           ^^^^^^^^^^^^^^^^^^^^^^^^^^^^
  File "C:\Users\yasse\OneDrive\Desktop\Pre-Coded\venv\Lib\site-packages\django\db\backends\utils.py", line 79, in execute
    return self._execute_with_wrappers(
           ^^^^^^^^^^^^^^^^^^^^^^^^^^^^
  File "C:\Users\yasse\OneDrive\Desktop\Pre-Coded\venv\Lib\site-packages\django\db\backends\utils.py", line 92, in _execute_with_wrappers
    return executor(sql, params, many, context)
           ^^^^^^^^^^^^^^^^^^^^^^^^^^^^^^^^^^^^
  File "C:\Users\yasse\OneDrive\Desktop\Pre-Coded\venv\Lib\site-packages\django\db\backends\utils.py", line 100, in _execute
    with self.db.wrap_database_errors:
  File "C:\Users\yasse\OneDrive\Desktop\Pre-Coded\venv\Lib\site-packages\django\db\utils.py", line 91, in __exit__
    raise dj_exc_value.with_traceback(traceback) from exc_value
  File "C:\Users\yasse\OneDrive\Desktop\Pre-Coded\venv\Lib\site-packages\django\db\backends\utils.py", line 105, in _execute
    return self.cursor.execute(sql, params)
           ^^^^^^^^^^^^^^^^^^^^^^^^^^^^^^^^
  File "C:\Users\yasse\OneDrive\Desktop\Pre-Coded\venv\Lib\site-packages\django\db\backends\sqlite3\base.py", line 354, in execute
    return super().execute(query, params)
           ^^^^^^^^^^^^^^^^^^^^^^^^^^^^^^
django.db.utils.OperationalError: no such column: create_api_templatefile.description

2025-05-18 20:58:46,082 [DEBUG] core.loaders: [DB Loader][QUERY] SQL lookup for path: 'templates/templates/base.html' in database 'project_1'
2025-05-18 20:58:46,083 [DEBUG] core.loaders: [DB Loader][DB_CONN] Connection 'project_1' is usable
2025-05-18 20:58:46,083 [DEBUG] core.loaders: [DB Loader][SQL] Running: SELECT id, path, name FROM create_api_templatefile WHERE path = 'templates/templates/base.html'
2025-05-18 20:58:46,084 [DEBUG] core.loaders: [DB Loader][SQL] No results found
2025-05-18 20:58:46,085 [ERROR] core.loaders: [DB Loader][ERROR] Error querying database for path 'templates/templates/base.html': no such column: create_api_templatefile.description
2025-05-18 20:58:46,087 [ERROR] core.loaders: Traceback (most recent call last):
  File "C:\Users\yasse\OneDrive\Desktop\Pre-Coded\venv\Lib\site-packages\django\db\backends\utils.py", line 105, in _execute
    return self.cursor.execute(sql, params)
           ^^^^^^^^^^^^^^^^^^^^^^^^^^^^^^^^
  File "C:\Users\yasse\OneDrive\Desktop\Pre-Coded\venv\Lib\site-packages\django\db\backends\sqlite3\base.py", line 354, in execute
    return super().execute(query, params)
           ^^^^^^^^^^^^^^^^^^^^^^^^^^^^^^
sqlite3.OperationalError: no such column: create_api_templatefile.description

The above exception was the direct cause of the following exception:

Traceback (most recent call last):
  File "C:\Users\yasse\OneDrive\Desktop\Pre-Coded\api_generator\core\loaders.py", line 173, in _try_template_path
    template = TemplateFile.objects.using(db_alias).filter(path=path).first()
               ^^^^^^^^^^^^^^^^^^^^^^^^^^^^^^^^^^^^^^^^^^^^^^^^^^^^^^^^^^^^^^
  File "C:\Users\yasse\OneDrive\Desktop\Pre-Coded\venv\Lib\site-packages\django\db\models\query.py", line 1097, in first
    for obj in queryset[:1]:
  File "C:\Users\yasse\OneDrive\Desktop\Pre-Coded\venv\Lib\site-packages\django\db\models\query.py", line 400, in __iter__
    self._fetch_all()
  File "C:\Users\yasse\OneDrive\Desktop\Pre-Coded\venv\Lib\site-packages\django\db\models\query.py", line 1928, in _fetch_all
    self._result_cache = list(self._iterable_class(self))
                         ^^^^^^^^^^^^^^^^^^^^^^^^^^^^^^^^
  File "C:\Users\yasse\OneDrive\Desktop\Pre-Coded\venv\Lib\site-packages\django\db\models\query.py", line 91, in __iter__
    results = compiler.execute_sql(
              ^^^^^^^^^^^^^^^^^^^^^
  File "C:\Users\yasse\OneDrive\Desktop\Pre-Coded\venv\Lib\site-packages\django\db\models\sql\compiler.py", line 1574, in execute_sql
    cursor.execute(sql, params)
  File "C:\Users\yasse\OneDrive\Desktop\Pre-Coded\venv\Lib\site-packages\django\db\backends\utils.py", line 122, in execute
    return super().execute(sql, params)
           ^^^^^^^^^^^^^^^^^^^^^^^^^^^^
  File "C:\Users\yasse\OneDrive\Desktop\Pre-Coded\venv\Lib\site-packages\django\db\backends\utils.py", line 79, in execute
    return self._execute_with_wrappers(
           ^^^^^^^^^^^^^^^^^^^^^^^^^^^^
  File "C:\Users\yasse\OneDrive\Desktop\Pre-Coded\venv\Lib\site-packages\django\db\backends\utils.py", line 92, in _execute_with_wrappers
    return executor(sql, params, many, context)
           ^^^^^^^^^^^^^^^^^^^^^^^^^^^^^^^^^^^^
  File "C:\Users\yasse\OneDrive\Desktop\Pre-Coded\venv\Lib\site-packages\django\db\backends\utils.py", line 100, in _execute
    with self.db.wrap_database_errors:
  File "C:\Users\yasse\OneDrive\Desktop\Pre-Coded\venv\Lib\site-packages\django\db\utils.py", line 91, in __exit__
    raise dj_exc_value.with_traceback(traceback) from exc_value
  File "C:\Users\yasse\OneDrive\Desktop\Pre-Coded\venv\Lib\site-packages\django\db\backends\utils.py", line 105, in _execute
    return self.cursor.execute(sql, params)
           ^^^^^^^^^^^^^^^^^^^^^^^^^^^^^^^^
  File "C:\Users\yasse\OneDrive\Desktop\Pre-Coded\venv\Lib\site-packages\django\db\backends\sqlite3\base.py", line 354, in execute
    return super().execute(query, params)
           ^^^^^^^^^^^^^^^^^^^^^^^^^^^^^^
django.db.utils.OperationalError: no such column: create_api_templatefile.description

2025-05-18 20:58:46,091 [DEBUG] core.loaders: [DB Loader][QUERY] SQL lookup for path: 'base.html' in database 'project_1'
2025-05-18 20:58:46,092 [DEBUG] core.loaders: [DB Loader][DB_CONN] Connection 'project_1' is usable
2025-05-18 20:58:46,092 [DEBUG] core.loaders: [DB Loader][SQL] Running: SELECT id, path, name FROM create_api_templatefile WHERE path = 'base.html'
2025-05-18 20:58:46,093 [DEBUG] core.loaders: [DB Loader][SQL] No results found
2025-05-18 20:58:46,095 [ERROR] core.loaders: [DB Loader][ERROR] Error querying database for path 'base.html': no such column: create_api_templatefile.description
2025-05-18 20:58:46,097 [ERROR] core.loaders: Traceback (most recent call last):
  File "C:\Users\yasse\OneDrive\Desktop\Pre-Coded\venv\Lib\site-packages\django\db\backends\utils.py", line 105, in _execute
    return self.cursor.execute(sql, params)
           ^^^^^^^^^^^^^^^^^^^^^^^^^^^^^^^^
  File "C:\Users\yasse\OneDrive\Desktop\Pre-Coded\venv\Lib\site-packages\django\db\backends\sqlite3\base.py", line 354, in execute
    return super().execute(query, params)
           ^^^^^^^^^^^^^^^^^^^^^^^^^^^^^^
sqlite3.OperationalError: no such column: create_api_templatefile.description

The above exception was the direct cause of the following exception:

Traceback (most recent call last):
  File "C:\Users\yasse\OneDrive\Desktop\Pre-Coded\api_generator\core\loaders.py", line 173, in _try_template_path
    template = TemplateFile.objects.using(db_alias).filter(path=path).first()
               ^^^^^^^^^^^^^^^^^^^^^^^^^^^^^^^^^^^^^^^^^^^^^^^^^^^^^^^^^^^^^^
  File "C:\Users\yasse\OneDrive\Desktop\Pre-Coded\venv\Lib\site-packages\django\db\models\query.py", line 1097, in first
    for obj in queryset[:1]:
  File "C:\Users\yasse\OneDrive\Desktop\Pre-Coded\venv\Lib\site-packages\django\db\models\query.py", line 400, in __iter__
    self._fetch_all()
  File "C:\Users\yasse\OneDrive\Desktop\Pre-Coded\venv\Lib\site-packages\django\db\models\query.py", line 1928, in _fetch_all
    self._result_cache = list(self._iterable_class(self))
                         ^^^^^^^^^^^^^^^^^^^^^^^^^^^^^^^^
  File "C:\Users\yasse\OneDrive\Desktop\Pre-Coded\venv\Lib\site-packages\django\db\models\query.py", line 91, in __iter__
    results = compiler.execute_sql(
              ^^^^^^^^^^^^^^^^^^^^^
  File "C:\Users\yasse\OneDrive\Desktop\Pre-Coded\venv\Lib\site-packages\django\db\models\sql\compiler.py", line 1574, in execute_sql
    cursor.execute(sql, params)
  File "C:\Users\yasse\OneDrive\Desktop\Pre-Coded\venv\Lib\site-packages\django\db\backends\utils.py", line 122, in execute
    return super().execute(sql, params)
           ^^^^^^^^^^^^^^^^^^^^^^^^^^^^
  File "C:\Users\yasse\OneDrive\Desktop\Pre-Coded\venv\Lib\site-packages\django\db\backends\utils.py", line 79, in execute
    return self._execute_with_wrappers(
           ^^^^^^^^^^^^^^^^^^^^^^^^^^^^
  File "C:\Users\yasse\OneDrive\Desktop\Pre-Coded\venv\Lib\site-packages\django\db\backends\utils.py", line 92, in _execute_with_wrappers
    return executor(sql, params, many, context)
           ^^^^^^^^^^^^^^^^^^^^^^^^^^^^^^^^^^^^
  File "C:\Users\yasse\OneDrive\Desktop\Pre-Coded\venv\Lib\site-packages\django\db\backends\utils.py", line 100, in _execute
    with self.db.wrap_database_errors:
  File "C:\Users\yasse\OneDrive\Desktop\Pre-Coded\venv\Lib\site-packages\django\db\utils.py", line 91, in __exit__
    raise dj_exc_value.with_traceback(traceback) from exc_value
  File "C:\Users\yasse\OneDrive\Desktop\Pre-Coded\venv\Lib\site-packages\django\db\backends\utils.py", line 105, in _execute
    return self.cursor.execute(sql, params)
           ^^^^^^^^^^^^^^^^^^^^^^^^^^^^^^^^
  File "C:\Users\yasse\OneDrive\Desktop\Pre-Coded\venv\Lib\site-packages\django\db\backends\sqlite3\base.py", line 354, in execute
    return super().execute(query, params)
           ^^^^^^^^^^^^^^^^^^^^^^^^^^^^^^
django.db.utils.OperationalError: no such column: create_api_templatefile.description

2025-05-18 20:58:46,100 [DEBUG] core.loaders: [DB Loader][QUERY] SQL lookup for path: 'base.html' in database 'project_1'
2025-05-18 20:58:46,101 [DEBUG] core.loaders: [DB Loader][DB_CONN] Connection 'project_1' is usable
2025-05-18 20:58:46,102 [DEBUG] core.loaders: [DB Loader][SQL] Running: SELECT id, path, name FROM create_api_templatefile WHERE path = 'base.html'
2025-05-18 20:58:46,102 [DEBUG] core.loaders: [DB Loader][SQL] No results found
2025-05-18 20:58:46,105 [ERROR] core.loaders: [DB Loader][ERROR] Error querying database for path 'base.html': no such column: create_api_templatefile.description
2025-05-18 20:58:46,107 [ERROR] core.loaders: Traceback (most recent call last):
  File "C:\Users\yasse\OneDrive\Desktop\Pre-Coded\venv\Lib\site-packages\django\db\backends\utils.py", line 105, in _execute
    return self.cursor.execute(sql, params)
           ^^^^^^^^^^^^^^^^^^^^^^^^^^^^^^^^
  File "C:\Users\yasse\OneDrive\Desktop\Pre-Coded\venv\Lib\site-packages\django\db\backends\sqlite3\base.py", line 354, in execute
    return super().execute(query, params)
           ^^^^^^^^^^^^^^^^^^^^^^^^^^^^^^
sqlite3.OperationalError: no such column: create_api_templatefile.description

The above exception was the direct cause of the following exception:

Traceback (most recent call last):
  File "C:\Users\yasse\OneDrive\Desktop\Pre-Coded\api_generator\core\loaders.py", line 173, in _try_template_path
    template = TemplateFile.objects.using(db_alias).filter(path=path).first()
               ^^^^^^^^^^^^^^^^^^^^^^^^^^^^^^^^^^^^^^^^^^^^^^^^^^^^^^^^^^^^^^
  File "C:\Users\yasse\OneDrive\Desktop\Pre-Coded\venv\Lib\site-packages\django\db\models\query.py", line 1097, in first
    for obj in queryset[:1]:
  File "C:\Users\yasse\OneDrive\Desktop\Pre-Coded\venv\Lib\site-packages\django\db\models\query.py", line 400, in __iter__
    self._fetch_all()
  File "C:\Users\yasse\OneDrive\Desktop\Pre-Coded\venv\Lib\site-packages\django\db\models\query.py", line 1928, in _fetch_all
    self._result_cache = list(self._iterable_class(self))
                         ^^^^^^^^^^^^^^^^^^^^^^^^^^^^^^^^
  File "C:\Users\yasse\OneDrive\Desktop\Pre-Coded\venv\Lib\site-packages\django\db\models\query.py", line 91, in __iter__
    results = compiler.execute_sql(
              ^^^^^^^^^^^^^^^^^^^^^
  File "C:\Users\yasse\OneDrive\Desktop\Pre-Coded\venv\Lib\site-packages\django\db\models\sql\compiler.py", line 1574, in execute_sql
    cursor.execute(sql, params)
  File "C:\Users\yasse\OneDrive\Desktop\Pre-Coded\venv\Lib\site-packages\django\db\backends\utils.py", line 122, in execute
    return super().execute(sql, params)
           ^^^^^^^^^^^^^^^^^^^^^^^^^^^^
  File "C:\Users\yasse\OneDrive\Desktop\Pre-Coded\venv\Lib\site-packages\django\db\backends\utils.py", line 79, in execute
    return self._execute_with_wrappers(
           ^^^^^^^^^^^^^^^^^^^^^^^^^^^^
  File "C:\Users\yasse\OneDrive\Desktop\Pre-Coded\venv\Lib\site-packages\django\db\backends\utils.py", line 92, in _execute_with_wrappers
    return executor(sql, params, many, context)
           ^^^^^^^^^^^^^^^^^^^^^^^^^^^^^^^^^^^^
  File "C:\Users\yasse\OneDrive\Desktop\Pre-Coded\venv\Lib\site-packages\django\db\backends\utils.py", line 100, in _execute
    with self.db.wrap_database_errors:
  File "C:\Users\yasse\OneDrive\Desktop\Pre-Coded\venv\Lib\site-packages\django\db\utils.py", line 91, in __exit__
    raise dj_exc_value.with_traceback(traceback) from exc_value
  File "C:\Users\yasse\OneDrive\Desktop\Pre-Coded\venv\Lib\site-packages\django\db\backends\utils.py", line 105, in _execute
    return self.cursor.execute(sql, params)
           ^^^^^^^^^^^^^^^^^^^^^^^^^^^^^^^^
  File "C:\Users\yasse\OneDrive\Desktop\Pre-Coded\venv\Lib\site-packages\django\db\backends\sqlite3\base.py", line 354, in execute
    return super().execute(query, params)
           ^^^^^^^^^^^^^^^^^^^^^^^^^^^^^^
django.db.utils.OperationalError: no such column: create_api_templatefile.description

2025-05-18 20:58:46,111 [DEBUG] core.loaders: [DB Loader][PROJECT] Trying project-based lookup for project 1
2025-05-18 20:58:46,111 [DEBUG] core.loaders: [DB Loader][PROJECT] Searching project 1 templates by filename
2025-05-18 20:58:46,112 [DEBUG] core.loaders: [DB Loader][DB_CONN] Connection 'project_1' is usable
2025-05-18 20:58:46,112 [DEBUG] core.loaders: [DB Loader][PROJECT] Looking for filename: 'base.html'
2025-05-18 20:58:46,112 [DEBUG] core.loaders: [DB Loader][SQL] Running: SELECT id, path, name FROM create_api_templatefile WHERE project_id = 1
2025-05-18 20:58:46,113 [DEBUG] core.loaders: [DB Loader][SQL] Found 2 templates in project: [(1, 'templates/base.html', 'base.html'), (2, 'templates/feed.html', 'feed.html')]
2025-05-18 20:58:46,115 [ERROR] core.loaders: [DB Loader][PROJECT][ERROR] Error in project-based template search: no such column: create_api_templatefile.description
2025-05-18 20:58:46,116 [ERROR] core.loaders: Traceback (most recent call last):
  File "C:\Users\yasse\OneDrive\Desktop\Pre-Coded\venv\Lib\site-packages\django\db\backends\utils.py", line 105, in _execute
    return self.cursor.execute(sql, params)
           ^^^^^^^^^^^^^^^^^^^^^^^^^^^^^^^^
  File "C:\Users\yasse\OneDrive\Desktop\Pre-Coded\venv\Lib\site-packages\django\db\backends\sqlite3\base.py", line 354, in execute
    return super().execute(query, params)
           ^^^^^^^^^^^^^^^^^^^^^^^^^^^^^^
sqlite3.OperationalError: no such column: create_api_templatefile.description

The above exception was the direct cause of the following exception:

Traceback (most recent call last):
  File "C:\Users\yasse\OneDrive\Desktop\Pre-Coded\api_generator\core\loaders.py", line 227, in _try_project_templates
    templates = list(TemplateFile.objects.using(db_alias).filter(project_id=project_id))
                ^^^^^^^^^^^^^^^^^^^^^^^^^^^^^^^^^^^^^^^^^^^^^^^^^^^^^^^^^^^^^^^^^^^^^^^^
  File "C:\Users\yasse\OneDrive\Desktop\Pre-Coded\venv\Lib\site-packages\django\db\models\query.py", line 400, in __iter__
    self._fetch_all()
  File "C:\Users\yasse\OneDrive\Desktop\Pre-Coded\venv\Lib\site-packages\django\db\models\query.py", line 1928, in _fetch_all
    self._result_cache = list(self._iterable_class(self))
                         ^^^^^^^^^^^^^^^^^^^^^^^^^^^^^^^^
  File "C:\Users\yasse\OneDrive\Desktop\Pre-Coded\venv\Lib\site-packages\django\db\models\query.py", line 91, in __iter__
    results = compiler.execute_sql(
              ^^^^^^^^^^^^^^^^^^^^^
  File "C:\Users\yasse\OneDrive\Desktop\Pre-Coded\venv\Lib\site-packages\django\db\models\sql\compiler.py", line 1574, in execute_sql
    cursor.execute(sql, params)
  File "C:\Users\yasse\OneDrive\Desktop\Pre-Coded\venv\Lib\site-packages\django\db\backends\utils.py", line 122, in execute
    return super().execute(sql, params)
           ^^^^^^^^^^^^^^^^^^^^^^^^^^^^
  File "C:\Users\yasse\OneDrive\Desktop\Pre-Coded\venv\Lib\site-packages\django\db\backends\utils.py", line 79, in execute
    return self._execute_with_wrappers(
           ^^^^^^^^^^^^^^^^^^^^^^^^^^^^
  File "C:\Users\yasse\OneDrive\Desktop\Pre-Coded\venv\Lib\site-packages\django\db\backends\utils.py", line 92, in _execute_with_wrappers
    return executor(sql, params, many, context)
           ^^^^^^^^^^^^^^^^^^^^^^^^^^^^^^^^^^^^
  File "C:\Users\yasse\OneDrive\Desktop\Pre-Coded\venv\Lib\site-packages\django\db\backends\utils.py", line 100, in _execute
    with self.db.wrap_database_errors:
  File "C:\Users\yasse\OneDrive\Desktop\Pre-Coded\venv\Lib\site-packages\django\db\utils.py", line 91, in __exit__
    raise dj_exc_value.with_traceback(traceback) from exc_value
  File "C:\Users\yasse\OneDrive\Desktop\Pre-Coded\venv\Lib\site-packages\django\db\backends\utils.py", line 105, in _execute
    return self.cursor.execute(sql, params)
           ^^^^^^^^^^^^^^^^^^^^^^^^^^^^^^^^
  File "C:\Users\yasse\OneDrive\Desktop\Pre-Coded\venv\Lib\site-packages\django\db\backends\sqlite3\base.py", line 354, in execute
    return super().execute(query, params)
           ^^^^^^^^^^^^^^^^^^^^^^^^^^^^^^
django.db.utils.OperationalError: no such column: create_api_templatefile.description

2025-05-18 20:58:46,119 [DEBUG] core.loaders: [DB Loader][AUTO-CREATE] Attempting to create missing template 'templates/base.html'
2025-05-18 20:58:46,120 [DEBUG] core.loaders: [DB Loader][DB_CONN] Connection 'project_1' is usable
2025-05-18 20:58:46,121 [DEBUG] core.loaders: [DB Loader][CREATE] Creating template with path='templates/base.html', name='base.html'
2025-05-18 20:58:46,122 [ERROR] core.loaders: [DB Loader][CREATE][ERROR] Error creating template: no such table: create_api_project
2025-05-18 20:58:46,124 [ERROR] core.loaders: Traceback (most recent call last):
  File "C:\Users\yasse\OneDrive\Desktop\Pre-Coded\venv\Lib\site-packages\django\db\backends\utils.py", line 105, in _execute
    return self.cursor.execute(sql, params)
           ^^^^^^^^^^^^^^^^^^^^^^^^^^^^^^^^
  File "C:\Users\yasse\OneDrive\Desktop\Pre-Coded\venv\Lib\site-packages\django\db\backends\sqlite3\base.py", line 354, in execute
    return super().execute(query, params)
           ^^^^^^^^^^^^^^^^^^^^^^^^^^^^^^
sqlite3.OperationalError: no such table: create_api_project

The above exception was the direct cause of the following exception:

Traceback (most recent call last):
  File "C:\Users\yasse\OneDrive\Desktop\Pre-Coded\api_generator\core\loaders.py", line 490, in _create_template
    project = Project.objects.using(db_alias).get(id=project_id)
              ^^^^^^^^^^^^^^^^^^^^^^^^^^^^^^^^^^^^^^^^^^^^^^^^^^
  File "C:\Users\yasse\OneDrive\Desktop\Pre-Coded\venv\Lib\site-packages\django\db\models\query.py", line 645, in get
    num = len(clone)
          ^^^^^^^^^^
  File "C:\Users\yasse\OneDrive\Desktop\Pre-Coded\venv\Lib\site-packages\django\db\models\query.py", line 382, in __len__
    self._fetch_all()
  File "C:\Users\yasse\OneDrive\Desktop\Pre-Coded\venv\Lib\site-packages\django\db\models\query.py", line 1928, in _fetch_all
    self._result_cache = list(self._iterable_class(self))
                         ^^^^^^^^^^^^^^^^^^^^^^^^^^^^^^^^
  File "C:\Users\yasse\OneDrive\Desktop\Pre-Coded\venv\Lib\site-packages\django\db\models\query.py", line 91, in __iter__
    results = compiler.execute_sql(
              ^^^^^^^^^^^^^^^^^^^^^
  File "C:\Users\yasse\OneDrive\Desktop\Pre-Coded\venv\Lib\site-packages\django\db\models\sql\compiler.py", line 1574, in execute_sql
    cursor.execute(sql, params)
  File "C:\Users\yasse\OneDrive\Desktop\Pre-Coded\venv\Lib\site-packages\django\db\backends\utils.py", line 122, in execute
    return super().execute(sql, params)
           ^^^^^^^^^^^^^^^^^^^^^^^^^^^^
  File "C:\Users\yasse\OneDrive\Desktop\Pre-Coded\venv\Lib\site-packages\django\db\backends\utils.py", line 79, in execute
    return self._execute_with_wrappers(
           ^^^^^^^^^^^^^^^^^^^^^^^^^^^^
  File "C:\Users\yasse\OneDrive\Desktop\Pre-Coded\venv\Lib\site-packages\django\db\backends\utils.py", line 92, in _execute_with_wrappers
    return executor(sql, params, many, context)
           ^^^^^^^^^^^^^^^^^^^^^^^^^^^^^^^^^^^^
  File "C:\Users\yasse\OneDrive\Desktop\Pre-Coded\venv\Lib\site-packages\django\db\backends\utils.py", line 100, in _execute
    with self.db.wrap_database_errors:
  File "C:\Users\yasse\OneDrive\Desktop\Pre-Coded\venv\Lib\site-packages\django\db\utils.py", line 91, in __exit__
    raise dj_exc_value.with_traceback(traceback) from exc_value
  File "C:\Users\yasse\OneDrive\Desktop\Pre-Coded\venv\Lib\site-packages\django\db\backends\utils.py", line 105, in _execute
    return self.cursor.execute(sql, params)
           ^^^^^^^^^^^^^^^^^^^^^^^^^^^^^^^^
  File "C:\Users\yasse\OneDrive\Desktop\Pre-Coded\venv\Lib\site-packages\django\db\backends\sqlite3\base.py", line 354, in execute
    return super().execute(query, params)
           ^^^^^^^^^^^^^^^^^^^^^^^^^^^^^^
django.db.utils.OperationalError: no such table: create_api_project

2025-05-18 20:58:46,127 [WARNING] core.loaders: [DB Loader][FAILED] Template 'templates/base.html' not found after all attempts
2025-05-18 20:58:46,129 [DEBUG] core.loaders: [DB Loader][AVAILABLE] 2 templates in database for project 1
2025-05-18 20:58:46,131 [ERROR] core.loaders: [DB Loader][ERROR] Failed to list available templates: no such column: create_api_templatefile.description
2025-05-18 20:58:46,132 [ERROR] template_debugger: Template not found: templates/base.html
2025-05-18 20:58:46,132 [INFO] template_debugger: 
Testing template with Engine.get_template: 'feed.html'
2025-05-18 20:58:46,132 [DEBUG] core.loaders: [DB Loader][START] Template lookup for: 'feed.html'
2025-05-18 20:58:46,133 [DEBUG] core.loaders: [DB Loader][CALL STACK] ['  File "C:\\Users\\yasse\\OneDrive\\Desktop\\Pre-Coded\\venv\\Lib\\site-packages\\django\\template\\engine.py", line 159, in find_template\n    template = loader.get_template(name, skip=skip)\n', '  File "C:\\Users\\yasse\\OneDrive\\Desktop\\Pre-Coded\\venv\\Lib\\site-packages\\django\\template\\loaders\\base.py", line 17, in get_template\n    for origin in self.get_template_sources(template_name):\n']
2025-05-18 20:58:46,133 [DEBUG] core.thread_local: [Thread Local][GET] db_alias = project_1
2025-05-18 20:58:46,134 [DEBUG] core.loaders: [DB Loader][DB_ALIAS] Using database alias: 'project_1'
2025-05-18 20:58:46,134 [DEBUG] core.thread_local: [Thread Local][GET] project_id = 1
2025-05-18 20:58:46,135 [DEBUG] core.loaders: [DB Loader][DB_CONN] Connection 'project_1' is usable
2025-05-18 20:58:46,135 [DEBUG] core.loaders: [DB Loader][CONTEXT] {"project_id": 1, "db_alias": "project_1", "connection_id": "debug-1747591125", "ws_context": true, "template_name": "feed.html", "active_connections": "['default', 'project_1']", "thread_id": 2069757272976}
2025-05-18 20:58:46,136 [DEBUG] core.thread_local: [Thread Local][GET] project_id = 1
2025-05-18 20:58:46,137 [DEBUG] core.loaders: [DB Loader][QUERY] Trying exact path match for 'feed.html'
2025-05-18 20:58:46,138 [DEBUG] core.loaders: [DB Loader][QUERY] SQL lookup for path: 'feed.html' in database 'project_1'
2025-05-18 20:58:46,138 [DEBUG] core.loaders: [DB Loader][DB_CONN] Connection 'project_1' is usable
2025-05-18 20:58:46,139 [DEBUG] core.loaders: [DB Loader][SQL] Running: SELECT id, path, name FROM create_api_templatefile WHERE path = 'feed.html'
2025-05-18 20:58:46,140 [DEBUG] core.loaders: [DB Loader][SQL] No results found
2025-05-18 20:58:46,141 [ERROR] core.loaders: [DB Loader][ERROR] Error querying database for path 'feed.html': no such column: create_api_templatefile.description
2025-05-18 20:58:46,144 [ERROR] core.loaders: Traceback (most recent call last):
  File "C:\Users\yasse\OneDrive\Desktop\Pre-Coded\venv\Lib\site-packages\django\db\backends\utils.py", line 105, in _execute
    return self.cursor.execute(sql, params)
           ^^^^^^^^^^^^^^^^^^^^^^^^^^^^^^^^
  File "C:\Users\yasse\OneDrive\Desktop\Pre-Coded\venv\Lib\site-packages\django\db\backends\sqlite3\base.py", line 354, in execute
    return super().execute(query, params)
           ^^^^^^^^^^^^^^^^^^^^^^^^^^^^^^
sqlite3.OperationalError: no such column: create_api_templatefile.description

The above exception was the direct cause of the following exception:

Traceback (most recent call last):
  File "C:\Users\yasse\OneDrive\Desktop\Pre-Coded\api_generator\core\loaders.py", line 173, in _try_template_path
    template = TemplateFile.objects.using(db_alias).filter(path=path).first()
               ^^^^^^^^^^^^^^^^^^^^^^^^^^^^^^^^^^^^^^^^^^^^^^^^^^^^^^^^^^^^^^
  File "C:\Users\yasse\OneDrive\Desktop\Pre-Coded\venv\Lib\site-packages\django\db\models\query.py", line 1097, in first
    for obj in queryset[:1]:
  File "C:\Users\yasse\OneDrive\Desktop\Pre-Coded\venv\Lib\site-packages\django\db\models\query.py", line 400, in __iter__
    self._fetch_all()
  File "C:\Users\yasse\OneDrive\Desktop\Pre-Coded\venv\Lib\site-packages\django\db\models\query.py", line 1928, in _fetch_all
    self._result_cache = list(self._iterable_class(self))
                         ^^^^^^^^^^^^^^^^^^^^^^^^^^^^^^^^
  File "C:\Users\yasse\OneDrive\Desktop\Pre-Coded\venv\Lib\site-packages\django\db\models\query.py", line 91, in __iter__
    results = compiler.execute_sql(
              ^^^^^^^^^^^^^^^^^^^^^
  File "C:\Users\yasse\OneDrive\Desktop\Pre-Coded\venv\Lib\site-packages\django\db\models\sql\compiler.py", line 1574, in execute_sql
    cursor.execute(sql, params)
  File "C:\Users\yasse\OneDrive\Desktop\Pre-Coded\venv\Lib\site-packages\django\db\backends\utils.py", line 122, in execute
    return super().execute(sql, params)
           ^^^^^^^^^^^^^^^^^^^^^^^^^^^^
  File "C:\Users\yasse\OneDrive\Desktop\Pre-Coded\venv\Lib\site-packages\django\db\backends\utils.py", line 79, in execute
    return self._execute_with_wrappers(
           ^^^^^^^^^^^^^^^^^^^^^^^^^^^^
  File "C:\Users\yasse\OneDrive\Desktop\Pre-Coded\venv\Lib\site-packages\django\db\backends\utils.py", line 92, in _execute_with_wrappers
    return executor(sql, params, many, context)
           ^^^^^^^^^^^^^^^^^^^^^^^^^^^^^^^^^^^^
  File "C:\Users\yasse\OneDrive\Desktop\Pre-Coded\venv\Lib\site-packages\django\db\backends\utils.py", line 100, in _execute
    with self.db.wrap_database_errors:
  File "C:\Users\yasse\OneDrive\Desktop\Pre-Coded\venv\Lib\site-packages\django\db\utils.py", line 91, in __exit__
    raise dj_exc_value.with_traceback(traceback) from exc_value
  File "C:\Users\yasse\OneDrive\Desktop\Pre-Coded\venv\Lib\site-packages\django\db\backends\utils.py", line 105, in _execute
    return self.cursor.execute(sql, params)
           ^^^^^^^^^^^^^^^^^^^^^^^^^^^^^^^^
  File "C:\Users\yasse\OneDrive\Desktop\Pre-Coded\venv\Lib\site-packages\django\db\backends\sqlite3\base.py", line 354, in execute
    return super().execute(query, params)
           ^^^^^^^^^^^^^^^^^^^^^^^^^^^^^^
django.db.utils.OperationalError: no such column: create_api_templatefile.description

2025-05-18 20:58:46,148 [DEBUG] core.loaders: [DB Loader][NORMALIZE] Trying normalized paths: ['feed.html', 'templates/feed.html', 'feed.html', 'feed.html']
2025-05-18 20:58:46,148 [DEBUG] core.loaders: [DB Loader][QUERY] SQL lookup for path: 'feed.html' in database 'project_1'
2025-05-18 20:58:46,149 [DEBUG] core.loaders: [DB Loader][DB_CONN] Connection 'project_1' is usable
2025-05-18 20:58:46,149 [DEBUG] core.loaders: [DB Loader][SQL] Running: SELECT id, path, name FROM create_api_templatefile WHERE path = 'feed.html'
2025-05-18 20:58:46,150 [DEBUG] core.loaders: [DB Loader][SQL] No results found
2025-05-18 20:58:46,153 [ERROR] core.loaders: [DB Loader][ERROR] Error querying database for path 'feed.html': no such column: create_api_templatefile.description
2025-05-18 20:58:46,155 [ERROR] core.loaders: Traceback (most recent call last):
  File "C:\Users\yasse\OneDrive\Desktop\Pre-Coded\venv\Lib\site-packages\django\db\backends\utils.py", line 105, in _execute
    return self.cursor.execute(sql, params)
           ^^^^^^^^^^^^^^^^^^^^^^^^^^^^^^^^
  File "C:\Users\yasse\OneDrive\Desktop\Pre-Coded\venv\Lib\site-packages\django\db\backends\sqlite3\base.py", line 354, in execute
    return super().execute(query, params)
           ^^^^^^^^^^^^^^^^^^^^^^^^^^^^^^
sqlite3.OperationalError: no such column: create_api_templatefile.description

The above exception was the direct cause of the following exception:

Traceback (most recent call last):
  File "C:\Users\yasse\OneDrive\Desktop\Pre-Coded\api_generator\core\loaders.py", line 173, in _try_template_path
    template = TemplateFile.objects.using(db_alias).filter(path=path).first()
               ^^^^^^^^^^^^^^^^^^^^^^^^^^^^^^^^^^^^^^^^^^^^^^^^^^^^^^^^^^^^^^
  File "C:\Users\yasse\OneDrive\Desktop\Pre-Coded\venv\Lib\site-packages\django\db\models\query.py", line 1097, in first
    for obj in queryset[:1]:
  File "C:\Users\yasse\OneDrive\Desktop\Pre-Coded\venv\Lib\site-packages\django\db\models\query.py", line 400, in __iter__
    self._fetch_all()
  File "C:\Users\yasse\OneDrive\Desktop\Pre-Coded\venv\Lib\site-packages\django\db\models\query.py", line 1928, in _fetch_all
    self._result_cache = list(self._iterable_class(self))
                         ^^^^^^^^^^^^^^^^^^^^^^^^^^^^^^^^
  File "C:\Users\yasse\OneDrive\Desktop\Pre-Coded\venv\Lib\site-packages\django\db\models\query.py", line 91, in __iter__
    results = compiler.execute_sql(
              ^^^^^^^^^^^^^^^^^^^^^
  File "C:\Users\yasse\OneDrive\Desktop\Pre-Coded\venv\Lib\site-packages\django\db\models\sql\compiler.py", line 1574, in execute_sql
    cursor.execute(sql, params)
  File "C:\Users\yasse\OneDrive\Desktop\Pre-Coded\venv\Lib\site-packages\django\db\backends\utils.py", line 122, in execute
    return super().execute(sql, params)
           ^^^^^^^^^^^^^^^^^^^^^^^^^^^^
  File "C:\Users\yasse\OneDrive\Desktop\Pre-Coded\venv\Lib\site-packages\django\db\backends\utils.py", line 79, in execute
    return self._execute_with_wrappers(
           ^^^^^^^^^^^^^^^^^^^^^^^^^^^^
  File "C:\Users\yasse\OneDrive\Desktop\Pre-Coded\venv\Lib\site-packages\django\db\backends\utils.py", line 92, in _execute_with_wrappers
    return executor(sql, params, many, context)
           ^^^^^^^^^^^^^^^^^^^^^^^^^^^^^^^^^^^^
  File "C:\Users\yasse\OneDrive\Desktop\Pre-Coded\venv\Lib\site-packages\django\db\backends\utils.py", line 100, in _execute
    with self.db.wrap_database_errors:
  File "C:\Users\yasse\OneDrive\Desktop\Pre-Coded\venv\Lib\site-packages\django\db\utils.py", line 91, in __exit__
    raise dj_exc_value.with_traceback(traceback) from exc_value
  File "C:\Users\yasse\OneDrive\Desktop\Pre-Coded\venv\Lib\site-packages\django\db\backends\utils.py", line 105, in _execute
    return self.cursor.execute(sql, params)
           ^^^^^^^^^^^^^^^^^^^^^^^^^^^^^^^^
  File "C:\Users\yasse\OneDrive\Desktop\Pre-Coded\venv\Lib\site-packages\django\db\backends\sqlite3\base.py", line 354, in execute
    return super().execute(query, params)
           ^^^^^^^^^^^^^^^^^^^^^^^^^^^^^^
django.db.utils.OperationalError: no such column: create_api_templatefile.description

2025-05-18 20:58:46,159 [DEBUG] core.loaders: [DB Loader][QUERY] SQL lookup for path: 'templates/feed.html' in database 'project_1'
2025-05-18 20:58:46,160 [DEBUG] core.loaders: [DB Loader][DB_CONN] Connection 'project_1' is usable
2025-05-18 20:58:46,160 [DEBUG] core.loaders: [DB Loader][SQL] Running: SELECT id, path, name FROM create_api_templatefile WHERE path = 'templates/feed.html'
2025-05-18 20:58:46,161 [DEBUG] core.loaders: [DB Loader][SQL] Found 1 results: [(2, 'templates/feed.html', 'feed.html')]
2025-05-18 20:58:46,163 [ERROR] core.loaders: [DB Loader][ERROR] Error querying database for path 'templates/feed.html': no such column: create_api_templatefile.description
2025-05-18 20:58:46,166 [ERROR] core.loaders: Traceback (most recent call last):
  File "C:\Users\yasse\OneDrive\Desktop\Pre-Coded\venv\Lib\site-packages\django\db\backends\utils.py", line 105, in _execute
    return self.cursor.execute(sql, params)
           ^^^^^^^^^^^^^^^^^^^^^^^^^^^^^^^^
  File "C:\Users\yasse\OneDrive\Desktop\Pre-Coded\venv\Lib\site-packages\django\db\backends\sqlite3\base.py", line 354, in execute
    return super().execute(query, params)
           ^^^^^^^^^^^^^^^^^^^^^^^^^^^^^^
sqlite3.OperationalError: no such column: create_api_templatefile.description

The above exception was the direct cause of the following exception:

Traceback (most recent call last):
  File "C:\Users\yasse\OneDrive\Desktop\Pre-Coded\api_generator\core\loaders.py", line 173, in _try_template_path
    template = TemplateFile.objects.using(db_alias).filter(path=path).first()
               ^^^^^^^^^^^^^^^^^^^^^^^^^^^^^^^^^^^^^^^^^^^^^^^^^^^^^^^^^^^^^^
  File "C:\Users\yasse\OneDrive\Desktop\Pre-Coded\venv\Lib\site-packages\django\db\models\query.py", line 1097, in first
    for obj in queryset[:1]:
  File "C:\Users\yasse\OneDrive\Desktop\Pre-Coded\venv\Lib\site-packages\django\db\models\query.py", line 400, in __iter__
    self._fetch_all()
  File "C:\Users\yasse\OneDrive\Desktop\Pre-Coded\venv\Lib\site-packages\django\db\models\query.py", line 1928, in _fetch_all
    self._result_cache = list(self._iterable_class(self))
                         ^^^^^^^^^^^^^^^^^^^^^^^^^^^^^^^^
  File "C:\Users\yasse\OneDrive\Desktop\Pre-Coded\venv\Lib\site-packages\django\db\models\query.py", line 91, in __iter__
    results = compiler.execute_sql(
              ^^^^^^^^^^^^^^^^^^^^^
  File "C:\Users\yasse\OneDrive\Desktop\Pre-Coded\venv\Lib\site-packages\django\db\models\sql\compiler.py", line 1574, in execute_sql
    cursor.execute(sql, params)
  File "C:\Users\yasse\OneDrive\Desktop\Pre-Coded\venv\Lib\site-packages\django\db\backends\utils.py", line 122, in execute
    return super().execute(sql, params)
           ^^^^^^^^^^^^^^^^^^^^^^^^^^^^
  File "C:\Users\yasse\OneDrive\Desktop\Pre-Coded\venv\Lib\site-packages\django\db\backends\utils.py", line 79, in execute
    return self._execute_with_wrappers(
           ^^^^^^^^^^^^^^^^^^^^^^^^^^^^
  File "C:\Users\yasse\OneDrive\Desktop\Pre-Coded\venv\Lib\site-packages\django\db\backends\utils.py", line 92, in _execute_with_wrappers
    return executor(sql, params, many, context)
           ^^^^^^^^^^^^^^^^^^^^^^^^^^^^^^^^^^^^
  File "C:\Users\yasse\OneDrive\Desktop\Pre-Coded\venv\Lib\site-packages\django\db\backends\utils.py", line 100, in _execute
    with self.db.wrap_database_errors:
  File "C:\Users\yasse\OneDrive\Desktop\Pre-Coded\venv\Lib\site-packages\django\db\utils.py", line 91, in __exit__
    raise dj_exc_value.with_traceback(traceback) from exc_value
  File "C:\Users\yasse\OneDrive\Desktop\Pre-Coded\venv\Lib\site-packages\django\db\backends\utils.py", line 105, in _execute
    return self.cursor.execute(sql, params)
           ^^^^^^^^^^^^^^^^^^^^^^^^^^^^^^^^
  File "C:\Users\yasse\OneDrive\Desktop\Pre-Coded\venv\Lib\site-packages\django\db\backends\sqlite3\base.py", line 354, in execute
    return super().execute(query, params)
           ^^^^^^^^^^^^^^^^^^^^^^^^^^^^^^
django.db.utils.OperationalError: no such column: create_api_templatefile.description

2025-05-18 20:58:46,171 [DEBUG] core.loaders: [DB Loader][QUERY] SQL lookup for path: 'feed.html' in database 'project_1'
2025-05-18 20:58:46,172 [DEBUG] core.loaders: [DB Loader][DB_CONN] Connection 'project_1' is usable
2025-05-18 20:58:46,172 [DEBUG] core.loaders: [DB Loader][SQL] Running: SELECT id, path, name FROM create_api_templatefile WHERE path = 'feed.html'
2025-05-18 20:58:46,173 [DEBUG] core.loaders: [DB Loader][SQL] No results found
2025-05-18 20:58:46,175 [ERROR] core.loaders: [DB Loader][ERROR] Error querying database for path 'feed.html': no such column: create_api_templatefile.description
2025-05-18 20:58:46,177 [ERROR] core.loaders: Traceback (most recent call last):
  File "C:\Users\yasse\OneDrive\Desktop\Pre-Coded\venv\Lib\site-packages\django\db\backends\utils.py", line 105, in _execute
    return self.cursor.execute(sql, params)
           ^^^^^^^^^^^^^^^^^^^^^^^^^^^^^^^^
  File "C:\Users\yasse\OneDrive\Desktop\Pre-Coded\venv\Lib\site-packages\django\db\backends\sqlite3\base.py", line 354, in execute
    return super().execute(query, params)
           ^^^^^^^^^^^^^^^^^^^^^^^^^^^^^^
sqlite3.OperationalError: no such column: create_api_templatefile.description

The above exception was the direct cause of the following exception:

Traceback (most recent call last):
  File "C:\Users\yasse\OneDrive\Desktop\Pre-Coded\api_generator\core\loaders.py", line 173, in _try_template_path
    template = TemplateFile.objects.using(db_alias).filter(path=path).first()
               ^^^^^^^^^^^^^^^^^^^^^^^^^^^^^^^^^^^^^^^^^^^^^^^^^^^^^^^^^^^^^^
  File "C:\Users\yasse\OneDrive\Desktop\Pre-Coded\venv\Lib\site-packages\django\db\models\query.py", line 1097, in first
    for obj in queryset[:1]:
  File "C:\Users\yasse\OneDrive\Desktop\Pre-Coded\venv\Lib\site-packages\django\db\models\query.py", line 400, in __iter__
    self._fetch_all()
  File "C:\Users\yasse\OneDrive\Desktop\Pre-Coded\venv\Lib\site-packages\django\db\models\query.py", line 1928, in _fetch_all
    self._result_cache = list(self._iterable_class(self))
                         ^^^^^^^^^^^^^^^^^^^^^^^^^^^^^^^^
  File "C:\Users\yasse\OneDrive\Desktop\Pre-Coded\venv\Lib\site-packages\django\db\models\query.py", line 91, in __iter__
    results = compiler.execute_sql(
              ^^^^^^^^^^^^^^^^^^^^^
  File "C:\Users\yasse\OneDrive\Desktop\Pre-Coded\venv\Lib\site-packages\django\db\models\sql\compiler.py", line 1574, in execute_sql
    cursor.execute(sql, params)
  File "C:\Users\yasse\OneDrive\Desktop\Pre-Coded\venv\Lib\site-packages\django\db\backends\utils.py", line 122, in execute
    return super().execute(sql, params)
           ^^^^^^^^^^^^^^^^^^^^^^^^^^^^
  File "C:\Users\yasse\OneDrive\Desktop\Pre-Coded\venv\Lib\site-packages\django\db\backends\utils.py", line 79, in execute
    return self._execute_with_wrappers(
           ^^^^^^^^^^^^^^^^^^^^^^^^^^^^
  File "C:\Users\yasse\OneDrive\Desktop\Pre-Coded\venv\Lib\site-packages\django\db\backends\utils.py", line 92, in _execute_with_wrappers
    return executor(sql, params, many, context)
           ^^^^^^^^^^^^^^^^^^^^^^^^^^^^^^^^^^^^
  File "C:\Users\yasse\OneDrive\Desktop\Pre-Coded\venv\Lib\site-packages\django\db\backends\utils.py", line 100, in _execute
    with self.db.wrap_database_errors:
  File "C:\Users\yasse\OneDrive\Desktop\Pre-Coded\venv\Lib\site-packages\django\db\utils.py", line 91, in __exit__
    raise dj_exc_value.with_traceback(traceback) from exc_value
  File "C:\Users\yasse\OneDrive\Desktop\Pre-Coded\venv\Lib\site-packages\django\db\backends\utils.py", line 105, in _execute
    return self.cursor.execute(sql, params)
           ^^^^^^^^^^^^^^^^^^^^^^^^^^^^^^^^
  File "C:\Users\yasse\OneDrive\Desktop\Pre-Coded\venv\Lib\site-packages\django\db\backends\sqlite3\base.py", line 354, in execute
    return super().execute(query, params)
           ^^^^^^^^^^^^^^^^^^^^^^^^^^^^^^
django.db.utils.OperationalError: no such column: create_api_templatefile.description

2025-05-18 20:58:46,182 [DEBUG] core.loaders: [DB Loader][QUERY] SQL lookup for path: 'feed.html' in database 'project_1'
2025-05-18 20:58:46,183 [DEBUG] core.loaders: [DB Loader][DB_CONN] Connection 'project_1' is usable
2025-05-18 20:58:46,184 [DEBUG] core.loaders: [DB Loader][SQL] Running: SELECT id, path, name FROM create_api_templatefile WHERE path = 'feed.html'
2025-05-18 20:58:46,185 [DEBUG] core.loaders: [DB Loader][SQL] No results found
2025-05-18 20:58:46,187 [ERROR] core.loaders: [DB Loader][ERROR] Error querying database for path 'feed.html': no such column: create_api_templatefile.description
2025-05-18 20:58:46,189 [ERROR] core.loaders: Traceback (most recent call last):
  File "C:\Users\yasse\OneDrive\Desktop\Pre-Coded\venv\Lib\site-packages\django\db\backends\utils.py", line 105, in _execute
    return self.cursor.execute(sql, params)
           ^^^^^^^^^^^^^^^^^^^^^^^^^^^^^^^^
  File "C:\Users\yasse\OneDrive\Desktop\Pre-Coded\venv\Lib\site-packages\django\db\backends\sqlite3\base.py", line 354, in execute
    return super().execute(query, params)
           ^^^^^^^^^^^^^^^^^^^^^^^^^^^^^^
sqlite3.OperationalError: no such column: create_api_templatefile.description

The above exception was the direct cause of the following exception:

Traceback (most recent call last):
  File "C:\Users\yasse\OneDrive\Desktop\Pre-Coded\api_generator\core\loaders.py", line 173, in _try_template_path
    template = TemplateFile.objects.using(db_alias).filter(path=path).first()
               ^^^^^^^^^^^^^^^^^^^^^^^^^^^^^^^^^^^^^^^^^^^^^^^^^^^^^^^^^^^^^^
  File "C:\Users\yasse\OneDrive\Desktop\Pre-Coded\venv\Lib\site-packages\django\db\models\query.py", line 1097, in first
    for obj in queryset[:1]:
  File "C:\Users\yasse\OneDrive\Desktop\Pre-Coded\venv\Lib\site-packages\django\db\models\query.py", line 400, in __iter__
    self._fetch_all()
  File "C:\Users\yasse\OneDrive\Desktop\Pre-Coded\venv\Lib\site-packages\django\db\models\query.py", line 1928, in _fetch_all
    self._result_cache = list(self._iterable_class(self))
                         ^^^^^^^^^^^^^^^^^^^^^^^^^^^^^^^^
  File "C:\Users\yasse\OneDrive\Desktop\Pre-Coded\venv\Lib\site-packages\django\db\models\query.py", line 91, in __iter__
    results = compiler.execute_sql(
              ^^^^^^^^^^^^^^^^^^^^^
  File "C:\Users\yasse\OneDrive\Desktop\Pre-Coded\venv\Lib\site-packages\django\db\models\sql\compiler.py", line 1574, in execute_sql
    cursor.execute(sql, params)
  File "C:\Users\yasse\OneDrive\Desktop\Pre-Coded\venv\Lib\site-packages\django\db\backends\utils.py", line 122, in execute
    return super().execute(sql, params)
           ^^^^^^^^^^^^^^^^^^^^^^^^^^^^
  File "C:\Users\yasse\OneDrive\Desktop\Pre-Coded\venv\Lib\site-packages\django\db\backends\utils.py", line 79, in execute
    return self._execute_with_wrappers(
           ^^^^^^^^^^^^^^^^^^^^^^^^^^^^
  File "C:\Users\yasse\OneDrive\Desktop\Pre-Coded\venv\Lib\site-packages\django\db\backends\utils.py", line 92, in _execute_with_wrappers
    return executor(sql, params, many, context)
           ^^^^^^^^^^^^^^^^^^^^^^^^^^^^^^^^^^^^
  File "C:\Users\yasse\OneDrive\Desktop\Pre-Coded\venv\Lib\site-packages\django\db\backends\utils.py", line 100, in _execute
    with self.db.wrap_database_errors:
  File "C:\Users\yasse\OneDrive\Desktop\Pre-Coded\venv\Lib\site-packages\django\db\utils.py", line 91, in __exit__
    raise dj_exc_value.with_traceback(traceback) from exc_value
  File "C:\Users\yasse\OneDrive\Desktop\Pre-Coded\venv\Lib\site-packages\django\db\backends\utils.py", line 105, in _execute
    return self.cursor.execute(sql, params)
           ^^^^^^^^^^^^^^^^^^^^^^^^^^^^^^^^
  File "C:\Users\yasse\OneDrive\Desktop\Pre-Coded\venv\Lib\site-packages\django\db\backends\sqlite3\base.py", line 354, in execute
    return super().execute(query, params)
           ^^^^^^^^^^^^^^^^^^^^^^^^^^^^^^
django.db.utils.OperationalError: no such column: create_api_templatefile.description

2025-05-18 20:58:46,195 [DEBUG] core.loaders: [DB Loader][PROJECT] Trying project-based lookup for project 1
2025-05-18 20:58:46,195 [DEBUG] core.loaders: [DB Loader][PROJECT] Searching project 1 templates by filename
2025-05-18 20:58:46,196 [DEBUG] core.loaders: [DB Loader][DB_CONN] Connection 'project_1' is usable
2025-05-18 20:58:46,196 [DEBUG] core.loaders: [DB Loader][PROJECT] Looking for filename: 'feed.html'
2025-05-18 20:58:46,197 [DEBUG] core.loaders: [DB Loader][SQL] Running: SELECT id, path, name FROM create_api_templatefile WHERE project_id = 1
2025-05-18 20:58:46,197 [DEBUG] core.loaders: [DB Loader][SQL] Found 2 templates in project: [(1, 'templates/base.html', 'base.html'), (2, 'templates/feed.html', 'feed.html')]
2025-05-18 20:58:46,205 [ERROR] core.loaders: [DB Loader][PROJECT][ERROR] Error in project-based template search: no such column: create_api_templatefile.description
2025-05-18 20:58:46,222 [ERROR] core.loaders: Traceback (most recent call last):
  File "C:\Users\yasse\OneDrive\Desktop\Pre-Coded\venv\Lib\site-packages\django\db\backends\utils.py", line 105, in _execute
    return self.cursor.execute(sql, params)
           ^^^^^^^^^^^^^^^^^^^^^^^^^^^^^^^^
  File "C:\Users\yasse\OneDrive\Desktop\Pre-Coded\venv\Lib\site-packages\django\db\backends\sqlite3\base.py", line 354, in execute
    return super().execute(query, params)
           ^^^^^^^^^^^^^^^^^^^^^^^^^^^^^^
sqlite3.OperationalError: no such column: create_api_templatefile.description

The above exception was the direct cause of the following exception:

Traceback (most recent call last):
  File "C:\Users\yasse\OneDrive\Desktop\Pre-Coded\api_generator\core\loaders.py", line 227, in _try_project_templates
    templates = list(TemplateFile.objects.using(db_alias).filter(project_id=project_id))
                ^^^^^^^^^^^^^^^^^^^^^^^^^^^^^^^^^^^^^^^^^^^^^^^^^^^^^^^^^^^^^^^^^^^^^^^^
  File "C:\Users\yasse\OneDrive\Desktop\Pre-Coded\venv\Lib\site-packages\django\db\models\query.py", line 400, in __iter__
    self._fetch_all()
  File "C:\Users\yasse\OneDrive\Desktop\Pre-Coded\venv\Lib\site-packages\django\db\models\query.py", line 1928, in _fetch_all
    self._result_cache = list(self._iterable_class(self))
                         ^^^^^^^^^^^^^^^^^^^^^^^^^^^^^^^^
  File "C:\Users\yasse\OneDrive\Desktop\Pre-Coded\venv\Lib\site-packages\django\db\models\query.py", line 91, in __iter__
    results = compiler.execute_sql(
              ^^^^^^^^^^^^^^^^^^^^^
  File "C:\Users\yasse\OneDrive\Desktop\Pre-Coded\venv\Lib\site-packages\django\db\models\sql\compiler.py", line 1574, in execute_sql
    cursor.execute(sql, params)
  File "C:\Users\yasse\OneDrive\Desktop\Pre-Coded\venv\Lib\site-packages\django\db\backends\utils.py", line 122, in execute
    return super().execute(sql, params)
           ^^^^^^^^^^^^^^^^^^^^^^^^^^^^
  File "C:\Users\yasse\OneDrive\Desktop\Pre-Coded\venv\Lib\site-packages\django\db\backends\utils.py", line 79, in execute
    return self._execute_with_wrappers(
           ^^^^^^^^^^^^^^^^^^^^^^^^^^^^
  File "C:\Users\yasse\OneDrive\Desktop\Pre-Coded\venv\Lib\site-packages\django\db\backends\utils.py", line 92, in _execute_with_wrappers
    return executor(sql, params, many, context)
           ^^^^^^^^^^^^^^^^^^^^^^^^^^^^^^^^^^^^
  File "C:\Users\yasse\OneDrive\Desktop\Pre-Coded\venv\Lib\site-packages\django\db\backends\utils.py", line 100, in _execute
    with self.db.wrap_database_errors:
  File "C:\Users\yasse\OneDrive\Desktop\Pre-Coded\venv\Lib\site-packages\django\db\utils.py", line 91, in __exit__
    raise dj_exc_value.with_traceback(traceback) from exc_value
  File "C:\Users\yasse\OneDrive\Desktop\Pre-Coded\venv\Lib\site-packages\django\db\backends\utils.py", line 105, in _execute
    return self.cursor.execute(sql, params)
           ^^^^^^^^^^^^^^^^^^^^^^^^^^^^^^^^
  File "C:\Users\yasse\OneDrive\Desktop\Pre-Coded\venv\Lib\site-packages\django\db\backends\sqlite3\base.py", line 354, in execute
    return super().execute(query, params)
           ^^^^^^^^^^^^^^^^^^^^^^^^^^^^^^
django.db.utils.OperationalError: no such column: create_api_templatefile.description

2025-05-18 20:58:46,234 [DEBUG] core.loaders: [DB Loader][AUTO-CREATE] Attempting to create missing template 'feed.html'
2025-05-18 20:58:46,236 [DEBUG] core.loaders: [DB Loader][DB_CONN] Connection 'project_1' is usable
2025-05-18 20:58:46,237 [DEBUG] core.loaders: [DB Loader][CREATE] Creating template with path='templates/feed.html', name='feed.html'
2025-05-18 20:58:46,239 [ERROR] core.loaders: [DB Loader][CREATE][ERROR] Error creating template: no such table: create_api_project
2025-05-18 20:58:46,242 [ERROR] core.loaders: Traceback (most recent call last):
  File "C:\Users\yasse\OneDrive\Desktop\Pre-Coded\venv\Lib\site-packages\django\db\backends\utils.py", line 105, in _execute
    return self.cursor.execute(sql, params)
           ^^^^^^^^^^^^^^^^^^^^^^^^^^^^^^^^
  File "C:\Users\yasse\OneDrive\Desktop\Pre-Coded\venv\Lib\site-packages\django\db\backends\sqlite3\base.py", line 354, in execute
    return super().execute(query, params)
           ^^^^^^^^^^^^^^^^^^^^^^^^^^^^^^
sqlite3.OperationalError: no such table: create_api_project

The above exception was the direct cause of the following exception:

Traceback (most recent call last):
  File "C:\Users\yasse\OneDrive\Desktop\Pre-Coded\api_generator\core\loaders.py", line 490, in _create_template
    project = Project.objects.using(db_alias).get(id=project_id)
              ^^^^^^^^^^^^^^^^^^^^^^^^^^^^^^^^^^^^^^^^^^^^^^^^^^
  File "C:\Users\yasse\OneDrive\Desktop\Pre-Coded\venv\Lib\site-packages\django\db\models\query.py", line 645, in get
    num = len(clone)
          ^^^^^^^^^^
  File "C:\Users\yasse\OneDrive\Desktop\Pre-Coded\venv\Lib\site-packages\django\db\models\query.py", line 382, in __len__
    self._fetch_all()
  File "C:\Users\yasse\OneDrive\Desktop\Pre-Coded\venv\Lib\site-packages\django\db\models\query.py", line 1928, in _fetch_all
    self._result_cache = list(self._iterable_class(self))
                         ^^^^^^^^^^^^^^^^^^^^^^^^^^^^^^^^
  File "C:\Users\yasse\OneDrive\Desktop\Pre-Coded\venv\Lib\site-packages\django\db\models\query.py", line 91, in __iter__
    results = compiler.execute_sql(
              ^^^^^^^^^^^^^^^^^^^^^
  File "C:\Users\yasse\OneDrive\Desktop\Pre-Coded\venv\Lib\site-packages\django\db\models\sql\compiler.py", line 1574, in execute_sql
    cursor.execute(sql, params)
  File "C:\Users\yasse\OneDrive\Desktop\Pre-Coded\venv\Lib\site-packages\django\db\backends\utils.py", line 122, in execute
    return super().execute(sql, params)
           ^^^^^^^^^^^^^^^^^^^^^^^^^^^^
  File "C:\Users\yasse\OneDrive\Desktop\Pre-Coded\venv\Lib\site-packages\django\db\backends\utils.py", line 79, in execute
    return self._execute_with_wrappers(
           ^^^^^^^^^^^^^^^^^^^^^^^^^^^^
  File "C:\Users\yasse\OneDrive\Desktop\Pre-Coded\venv\Lib\site-packages\django\db\backends\utils.py", line 92, in _execute_with_wrappers
    return executor(sql, params, many, context)
           ^^^^^^^^^^^^^^^^^^^^^^^^^^^^^^^^^^^^
  File "C:\Users\yasse\OneDrive\Desktop\Pre-Coded\venv\Lib\site-packages\django\db\backends\utils.py", line 100, in _execute
    with self.db.wrap_database_errors:
  File "C:\Users\yasse\OneDrive\Desktop\Pre-Coded\venv\Lib\site-packages\django\db\utils.py", line 91, in __exit__
    raise dj_exc_value.with_traceback(traceback) from exc_value
  File "C:\Users\yasse\OneDrive\Desktop\Pre-Coded\venv\Lib\site-packages\django\db\backends\utils.py", line 105, in _execute
    return self.cursor.execute(sql, params)
           ^^^^^^^^^^^^^^^^^^^^^^^^^^^^^^^^
  File "C:\Users\yasse\OneDrive\Desktop\Pre-Coded\venv\Lib\site-packages\django\db\backends\sqlite3\base.py", line 354, in execute
    return super().execute(query, params)
           ^^^^^^^^^^^^^^^^^^^^^^^^^^^^^^
django.db.utils.OperationalError: no such table: create_api_project

2025-05-18 20:58:46,249 [WARNING] core.loaders: [DB Loader][FAILED] Template 'feed.html' not found after all attempts
2025-05-18 20:58:46,252 [DEBUG] core.loaders: [DB Loader][AVAILABLE] 2 templates in database for project 1
2025-05-18 20:58:46,254 [ERROR] core.loaders: [DB Loader][ERROR] Failed to list available templates: no such column: create_api_templatefile.description
2025-05-18 20:58:46,255 [ERROR] template_debugger: Template not found: feed.html
2025-05-18 20:58:46,255 [INFO] template_debugger: 
Testing template with Engine.get_template: 'templates/feed.html'
2025-05-18 20:58:46,255 [DEBUG] core.loaders: [DB Loader][START] Template lookup for: 'templates/feed.html'
2025-05-18 20:58:46,257 [DEBUG] core.loaders: [DB Loader][CALL STACK] ['  File "C:\\Users\\yasse\\OneDrive\\Desktop\\Pre-Coded\\venv\\Lib\\site-packages\\django\\template\\engine.py", line 159, in find_template\n    template = loader.get_template(name, skip=skip)\n', '  File "C:\\Users\\yasse\\OneDrive\\Desktop\\Pre-Coded\\venv\\Lib\\site-packages\\django\\template\\loaders\\base.py", line 17, in get_template\n    for origin in self.get_template_sources(template_name):\n']
2025-05-18 20:58:46,258 [DEBUG] core.thread_local: [Thread Local][GET] db_alias = project_1
2025-05-18 20:58:46,259 [DEBUG] core.loaders: [DB Loader][DB_ALIAS] Using database alias: 'project_1'
2025-05-18 20:58:46,259 [DEBUG] core.thread_local: [Thread Local][GET] project_id = 1
2025-05-18 20:58:46,259 [DEBUG] core.loaders: [DB Loader][DB_CONN] Connection 'project_1' is usable
2025-05-18 20:58:46,260 [DEBUG] core.loaders: [DB Loader][CONTEXT] {"project_id": 1, "db_alias": "project_1", "connection_id": "debug-1747591125", "ws_context": true, "template_name": "templates/feed.html", "active_connections": "['default', 'project_1']", "thread_id": 2069757272976}
2025-05-18 20:58:46,261 [DEBUG] core.thread_local: [Thread Local][GET] project_id = 1
2025-05-18 20:58:46,262 [DEBUG] core.loaders: [DB Loader][QUERY] Trying exact path match for 'templates/feed.html'
2025-05-18 20:58:46,263 [DEBUG] core.loaders: [DB Loader][QUERY] SQL lookup for path: 'templates/feed.html' in database 'project_1'
2025-05-18 20:58:46,264 [DEBUG] core.loaders: [DB Loader][DB_CONN] Connection 'project_1' is usable
2025-05-18 20:58:46,264 [DEBUG] core.loaders: [DB Loader][SQL] Running: SELECT id, path, name FROM create_api_templatefile WHERE path = 'templates/feed.html'
2025-05-18 20:58:46,265 [DEBUG] core.loaders: [DB Loader][SQL] Found 1 results: [(2, 'templates/feed.html', 'feed.html')]
2025-05-18 20:58:46,267 [ERROR] core.loaders: [DB Loader][ERROR] Error querying database for path 'templates/feed.html': no such column: create_api_templatefile.description
2025-05-18 20:58:46,271 [ERROR] core.loaders: Traceback (most recent call last):
  File "C:\Users\yasse\OneDrive\Desktop\Pre-Coded\venv\Lib\site-packages\django\db\backends\utils.py", line 105, in _execute
    return self.cursor.execute(sql, params)
           ^^^^^^^^^^^^^^^^^^^^^^^^^^^^^^^^
  File "C:\Users\yasse\OneDrive\Desktop\Pre-Coded\venv\Lib\site-packages\django\db\backends\sqlite3\base.py", line 354, in execute
    return super().execute(query, params)
           ^^^^^^^^^^^^^^^^^^^^^^^^^^^^^^
sqlite3.OperationalError: no such column: create_api_templatefile.description

The above exception was the direct cause of the following exception:

Traceback (most recent call last):
  File "C:\Users\yasse\OneDrive\Desktop\Pre-Coded\api_generator\core\loaders.py", line 173, in _try_template_path
    template = TemplateFile.objects.using(db_alias).filter(path=path).first()
               ^^^^^^^^^^^^^^^^^^^^^^^^^^^^^^^^^^^^^^^^^^^^^^^^^^^^^^^^^^^^^^
  File "C:\Users\yasse\OneDrive\Desktop\Pre-Coded\venv\Lib\site-packages\django\db\models\query.py", line 1097, in first
    for obj in queryset[:1]:
  File "C:\Users\yasse\OneDrive\Desktop\Pre-Coded\venv\Lib\site-packages\django\db\models\query.py", line 400, in __iter__
    self._fetch_all()
  File "C:\Users\yasse\OneDrive\Desktop\Pre-Coded\venv\Lib\site-packages\django\db\models\query.py", line 1928, in _fetch_all
    self._result_cache = list(self._iterable_class(self))
                         ^^^^^^^^^^^^^^^^^^^^^^^^^^^^^^^^
  File "C:\Users\yasse\OneDrive\Desktop\Pre-Coded\venv\Lib\site-packages\django\db\models\query.py", line 91, in __iter__
    results = compiler.execute_sql(
              ^^^^^^^^^^^^^^^^^^^^^
  File "C:\Users\yasse\OneDrive\Desktop\Pre-Coded\venv\Lib\site-packages\django\db\models\sql\compiler.py", line 1574, in execute_sql
    cursor.execute(sql, params)
  File "C:\Users\yasse\OneDrive\Desktop\Pre-Coded\venv\Lib\site-packages\django\db\backends\utils.py", line 122, in execute
    return super().execute(sql, params)
           ^^^^^^^^^^^^^^^^^^^^^^^^^^^^
  File "C:\Users\yasse\OneDrive\Desktop\Pre-Coded\venv\Lib\site-packages\django\db\backends\utils.py", line 79, in execute
    return self._execute_with_wrappers(
           ^^^^^^^^^^^^^^^^^^^^^^^^^^^^
  File "C:\Users\yasse\OneDrive\Desktop\Pre-Coded\venv\Lib\site-packages\django\db\backends\utils.py", line 92, in _execute_with_wrappers
    return executor(sql, params, many, context)
           ^^^^^^^^^^^^^^^^^^^^^^^^^^^^^^^^^^^^
  File "C:\Users\yasse\OneDrive\Desktop\Pre-Coded\venv\Lib\site-packages\django\db\backends\utils.py", line 100, in _execute
    with self.db.wrap_database_errors:
  File "C:\Users\yasse\OneDrive\Desktop\Pre-Coded\venv\Lib\site-packages\django\db\utils.py", line 91, in __exit__
    raise dj_exc_value.with_traceback(traceback) from exc_value
  File "C:\Users\yasse\OneDrive\Desktop\Pre-Coded\venv\Lib\site-packages\django\db\backends\utils.py", line 105, in _execute
    return self.cursor.execute(sql, params)
           ^^^^^^^^^^^^^^^^^^^^^^^^^^^^^^^^
  File "C:\Users\yasse\OneDrive\Desktop\Pre-Coded\venv\Lib\site-packages\django\db\backends\sqlite3\base.py", line 354, in execute
    return super().execute(query, params)
           ^^^^^^^^^^^^^^^^^^^^^^^^^^^^^^
django.db.utils.OperationalError: no such column: create_api_templatefile.description

2025-05-18 20:58:46,277 [DEBUG] core.loaders: [DB Loader][NORMALIZE] Trying normalized paths: ['templates/feed.html', 'templates/templates/feed.html', 'feed.html', 'feed.html']
2025-05-18 20:58:46,278 [DEBUG] core.loaders: [DB Loader][QUERY] SQL lookup for path: 'templates/feed.html' in database 'project_1'
2025-05-18 20:58:46,279 [DEBUG] core.loaders: [DB Loader][DB_CONN] Connection 'project_1' is usable
2025-05-18 20:58:46,279 [DEBUG] core.loaders: [DB Loader][SQL] Running: SELECT id, path, name FROM create_api_templatefile WHERE path = 'templates/feed.html'
2025-05-18 20:58:46,280 [DEBUG] core.loaders: [DB Loader][SQL] Found 1 results: [(2, 'templates/feed.html', 'feed.html')]
2025-05-18 20:58:46,283 [ERROR] core.loaders: [DB Loader][ERROR] Error querying database for path 'templates/feed.html': no such column: create_api_templatefile.description
2025-05-18 20:58:46,285 [ERROR] core.loaders: Traceback (most recent call last):
  File "C:\Users\yasse\OneDrive\Desktop\Pre-Coded\venv\Lib\site-packages\django\db\backends\utils.py", line 105, in _execute
    return self.cursor.execute(sql, params)
           ^^^^^^^^^^^^^^^^^^^^^^^^^^^^^^^^
  File "C:\Users\yasse\OneDrive\Desktop\Pre-Coded\venv\Lib\site-packages\django\db\backends\sqlite3\base.py", line 354, in execute
    return super().execute(query, params)
           ^^^^^^^^^^^^^^^^^^^^^^^^^^^^^^
sqlite3.OperationalError: no such column: create_api_templatefile.description

The above exception was the direct cause of the following exception:

Traceback (most recent call last):
  File "C:\Users\yasse\OneDrive\Desktop\Pre-Coded\api_generator\core\loaders.py", line 173, in _try_template_path
    template = TemplateFile.objects.using(db_alias).filter(path=path).first()
               ^^^^^^^^^^^^^^^^^^^^^^^^^^^^^^^^^^^^^^^^^^^^^^^^^^^^^^^^^^^^^^
  File "C:\Users\yasse\OneDrive\Desktop\Pre-Coded\venv\Lib\site-packages\django\db\models\query.py", line 1097, in first
    for obj in queryset[:1]:
  File "C:\Users\yasse\OneDrive\Desktop\Pre-Coded\venv\Lib\site-packages\django\db\models\query.py", line 400, in __iter__
    self._fetch_all()
  File "C:\Users\yasse\OneDrive\Desktop\Pre-Coded\venv\Lib\site-packages\django\db\models\query.py", line 1928, in _fetch_all
    self._result_cache = list(self._iterable_class(self))
                         ^^^^^^^^^^^^^^^^^^^^^^^^^^^^^^^^
  File "C:\Users\yasse\OneDrive\Desktop\Pre-Coded\venv\Lib\site-packages\django\db\models\query.py", line 91, in __iter__
    results = compiler.execute_sql(
              ^^^^^^^^^^^^^^^^^^^^^
  File "C:\Users\yasse\OneDrive\Desktop\Pre-Coded\venv\Lib\site-packages\django\db\models\sql\compiler.py", line 1574, in execute_sql
    cursor.execute(sql, params)
  File "C:\Users\yasse\OneDrive\Desktop\Pre-Coded\venv\Lib\site-packages\django\db\backends\utils.py", line 122, in execute
    return super().execute(sql, params)
           ^^^^^^^^^^^^^^^^^^^^^^^^^^^^
  File "C:\Users\yasse\OneDrive\Desktop\Pre-Coded\venv\Lib\site-packages\django\db\backends\utils.py", line 79, in execute
    return self._execute_with_wrappers(
           ^^^^^^^^^^^^^^^^^^^^^^^^^^^^
  File "C:\Users\yasse\OneDrive\Desktop\Pre-Coded\venv\Lib\site-packages\django\db\backends\utils.py", line 92, in _execute_with_wrappers
    return executor(sql, params, many, context)
           ^^^^^^^^^^^^^^^^^^^^^^^^^^^^^^^^^^^^
  File "C:\Users\yasse\OneDrive\Desktop\Pre-Coded\venv\Lib\site-packages\django\db\backends\utils.py", line 100, in _execute
    with self.db.wrap_database_errors:
  File "C:\Users\yasse\OneDrive\Desktop\Pre-Coded\venv\Lib\site-packages\django\db\utils.py", line 91, in __exit__
    raise dj_exc_value.with_traceback(traceback) from exc_value
  File "C:\Users\yasse\OneDrive\Desktop\Pre-Coded\venv\Lib\site-packages\django\db\backends\utils.py", line 105, in _execute
    return self.cursor.execute(sql, params)
           ^^^^^^^^^^^^^^^^^^^^^^^^^^^^^^^^
  File "C:\Users\yasse\OneDrive\Desktop\Pre-Coded\venv\Lib\site-packages\django\db\backends\sqlite3\base.py", line 354, in execute
    return super().execute(query, params)
           ^^^^^^^^^^^^^^^^^^^^^^^^^^^^^^
django.db.utils.OperationalError: no such column: create_api_templatefile.description

2025-05-18 20:58:46,290 [DEBUG] core.loaders: [DB Loader][QUERY] SQL lookup for path: 'templates/templates/feed.html' in database 'project_1'
2025-05-18 20:58:46,290 [DEBUG] core.loaders: [DB Loader][DB_CONN] Connection 'project_1' is usable
2025-05-18 20:58:46,291 [DEBUG] core.loaders: [DB Loader][SQL] Running: SELECT id, path, name FROM create_api_templatefile WHERE path = 'templates/templates/feed.html'
2025-05-18 20:58:46,292 [DEBUG] core.loaders: [DB Loader][SQL] No results found
2025-05-18 20:58:46,294 [ERROR] core.loaders: [DB Loader][ERROR] Error querying database for path 'templates/templates/feed.html': no such column: create_api_templatefile.description
2025-05-18 20:58:46,297 [ERROR] core.loaders: Traceback (most recent call last):
  File "C:\Users\yasse\OneDrive\Desktop\Pre-Coded\venv\Lib\site-packages\django\db\backends\utils.py", line 105, in _execute
    return self.cursor.execute(sql, params)
           ^^^^^^^^^^^^^^^^^^^^^^^^^^^^^^^^
  File "C:\Users\yasse\OneDrive\Desktop\Pre-Coded\venv\Lib\site-packages\django\db\backends\sqlite3\base.py", line 354, in execute
    return super().execute(query, params)
           ^^^^^^^^^^^^^^^^^^^^^^^^^^^^^^
sqlite3.OperationalError: no such column: create_api_templatefile.description

The above exception was the direct cause of the following exception:

Traceback (most recent call last):
  File "C:\Users\yasse\OneDrive\Desktop\Pre-Coded\api_generator\core\loaders.py", line 173, in _try_template_path
    template = TemplateFile.objects.using(db_alias).filter(path=path).first()
               ^^^^^^^^^^^^^^^^^^^^^^^^^^^^^^^^^^^^^^^^^^^^^^^^^^^^^^^^^^^^^^
  File "C:\Users\yasse\OneDrive\Desktop\Pre-Coded\venv\Lib\site-packages\django\db\models\query.py", line 1097, in first
    for obj in queryset[:1]:
  File "C:\Users\yasse\OneDrive\Desktop\Pre-Coded\venv\Lib\site-packages\django\db\models\query.py", line 400, in __iter__
    self._fetch_all()
  File "C:\Users\yasse\OneDrive\Desktop\Pre-Coded\venv\Lib\site-packages\django\db\models\query.py", line 1928, in _fetch_all
    self._result_cache = list(self._iterable_class(self))
                         ^^^^^^^^^^^^^^^^^^^^^^^^^^^^^^^^
  File "C:\Users\yasse\OneDrive\Desktop\Pre-Coded\venv\Lib\site-packages\django\db\models\query.py", line 91, in __iter__
    results = compiler.execute_sql(
              ^^^^^^^^^^^^^^^^^^^^^
  File "C:\Users\yasse\OneDrive\Desktop\Pre-Coded\venv\Lib\site-packages\django\db\models\sql\compiler.py", line 1574, in execute_sql
    cursor.execute(sql, params)
  File "C:\Users\yasse\OneDrive\Desktop\Pre-Coded\venv\Lib\site-packages\django\db\backends\utils.py", line 122, in execute
    return super().execute(sql, params)
           ^^^^^^^^^^^^^^^^^^^^^^^^^^^^
  File "C:\Users\yasse\OneDrive\Desktop\Pre-Coded\venv\Lib\site-packages\django\db\backends\utils.py", line 79, in execute
    return self._execute_with_wrappers(
           ^^^^^^^^^^^^^^^^^^^^^^^^^^^^
  File "C:\Users\yasse\OneDrive\Desktop\Pre-Coded\venv\Lib\site-packages\django\db\backends\utils.py", line 92, in _execute_with_wrappers
    return executor(sql, params, many, context)
           ^^^^^^^^^^^^^^^^^^^^^^^^^^^^^^^^^^^^
  File "C:\Users\yasse\OneDrive\Desktop\Pre-Coded\venv\Lib\site-packages\django\db\backends\utils.py", line 100, in _execute
    with self.db.wrap_database_errors:
  File "C:\Users\yasse\OneDrive\Desktop\Pre-Coded\venv\Lib\site-packages\django\db\utils.py", line 91, in __exit__
    raise dj_exc_value.with_traceback(traceback) from exc_value
  File "C:\Users\yasse\OneDrive\Desktop\Pre-Coded\venv\Lib\site-packages\django\db\backends\utils.py", line 105, in _execute
    return self.cursor.execute(sql, params)
           ^^^^^^^^^^^^^^^^^^^^^^^^^^^^^^^^
  File "C:\Users\yasse\OneDrive\Desktop\Pre-Coded\venv\Lib\site-packages\django\db\backends\sqlite3\base.py", line 354, in execute
    return super().execute(query, params)
           ^^^^^^^^^^^^^^^^^^^^^^^^^^^^^^
django.db.utils.OperationalError: no such column: create_api_templatefile.description

2025-05-18 20:58:46,301 [DEBUG] core.loaders: [DB Loader][QUERY] SQL lookup for path: 'feed.html' in database 'project_1'
2025-05-18 20:58:46,301 [DEBUG] core.loaders: [DB Loader][DB_CONN] Connection 'project_1' is usable
2025-05-18 20:58:46,302 [DEBUG] core.loaders: [DB Loader][SQL] Running: SELECT id, path, name FROM create_api_templatefile WHERE path = 'feed.html'
2025-05-18 20:58:46,303 [DEBUG] core.loaders: [DB Loader][SQL] No results found
2025-05-18 20:58:46,305 [ERROR] core.loaders: [DB Loader][ERROR] Error querying database for path 'feed.html': no such column: create_api_templatefile.description
2025-05-18 20:58:46,307 [ERROR] core.loaders: Traceback (most recent call last):
  File "C:\Users\yasse\OneDrive\Desktop\Pre-Coded\venv\Lib\site-packages\django\db\backends\utils.py", line 105, in _execute
    return self.cursor.execute(sql, params)
           ^^^^^^^^^^^^^^^^^^^^^^^^^^^^^^^^
  File "C:\Users\yasse\OneDrive\Desktop\Pre-Coded\venv\Lib\site-packages\django\db\backends\sqlite3\base.py", line 354, in execute
    return super().execute(query, params)
           ^^^^^^^^^^^^^^^^^^^^^^^^^^^^^^
sqlite3.OperationalError: no such column: create_api_templatefile.description

The above exception was the direct cause of the following exception:

Traceback (most recent call last):
  File "C:\Users\yasse\OneDrive\Desktop\Pre-Coded\api_generator\core\loaders.py", line 173, in _try_template_path
    template = TemplateFile.objects.using(db_alias).filter(path=path).first()
               ^^^^^^^^^^^^^^^^^^^^^^^^^^^^^^^^^^^^^^^^^^^^^^^^^^^^^^^^^^^^^^
  File "C:\Users\yasse\OneDrive\Desktop\Pre-Coded\venv\Lib\site-packages\django\db\models\query.py", line 1097, in first
    for obj in queryset[:1]:
  File "C:\Users\yasse\OneDrive\Desktop\Pre-Coded\venv\Lib\site-packages\django\db\models\query.py", line 400, in __iter__
    self._fetch_all()
  File "C:\Users\yasse\OneDrive\Desktop\Pre-Coded\venv\Lib\site-packages\django\db\models\query.py", line 1928, in _fetch_all
    self._result_cache = list(self._iterable_class(self))
                         ^^^^^^^^^^^^^^^^^^^^^^^^^^^^^^^^
  File "C:\Users\yasse\OneDrive\Desktop\Pre-Coded\venv\Lib\site-packages\django\db\models\query.py", line 91, in __iter__
    results = compiler.execute_sql(
              ^^^^^^^^^^^^^^^^^^^^^
  File "C:\Users\yasse\OneDrive\Desktop\Pre-Coded\venv\Lib\site-packages\django\db\models\sql\compiler.py", line 1574, in execute_sql
    cursor.execute(sql, params)
  File "C:\Users\yasse\OneDrive\Desktop\Pre-Coded\venv\Lib\site-packages\django\db\backends\utils.py", line 122, in execute
    return super().execute(sql, params)
           ^^^^^^^^^^^^^^^^^^^^^^^^^^^^
  File "C:\Users\yasse\OneDrive\Desktop\Pre-Coded\venv\Lib\site-packages\django\db\backends\utils.py", line 79, in execute
    return self._execute_with_wrappers(
           ^^^^^^^^^^^^^^^^^^^^^^^^^^^^
  File "C:\Users\yasse\OneDrive\Desktop\Pre-Coded\venv\Lib\site-packages\django\db\backends\utils.py", line 92, in _execute_with_wrappers
    return executor(sql, params, many, context)
           ^^^^^^^^^^^^^^^^^^^^^^^^^^^^^^^^^^^^
  File "C:\Users\yasse\OneDrive\Desktop\Pre-Coded\venv\Lib\site-packages\django\db\backends\utils.py", line 100, in _execute
    with self.db.wrap_database_errors:
  File "C:\Users\yasse\OneDrive\Desktop\Pre-Coded\venv\Lib\site-packages\django\db\utils.py", line 91, in __exit__
    raise dj_exc_value.with_traceback(traceback) from exc_value
  File "C:\Users\yasse\OneDrive\Desktop\Pre-Coded\venv\Lib\site-packages\django\db\backends\utils.py", line 105, in _execute
    return self.cursor.execute(sql, params)
           ^^^^^^^^^^^^^^^^^^^^^^^^^^^^^^^^
  File "C:\Users\yasse\OneDrive\Desktop\Pre-Coded\venv\Lib\site-packages\django\db\backends\sqlite3\base.py", line 354, in execute
    return super().execute(query, params)
           ^^^^^^^^^^^^^^^^^^^^^^^^^^^^^^
django.db.utils.OperationalError: no such column: create_api_templatefile.description

2025-05-18 20:58:46,311 [DEBUG] core.loaders: [DB Loader][QUERY] SQL lookup for path: 'feed.html' in database 'project_1'
2025-05-18 20:58:46,312 [DEBUG] core.loaders: [DB Loader][DB_CONN] Connection 'project_1' is usable
2025-05-18 20:58:46,312 [DEBUG] core.loaders: [DB Loader][SQL] Running: SELECT id, path, name FROM create_api_templatefile WHERE path = 'feed.html'
2025-05-18 20:58:46,312 [DEBUG] core.loaders: [DB Loader][SQL] No results found
2025-05-18 20:58:46,313 [ERROR] core.loaders: [DB Loader][ERROR] Error querying database for path 'feed.html': no such column: create_api_templatefile.description
2025-05-18 20:58:46,315 [ERROR] core.loaders: Traceback (most recent call last):
  File "C:\Users\yasse\OneDrive\Desktop\Pre-Coded\venv\Lib\site-packages\django\db\backends\utils.py", line 105, in _execute
    return self.cursor.execute(sql, params)
           ^^^^^^^^^^^^^^^^^^^^^^^^^^^^^^^^
  File "C:\Users\yasse\OneDrive\Desktop\Pre-Coded\venv\Lib\site-packages\django\db\backends\sqlite3\base.py", line 354, in execute
    return super().execute(query, params)
           ^^^^^^^^^^^^^^^^^^^^^^^^^^^^^^
sqlite3.OperationalError: no such column: create_api_templatefile.description

The above exception was the direct cause of the following exception:

Traceback (most recent call last):
  File "C:\Users\yasse\OneDrive\Desktop\Pre-Coded\api_generator\core\loaders.py", line 173, in _try_template_path
    template = TemplateFile.objects.using(db_alias).filter(path=path).first()
               ^^^^^^^^^^^^^^^^^^^^^^^^^^^^^^^^^^^^^^^^^^^^^^^^^^^^^^^^^^^^^^
  File "C:\Users\yasse\OneDrive\Desktop\Pre-Coded\venv\Lib\site-packages\django\db\models\query.py", line 1097, in first
    for obj in queryset[:1]:
  File "C:\Users\yasse\OneDrive\Desktop\Pre-Coded\venv\Lib\site-packages\django\db\models\query.py", line 400, in __iter__
    self._fetch_all()
  File "C:\Users\yasse\OneDrive\Desktop\Pre-Coded\venv\Lib\site-packages\django\db\models\query.py", line 1928, in _fetch_all
    self._result_cache = list(self._iterable_class(self))
                         ^^^^^^^^^^^^^^^^^^^^^^^^^^^^^^^^
  File "C:\Users\yasse\OneDrive\Desktop\Pre-Coded\venv\Lib\site-packages\django\db\models\query.py", line 91, in __iter__
    results = compiler.execute_sql(
              ^^^^^^^^^^^^^^^^^^^^^
  File "C:\Users\yasse\OneDrive\Desktop\Pre-Coded\venv\Lib\site-packages\django\db\models\sql\compiler.py", line 1574, in execute_sql
    cursor.execute(sql, params)
  File "C:\Users\yasse\OneDrive\Desktop\Pre-Coded\venv\Lib\site-packages\django\db\backends\utils.py", line 122, in execute
    return super().execute(sql, params)
           ^^^^^^^^^^^^^^^^^^^^^^^^^^^^
  File "C:\Users\yasse\OneDrive\Desktop\Pre-Coded\venv\Lib\site-packages\django\db\backends\utils.py", line 79, in execute
    return self._execute_with_wrappers(
           ^^^^^^^^^^^^^^^^^^^^^^^^^^^^
  File "C:\Users\yasse\OneDrive\Desktop\Pre-Coded\venv\Lib\site-packages\django\db\backends\utils.py", line 92, in _execute_with_wrappers
    return executor(sql, params, many, context)
           ^^^^^^^^^^^^^^^^^^^^^^^^^^^^^^^^^^^^
  File "C:\Users\yasse\OneDrive\Desktop\Pre-Coded\venv\Lib\site-packages\django\db\backends\utils.py", line 100, in _execute
    with self.db.wrap_database_errors:
  File "C:\Users\yasse\OneDrive\Desktop\Pre-Coded\venv\Lib\site-packages\django\db\utils.py", line 91, in __exit__
    raise dj_exc_value.with_traceback(traceback) from exc_value
  File "C:\Users\yasse\OneDrive\Desktop\Pre-Coded\venv\Lib\site-packages\django\db\backends\utils.py", line 105, in _execute
    return self.cursor.execute(sql, params)
           ^^^^^^^^^^^^^^^^^^^^^^^^^^^^^^^^
  File "C:\Users\yasse\OneDrive\Desktop\Pre-Coded\venv\Lib\site-packages\django\db\backends\sqlite3\base.py", line 354, in execute
    return super().execute(query, params)
           ^^^^^^^^^^^^^^^^^^^^^^^^^^^^^^
django.db.utils.OperationalError: no such column: create_api_templatefile.description

2025-05-18 20:58:46,320 [DEBUG] core.loaders: [DB Loader][PROJECT] Trying project-based lookup for project 1
2025-05-18 20:58:46,320 [DEBUG] core.loaders: [DB Loader][PROJECT] Searching project 1 templates by filename
2025-05-18 20:58:46,321 [DEBUG] core.loaders: [DB Loader][DB_CONN] Connection 'project_1' is usable
2025-05-18 20:58:46,321 [DEBUG] core.loaders: [DB Loader][PROJECT] Looking for filename: 'feed.html'
2025-05-18 20:58:46,322 [DEBUG] core.loaders: [DB Loader][SQL] Running: SELECT id, path, name FROM create_api_templatefile WHERE project_id = 1
2025-05-18 20:58:46,323 [DEBUG] core.loaders: [DB Loader][SQL] Found 2 templates in project: [(1, 'templates/base.html', 'base.html'), (2, 'templates/feed.html', 'feed.html')]
2025-05-18 20:58:46,325 [ERROR] core.loaders: [DB Loader][PROJECT][ERROR] Error in project-based template search: no such column: create_api_templatefile.description
2025-05-18 20:58:46,328 [ERROR] core.loaders: Traceback (most recent call last):
  File "C:\Users\yasse\OneDrive\Desktop\Pre-Coded\venv\Lib\site-packages\django\db\backends\utils.py", line 105, in _execute
    return self.cursor.execute(sql, params)
           ^^^^^^^^^^^^^^^^^^^^^^^^^^^^^^^^
  File "C:\Users\yasse\OneDrive\Desktop\Pre-Coded\venv\Lib\site-packages\django\db\backends\sqlite3\base.py", line 354, in execute
    return super().execute(query, params)
           ^^^^^^^^^^^^^^^^^^^^^^^^^^^^^^
sqlite3.OperationalError: no such column: create_api_templatefile.description

The above exception was the direct cause of the following exception:

Traceback (most recent call last):
  File "C:\Users\yasse\OneDrive\Desktop\Pre-Coded\api_generator\core\loaders.py", line 227, in _try_project_templates
    templates = list(TemplateFile.objects.using(db_alias).filter(project_id=project_id))
                ^^^^^^^^^^^^^^^^^^^^^^^^^^^^^^^^^^^^^^^^^^^^^^^^^^^^^^^^^^^^^^^^^^^^^^^^
  File "C:\Users\yasse\OneDrive\Desktop\Pre-Coded\venv\Lib\site-packages\django\db\models\query.py", line 400, in __iter__
    self._fetch_all()
  File "C:\Users\yasse\OneDrive\Desktop\Pre-Coded\venv\Lib\site-packages\django\db\models\query.py", line 1928, in _fetch_all
    self._result_cache = list(self._iterable_class(self))
                         ^^^^^^^^^^^^^^^^^^^^^^^^^^^^^^^^
  File "C:\Users\yasse\OneDrive\Desktop\Pre-Coded\venv\Lib\site-packages\django\db\models\query.py", line 91, in __iter__
    results = compiler.execute_sql(
              ^^^^^^^^^^^^^^^^^^^^^
  File "C:\Users\yasse\OneDrive\Desktop\Pre-Coded\venv\Lib\site-packages\django\db\models\sql\compiler.py", line 1574, in execute_sql
    cursor.execute(sql, params)
  File "C:\Users\yasse\OneDrive\Desktop\Pre-Coded\venv\Lib\site-packages\django\db\backends\utils.py", line 122, in execute
    return super().execute(sql, params)
           ^^^^^^^^^^^^^^^^^^^^^^^^^^^^
  File "C:\Users\yasse\OneDrive\Desktop\Pre-Coded\venv\Lib\site-packages\django\db\backends\utils.py", line 79, in execute
    return self._execute_with_wrappers(
           ^^^^^^^^^^^^^^^^^^^^^^^^^^^^
  File "C:\Users\yasse\OneDrive\Desktop\Pre-Coded\venv\Lib\site-packages\django\db\backends\utils.py", line 92, in _execute_with_wrappers
    return executor(sql, params, many, context)
           ^^^^^^^^^^^^^^^^^^^^^^^^^^^^^^^^^^^^
  File "C:\Users\yasse\OneDrive\Desktop\Pre-Coded\venv\Lib\site-packages\django\db\backends\utils.py", line 100, in _execute
    with self.db.wrap_database_errors:
  File "C:\Users\yasse\OneDrive\Desktop\Pre-Coded\venv\Lib\site-packages\django\db\utils.py", line 91, in __exit__
    raise dj_exc_value.with_traceback(traceback) from exc_value
  File "C:\Users\yasse\OneDrive\Desktop\Pre-Coded\venv\Lib\site-packages\django\db\backends\utils.py", line 105, in _execute
    return self.cursor.execute(sql, params)
           ^^^^^^^^^^^^^^^^^^^^^^^^^^^^^^^^
  File "C:\Users\yasse\OneDrive\Desktop\Pre-Coded\venv\Lib\site-packages\django\db\backends\sqlite3\base.py", line 354, in execute
    return super().execute(query, params)
           ^^^^^^^^^^^^^^^^^^^^^^^^^^^^^^
django.db.utils.OperationalError: no such column: create_api_templatefile.description

2025-05-18 20:58:46,333 [DEBUG] core.loaders: [DB Loader][AUTO-CREATE] Attempting to create missing template 'templates/feed.html'
2025-05-18 20:58:46,333 [DEBUG] core.loaders: [DB Loader][DB_CONN] Connection 'project_1' is usable
2025-05-18 20:58:46,334 [DEBUG] core.loaders: [DB Loader][CREATE] Creating template with path='templates/feed.html', name='feed.html'
2025-05-18 20:58:46,335 [ERROR] core.loaders: [DB Loader][CREATE][ERROR] Error creating template: no such table: create_api_project
2025-05-18 20:58:46,338 [ERROR] core.loaders: Traceback (most recent call last):
  File "C:\Users\yasse\OneDrive\Desktop\Pre-Coded\venv\Lib\site-packages\django\db\backends\utils.py", line 105, in _execute
    return self.cursor.execute(sql, params)
           ^^^^^^^^^^^^^^^^^^^^^^^^^^^^^^^^
  File "C:\Users\yasse\OneDrive\Desktop\Pre-Coded\venv\Lib\site-packages\django\db\backends\sqlite3\base.py", line 354, in execute
    return super().execute(query, params)
           ^^^^^^^^^^^^^^^^^^^^^^^^^^^^^^
sqlite3.OperationalError: no such table: create_api_project

The above exception was the direct cause of the following exception:

Traceback (most recent call last):
  File "C:\Users\yasse\OneDrive\Desktop\Pre-Coded\api_generator\core\loaders.py", line 490, in _create_template
    project = Project.objects.using(db_alias).get(id=project_id)
              ^^^^^^^^^^^^^^^^^^^^^^^^^^^^^^^^^^^^^^^^^^^^^^^^^^
  File "C:\Users\yasse\OneDrive\Desktop\Pre-Coded\venv\Lib\site-packages\django\db\models\query.py", line 645, in get
    num = len(clone)
          ^^^^^^^^^^
  File "C:\Users\yasse\OneDrive\Desktop\Pre-Coded\venv\Lib\site-packages\django\db\models\query.py", line 382, in __len__
    self._fetch_all()
  File "C:\Users\yasse\OneDrive\Desktop\Pre-Coded\venv\Lib\site-packages\django\db\models\query.py", line 1928, in _fetch_all
    self._result_cache = list(self._iterable_class(self))
                         ^^^^^^^^^^^^^^^^^^^^^^^^^^^^^^^^
  File "C:\Users\yasse\OneDrive\Desktop\Pre-Coded\venv\Lib\site-packages\django\db\models\query.py", line 91, in __iter__
    results = compiler.execute_sql(
              ^^^^^^^^^^^^^^^^^^^^^
  File "C:\Users\yasse\OneDrive\Desktop\Pre-Coded\venv\Lib\site-packages\django\db\models\sql\compiler.py", line 1574, in execute_sql
    cursor.execute(sql, params)
  File "C:\Users\yasse\OneDrive\Desktop\Pre-Coded\venv\Lib\site-packages\django\db\backends\utils.py", line 122, in execute
    return super().execute(sql, params)
           ^^^^^^^^^^^^^^^^^^^^^^^^^^^^
  File "C:\Users\yasse\OneDrive\Desktop\Pre-Coded\venv\Lib\site-packages\django\db\backends\utils.py", line 79, in execute
    return self._execute_with_wrappers(
           ^^^^^^^^^^^^^^^^^^^^^^^^^^^^
  File "C:\Users\yasse\OneDrive\Desktop\Pre-Coded\venv\Lib\site-packages\django\db\backends\utils.py", line 92, in _execute_with_wrappers
    return executor(sql, params, many, context)
           ^^^^^^^^^^^^^^^^^^^^^^^^^^^^^^^^^^^^
  File "C:\Users\yasse\OneDrive\Desktop\Pre-Coded\venv\Lib\site-packages\django\db\backends\utils.py", line 100, in _execute
    with self.db.wrap_database_errors:
  File "C:\Users\yasse\OneDrive\Desktop\Pre-Coded\venv\Lib\site-packages\django\db\utils.py", line 91, in __exit__
    raise dj_exc_value.with_traceback(traceback) from exc_value
  File "C:\Users\yasse\OneDrive\Desktop\Pre-Coded\venv\Lib\site-packages\django\db\backends\utils.py", line 105, in _execute
    return self.cursor.execute(sql, params)
           ^^^^^^^^^^^^^^^^^^^^^^^^^^^^^^^^
  File "C:\Users\yasse\OneDrive\Desktop\Pre-Coded\venv\Lib\site-packages\django\db\backends\sqlite3\base.py", line 354, in execute
    return super().execute(query, params)
           ^^^^^^^^^^^^^^^^^^^^^^^^^^^^^^
django.db.utils.OperationalError: no such table: create_api_project

2025-05-18 20:58:46,343 [WARNING] core.loaders: [DB Loader][FAILED] Template 'templates/feed.html' not found after all attempts
2025-05-18 20:58:46,345 [DEBUG] core.loaders: [DB Loader][AVAILABLE] 2 templates in database for project 1
2025-05-18 20:58:46,347 [ERROR] core.loaders: [DB Loader][ERROR] Failed to list available templates: no such column: create_api_templatefile.description
2025-05-18 20:58:46,348 [ERROR] template_debugger: Template not found: templates/feed.html
2025-05-18 20:58:46,348 [INFO] template_debugger: ================================================================================
2025-05-18 20:58:46,348 [INFO] template_debugger: ========================= WEBSOCKET CONTEXT SIMULATION =========================
2025-05-18 20:58:46,348 [INFO] template_debugger: ================================================================================
2025-05-18 20:58:46,348 [DEBUG] core.thread_local: [Thread Local][SET] Setting project_id = 1 (caller: C:\Users\yasse\OneDrive\Desktop\Pre-Coded\api_generator\debug_template_loader.py:434 in test_websocket_context)
2025-05-18 20:58:46,350 [DEBUG] core.thread_local: [Thread Local][SET] Set 'project_id' = 1 (caller: C:\Users\yasse\OneDrive\Desktop\Pre-Coded\api_generator\core\thread_local.py:76 in project_id)
2025-05-18 20:58:46,351 [DEBUG] core.thread_local: [Thread Local][GET] context[connection_id] = None
2025-05-18 20:58:46,352 [DEBUG] core.thread_local: [Thread Local][SET] Setting db_alias = project_1 (caller: C:\Users\yasse\OneDrive\Desktop\Pre-Coded\api_generator\debug_template_loader.py:435 in test_websocket_context)
2025-05-18 20:58:46,354 [DEBUG] core.thread_local: [Thread Local][SET] Set 'db_alias' = project_1 (caller: C:\Users\yasse\OneDrive\Desktop\Pre-Coded\api_generator\core\thread_local.py:146 in db_alias)
2025-05-18 20:58:46,354 [DEBUG] core.thread_local: [Thread Local][GET] context[connection_id] = None
2025-05-18 20:58:46,355 [INFO] template_debugger: Simulating WebSocket context with connection_id: ws-debug-1747591126
2025-05-18 20:58:46,355 [INFO] template_debugger: Testing auto-creation of template: test_ws_1.html
2025-05-18 20:58:46,355 [DEBUG] core.loaders: [DB Loader][START] Template lookup for: 'test_ws_1.html'
2025-05-18 20:58:46,356 [DEBUG] core.loaders: [DB Loader][CALL STACK] ['  File "C:\\Users\\yasse\\OneDrive\\Desktop\\Pre-Coded\\api_generator\\debug_template_loader.py", line 543, in main\n    test_websocket_context(project_id)\n', '  File "C:\\Users\\yasse\\OneDrive\\Desktop\\Pre-Coded\\api_generator\\debug_template_loader.py", line 458, in test_websocket_context\n    sources = list(loader.get_template_sources(test_template_name))\n']
2025-05-18 20:58:46,356 [DEBUG] core.thread_local: [Thread Local][GET] db_alias = project_1
2025-05-18 20:58:46,357 [DEBUG] core.loaders: [DB Loader][DB_ALIAS] Using database alias: 'project_1'
2025-05-18 20:58:46,357 [DEBUG] core.thread_local: [Thread Local][GET] project_id = 1
2025-05-18 20:58:46,358 [DEBUG] core.loaders: [DB Loader][DB_CONN] Connection 'project_1' is usable
2025-05-18 20:58:46,359 [DEBUG] core.loaders: [DB Loader][CONTEXT] {"project_id": 1, "db_alias": "project_1", "connection_id": "ws-debug-1747591126", "ws_context": true, "template_name": "test_ws_1.html", "active_connections": "['default', 'project_1']", "thread_id": 2069757272976}
2025-05-18 20:58:46,360 [DEBUG] core.thread_local: [Thread Local][GET] project_id = 1
2025-05-18 20:58:46,360 [DEBUG] core.loaders: [DB Loader][QUERY] Trying exact path match for 'test_ws_1.html'
2025-05-18 20:58:46,361 [DEBUG] core.loaders: [DB Loader][QUERY] SQL lookup for path: 'test_ws_1.html' in database 'project_1'
2025-05-18 20:58:46,362 [DEBUG] core.loaders: [DB Loader][DB_CONN] Connection 'project_1' is usable
2025-05-18 20:58:46,362 [DEBUG] core.loaders: [DB Loader][SQL] Running: SELECT id, path, name FROM create_api_templatefile WHERE path = 'test_ws_1.html'
2025-05-18 20:58:46,363 [DEBUG] core.loaders: [DB Loader][SQL] No results found
2025-05-18 20:58:46,364 [ERROR] core.loaders: [DB Loader][ERROR] Error querying database for path 'test_ws_1.html': no such column: create_api_templatefile.description
2025-05-18 20:58:46,365 [ERROR] core.loaders: Traceback (most recent call last):
  File "C:\Users\yasse\OneDrive\Desktop\Pre-Coded\venv\Lib\site-packages\django\db\backends\utils.py", line 105, in _execute
    return self.cursor.execute(sql, params)
           ^^^^^^^^^^^^^^^^^^^^^^^^^^^^^^^^
  File "C:\Users\yasse\OneDrive\Desktop\Pre-Coded\venv\Lib\site-packages\django\db\backends\sqlite3\base.py", line 354, in execute
    return super().execute(query, params)
           ^^^^^^^^^^^^^^^^^^^^^^^^^^^^^^
sqlite3.OperationalError: no such column: create_api_templatefile.description

The above exception was the direct cause of the following exception:

Traceback (most recent call last):
  File "C:\Users\yasse\OneDrive\Desktop\Pre-Coded\api_generator\core\loaders.py", line 173, in _try_template_path
    template = TemplateFile.objects.using(db_alias).filter(path=path).first()
               ^^^^^^^^^^^^^^^^^^^^^^^^^^^^^^^^^^^^^^^^^^^^^^^^^^^^^^^^^^^^^^
  File "C:\Users\yasse\OneDrive\Desktop\Pre-Coded\venv\Lib\site-packages\django\db\models\query.py", line 1097, in first
    for obj in queryset[:1]:
  File "C:\Users\yasse\OneDrive\Desktop\Pre-Coded\venv\Lib\site-packages\django\db\models\query.py", line 400, in __iter__
    self._fetch_all()
  File "C:\Users\yasse\OneDrive\Desktop\Pre-Coded\venv\Lib\site-packages\django\db\models\query.py", line 1928, in _fetch_all
    self._result_cache = list(self._iterable_class(self))
                         ^^^^^^^^^^^^^^^^^^^^^^^^^^^^^^^^
  File "C:\Users\yasse\OneDrive\Desktop\Pre-Coded\venv\Lib\site-packages\django\db\models\query.py", line 91, in __iter__
    results = compiler.execute_sql(
              ^^^^^^^^^^^^^^^^^^^^^
  File "C:\Users\yasse\OneDrive\Desktop\Pre-Coded\venv\Lib\site-packages\django\db\models\sql\compiler.py", line 1574, in execute_sql
    cursor.execute(sql, params)
  File "C:\Users\yasse\OneDrive\Desktop\Pre-Coded\venv\Lib\site-packages\django\db\backends\utils.py", line 122, in execute
    return super().execute(sql, params)
           ^^^^^^^^^^^^^^^^^^^^^^^^^^^^
  File "C:\Users\yasse\OneDrive\Desktop\Pre-Coded\venv\Lib\site-packages\django\db\backends\utils.py", line 79, in execute
    return self._execute_with_wrappers(
           ^^^^^^^^^^^^^^^^^^^^^^^^^^^^
  File "C:\Users\yasse\OneDrive\Desktop\Pre-Coded\venv\Lib\site-packages\django\db\backends\utils.py", line 92, in _execute_with_wrappers
    return executor(sql, params, many, context)
           ^^^^^^^^^^^^^^^^^^^^^^^^^^^^^^^^^^^^
  File "C:\Users\yasse\OneDrive\Desktop\Pre-Coded\venv\Lib\site-packages\django\db\backends\utils.py", line 100, in _execute
    with self.db.wrap_database_errors:
  File "C:\Users\yasse\OneDrive\Desktop\Pre-Coded\venv\Lib\site-packages\django\db\utils.py", line 91, in __exit__
    raise dj_exc_value.with_traceback(traceback) from exc_value
  File "C:\Users\yasse\OneDrive\Desktop\Pre-Coded\venv\Lib\site-packages\django\db\backends\utils.py", line 105, in _execute
    return self.cursor.execute(sql, params)
           ^^^^^^^^^^^^^^^^^^^^^^^^^^^^^^^^
  File "C:\Users\yasse\OneDrive\Desktop\Pre-Coded\venv\Lib\site-packages\django\db\backends\sqlite3\base.py", line 354, in execute
    return super().execute(query, params)
           ^^^^^^^^^^^^^^^^^^^^^^^^^^^^^^
django.db.utils.OperationalError: no such column: create_api_templatefile.description

2025-05-18 20:58:46,368 [DEBUG] core.loaders: [DB Loader][NORMALIZE] Trying normalized paths: ['test_ws_1.html', 'templates/test_ws_1.html', 'test_ws_1.html', 'test_ws_1.html']
2025-05-18 20:58:46,369 [DEBUG] core.loaders: [DB Loader][QUERY] SQL lookup for path: 'test_ws_1.html' in database 'project_1'
2025-05-18 20:58:46,369 [DEBUG] core.loaders: [DB Loader][DB_CONN] Connection 'project_1' is usable
2025-05-18 20:58:46,369 [DEBUG] core.loaders: [DB Loader][SQL] Running: SELECT id, path, name FROM create_api_templatefile WHERE path = 'test_ws_1.html'
2025-05-18 20:58:46,370 [DEBUG] core.loaders: [DB Loader][SQL] No results found
2025-05-18 20:58:46,371 [ERROR] core.loaders: [DB Loader][ERROR] Error querying database for path 'test_ws_1.html': no such column: create_api_templatefile.description
2025-05-18 20:58:46,373 [ERROR] core.loaders: Traceback (most recent call last):
  File "C:\Users\yasse\OneDrive\Desktop\Pre-Coded\venv\Lib\site-packages\django\db\backends\utils.py", line 105, in _execute
    return self.cursor.execute(sql, params)
           ^^^^^^^^^^^^^^^^^^^^^^^^^^^^^^^^
  File "C:\Users\yasse\OneDrive\Desktop\Pre-Coded\venv\Lib\site-packages\django\db\backends\sqlite3\base.py", line 354, in execute
    return super().execute(query, params)
           ^^^^^^^^^^^^^^^^^^^^^^^^^^^^^^
sqlite3.OperationalError: no such column: create_api_templatefile.description

The above exception was the direct cause of the following exception:

Traceback (most recent call last):
  File "C:\Users\yasse\OneDrive\Desktop\Pre-Coded\api_generator\core\loaders.py", line 173, in _try_template_path
    template = TemplateFile.objects.using(db_alias).filter(path=path).first()
               ^^^^^^^^^^^^^^^^^^^^^^^^^^^^^^^^^^^^^^^^^^^^^^^^^^^^^^^^^^^^^^
  File "C:\Users\yasse\OneDrive\Desktop\Pre-Coded\venv\Lib\site-packages\django\db\models\query.py", line 1097, in first
    for obj in queryset[:1]:
  File "C:\Users\yasse\OneDrive\Desktop\Pre-Coded\venv\Lib\site-packages\django\db\models\query.py", line 400, in __iter__
    self._fetch_all()
  File "C:\Users\yasse\OneDrive\Desktop\Pre-Coded\venv\Lib\site-packages\django\db\models\query.py", line 1928, in _fetch_all
    self._result_cache = list(self._iterable_class(self))
                         ^^^^^^^^^^^^^^^^^^^^^^^^^^^^^^^^
  File "C:\Users\yasse\OneDrive\Desktop\Pre-Coded\venv\Lib\site-packages\django\db\models\query.py", line 91, in __iter__
    results = compiler.execute_sql(
              ^^^^^^^^^^^^^^^^^^^^^
  File "C:\Users\yasse\OneDrive\Desktop\Pre-Coded\venv\Lib\site-packages\django\db\models\sql\compiler.py", line 1574, in execute_sql
    cursor.execute(sql, params)
  File "C:\Users\yasse\OneDrive\Desktop\Pre-Coded\venv\Lib\site-packages\django\db\backends\utils.py", line 122, in execute
    return super().execute(sql, params)
           ^^^^^^^^^^^^^^^^^^^^^^^^^^^^
  File "C:\Users\yasse\OneDrive\Desktop\Pre-Coded\venv\Lib\site-packages\django\db\backends\utils.py", line 79, in execute
    return self._execute_with_wrappers(
           ^^^^^^^^^^^^^^^^^^^^^^^^^^^^
  File "C:\Users\yasse\OneDrive\Desktop\Pre-Coded\venv\Lib\site-packages\django\db\backends\utils.py", line 92, in _execute_with_wrappers
    return executor(sql, params, many, context)
           ^^^^^^^^^^^^^^^^^^^^^^^^^^^^^^^^^^^^
  File "C:\Users\yasse\OneDrive\Desktop\Pre-Coded\venv\Lib\site-packages\django\db\backends\utils.py", line 100, in _execute
    with self.db.wrap_database_errors:
  File "C:\Users\yasse\OneDrive\Desktop\Pre-Coded\venv\Lib\site-packages\django\db\utils.py", line 91, in __exit__
    raise dj_exc_value.with_traceback(traceback) from exc_value
  File "C:\Users\yasse\OneDrive\Desktop\Pre-Coded\venv\Lib\site-packages\django\db\backends\utils.py", line 105, in _execute
    return self.cursor.execute(sql, params)
           ^^^^^^^^^^^^^^^^^^^^^^^^^^^^^^^^
  File "C:\Users\yasse\OneDrive\Desktop\Pre-Coded\venv\Lib\site-packages\django\db\backends\sqlite3\base.py", line 354, in execute
    return super().execute(query, params)
           ^^^^^^^^^^^^^^^^^^^^^^^^^^^^^^
django.db.utils.OperationalError: no such column: create_api_templatefile.description

2025-05-18 20:58:46,376 [DEBUG] core.loaders: [DB Loader][QUERY] SQL lookup for path: 'templates/test_ws_1.html' in database 'project_1'
2025-05-18 20:58:46,377 [DEBUG] core.loaders: [DB Loader][DB_CONN] Connection 'project_1' is usable
2025-05-18 20:58:46,377 [DEBUG] core.loaders: [DB Loader][SQL] Running: SELECT id, path, name FROM create_api_templatefile WHERE path = 'templates/test_ws_1.html'
2025-05-18 20:58:46,378 [DEBUG] core.loaders: [DB Loader][SQL] No results found
2025-05-18 20:58:46,379 [ERROR] core.loaders: [DB Loader][ERROR] Error querying database for path 'templates/test_ws_1.html': no such column: create_api_templatefile.description
2025-05-18 20:58:46,381 [ERROR] core.loaders: Traceback (most recent call last):
  File "C:\Users\yasse\OneDrive\Desktop\Pre-Coded\venv\Lib\site-packages\django\db\backends\utils.py", line 105, in _execute
    return self.cursor.execute(sql, params)
           ^^^^^^^^^^^^^^^^^^^^^^^^^^^^^^^^
  File "C:\Users\yasse\OneDrive\Desktop\Pre-Coded\venv\Lib\site-packages\django\db\backends\sqlite3\base.py", line 354, in execute
    return super().execute(query, params)
           ^^^^^^^^^^^^^^^^^^^^^^^^^^^^^^
sqlite3.OperationalError: no such column: create_api_templatefile.description

The above exception was the direct cause of the following exception:

Traceback (most recent call last):
  File "C:\Users\yasse\OneDrive\Desktop\Pre-Coded\api_generator\core\loaders.py", line 173, in _try_template_path
    template = TemplateFile.objects.using(db_alias).filter(path=path).first()
               ^^^^^^^^^^^^^^^^^^^^^^^^^^^^^^^^^^^^^^^^^^^^^^^^^^^^^^^^^^^^^^
  File "C:\Users\yasse\OneDrive\Desktop\Pre-Coded\venv\Lib\site-packages\django\db\models\query.py", line 1097, in first
    for obj in queryset[:1]:
  File "C:\Users\yasse\OneDrive\Desktop\Pre-Coded\venv\Lib\site-packages\django\db\models\query.py", line 400, in __iter__
    self._fetch_all()
  File "C:\Users\yasse\OneDrive\Desktop\Pre-Coded\venv\Lib\site-packages\django\db\models\query.py", line 1928, in _fetch_all
    self._result_cache = list(self._iterable_class(self))
                         ^^^^^^^^^^^^^^^^^^^^^^^^^^^^^^^^
  File "C:\Users\yasse\OneDrive\Desktop\Pre-Coded\venv\Lib\site-packages\django\db\models\query.py", line 91, in __iter__
    results = compiler.execute_sql(
              ^^^^^^^^^^^^^^^^^^^^^
  File "C:\Users\yasse\OneDrive\Desktop\Pre-Coded\venv\Lib\site-packages\django\db\models\sql\compiler.py", line 1574, in execute_sql
    cursor.execute(sql, params)
  File "C:\Users\yasse\OneDrive\Desktop\Pre-Coded\venv\Lib\site-packages\django\db\backends\utils.py", line 122, in execute
    return super().execute(sql, params)
           ^^^^^^^^^^^^^^^^^^^^^^^^^^^^
  File "C:\Users\yasse\OneDrive\Desktop\Pre-Coded\venv\Lib\site-packages\django\db\backends\utils.py", line 79, in execute
    return self._execute_with_wrappers(
           ^^^^^^^^^^^^^^^^^^^^^^^^^^^^
  File "C:\Users\yasse\OneDrive\Desktop\Pre-Coded\venv\Lib\site-packages\django\db\backends\utils.py", line 92, in _execute_with_wrappers
    return executor(sql, params, many, context)
           ^^^^^^^^^^^^^^^^^^^^^^^^^^^^^^^^^^^^
  File "C:\Users\yasse\OneDrive\Desktop\Pre-Coded\venv\Lib\site-packages\django\db\backends\utils.py", line 100, in _execute
    with self.db.wrap_database_errors:
  File "C:\Users\yasse\OneDrive\Desktop\Pre-Coded\venv\Lib\site-packages\django\db\utils.py", line 91, in __exit__
    raise dj_exc_value.with_traceback(traceback) from exc_value
  File "C:\Users\yasse\OneDrive\Desktop\Pre-Coded\venv\Lib\site-packages\django\db\backends\utils.py", line 105, in _execute
    return self.cursor.execute(sql, params)
           ^^^^^^^^^^^^^^^^^^^^^^^^^^^^^^^^
  File "C:\Users\yasse\OneDrive\Desktop\Pre-Coded\venv\Lib\site-packages\django\db\backends\sqlite3\base.py", line 354, in execute
    return super().execute(query, params)
           ^^^^^^^^^^^^^^^^^^^^^^^^^^^^^^
django.db.utils.OperationalError: no such column: create_api_templatefile.description

2025-05-18 20:58:46,384 [DEBUG] core.loaders: [DB Loader][QUERY] SQL lookup for path: 'test_ws_1.html' in database 'project_1'
2025-05-18 20:58:46,384 [DEBUG] core.loaders: [DB Loader][DB_CONN] Connection 'project_1' is usable
2025-05-18 20:58:46,384 [DEBUG] core.loaders: [DB Loader][SQL] Running: SELECT id, path, name FROM create_api_templatefile WHERE path = 'test_ws_1.html'
2025-05-18 20:58:46,385 [DEBUG] core.loaders: [DB Loader][SQL] No results found
2025-05-18 20:58:46,386 [ERROR] core.loaders: [DB Loader][ERROR] Error querying database for path 'test_ws_1.html': no such column: create_api_templatefile.description
2025-05-18 20:58:46,388 [ERROR] core.loaders: Traceback (most recent call last):
  File "C:\Users\yasse\OneDrive\Desktop\Pre-Coded\venv\Lib\site-packages\django\db\backends\utils.py", line 105, in _execute
    return self.cursor.execute(sql, params)
           ^^^^^^^^^^^^^^^^^^^^^^^^^^^^^^^^
  File "C:\Users\yasse\OneDrive\Desktop\Pre-Coded\venv\Lib\site-packages\django\db\backends\sqlite3\base.py", line 354, in execute
    return super().execute(query, params)
           ^^^^^^^^^^^^^^^^^^^^^^^^^^^^^^
sqlite3.OperationalError: no such column: create_api_templatefile.description

The above exception was the direct cause of the following exception:

Traceback (most recent call last):
  File "C:\Users\yasse\OneDrive\Desktop\Pre-Coded\api_generator\core\loaders.py", line 173, in _try_template_path
    template = TemplateFile.objects.using(db_alias).filter(path=path).first()
               ^^^^^^^^^^^^^^^^^^^^^^^^^^^^^^^^^^^^^^^^^^^^^^^^^^^^^^^^^^^^^^
  File "C:\Users\yasse\OneDrive\Desktop\Pre-Coded\venv\Lib\site-packages\django\db\models\query.py", line 1097, in first
    for obj in queryset[:1]:
  File "C:\Users\yasse\OneDrive\Desktop\Pre-Coded\venv\Lib\site-packages\django\db\models\query.py", line 400, in __iter__
    self._fetch_all()
  File "C:\Users\yasse\OneDrive\Desktop\Pre-Coded\venv\Lib\site-packages\django\db\models\query.py", line 1928, in _fetch_all
    self._result_cache = list(self._iterable_class(self))
                         ^^^^^^^^^^^^^^^^^^^^^^^^^^^^^^^^
  File "C:\Users\yasse\OneDrive\Desktop\Pre-Coded\venv\Lib\site-packages\django\db\models\query.py", line 91, in __iter__
    results = compiler.execute_sql(
              ^^^^^^^^^^^^^^^^^^^^^
  File "C:\Users\yasse\OneDrive\Desktop\Pre-Coded\venv\Lib\site-packages\django\db\models\sql\compiler.py", line 1574, in execute_sql
    cursor.execute(sql, params)
  File "C:\Users\yasse\OneDrive\Desktop\Pre-Coded\venv\Lib\site-packages\django\db\backends\utils.py", line 122, in execute
    return super().execute(sql, params)
           ^^^^^^^^^^^^^^^^^^^^^^^^^^^^
  File "C:\Users\yasse\OneDrive\Desktop\Pre-Coded\venv\Lib\site-packages\django\db\backends\utils.py", line 79, in execute
    return self._execute_with_wrappers(
           ^^^^^^^^^^^^^^^^^^^^^^^^^^^^
  File "C:\Users\yasse\OneDrive\Desktop\Pre-Coded\venv\Lib\site-packages\django\db\backends\utils.py", line 92, in _execute_with_wrappers
    return executor(sql, params, many, context)
           ^^^^^^^^^^^^^^^^^^^^^^^^^^^^^^^^^^^^
  File "C:\Users\yasse\OneDrive\Desktop\Pre-Coded\venv\Lib\site-packages\django\db\backends\utils.py", line 100, in _execute
    with self.db.wrap_database_errors:
  File "C:\Users\yasse\OneDrive\Desktop\Pre-Coded\venv\Lib\site-packages\django\db\utils.py", line 91, in __exit__
    raise dj_exc_value.with_traceback(traceback) from exc_value
  File "C:\Users\yasse\OneDrive\Desktop\Pre-Coded\venv\Lib\site-packages\django\db\backends\utils.py", line 105, in _execute
    return self.cursor.execute(sql, params)
           ^^^^^^^^^^^^^^^^^^^^^^^^^^^^^^^^
  File "C:\Users\yasse\OneDrive\Desktop\Pre-Coded\venv\Lib\site-packages\django\db\backends\sqlite3\base.py", line 354, in execute
    return super().execute(query, params)
           ^^^^^^^^^^^^^^^^^^^^^^^^^^^^^^
django.db.utils.OperationalError: no such column: create_api_templatefile.description

2025-05-18 20:58:46,391 [DEBUG] core.loaders: [DB Loader][QUERY] SQL lookup for path: 'test_ws_1.html' in database 'project_1'
2025-05-18 20:58:46,391 [DEBUG] core.loaders: [DB Loader][DB_CONN] Connection 'project_1' is usable
2025-05-18 20:58:46,391 [DEBUG] core.loaders: [DB Loader][SQL] Running: SELECT id, path, name FROM create_api_templatefile WHERE path = 'test_ws_1.html'
2025-05-18 20:58:46,392 [DEBUG] core.loaders: [DB Loader][SQL] No results found
2025-05-18 20:58:46,393 [ERROR] core.loaders: [DB Loader][ERROR] Error querying database for path 'test_ws_1.html': no such column: create_api_templatefile.description
2025-05-18 20:58:46,395 [ERROR] core.loaders: Traceback (most recent call last):
  File "C:\Users\yasse\OneDrive\Desktop\Pre-Coded\venv\Lib\site-packages\django\db\backends\utils.py", line 105, in _execute
    return self.cursor.execute(sql, params)
           ^^^^^^^^^^^^^^^^^^^^^^^^^^^^^^^^
  File "C:\Users\yasse\OneDrive\Desktop\Pre-Coded\venv\Lib\site-packages\django\db\backends\sqlite3\base.py", line 354, in execute
    return super().execute(query, params)
           ^^^^^^^^^^^^^^^^^^^^^^^^^^^^^^
sqlite3.OperationalError: no such column: create_api_templatefile.description

The above exception was the direct cause of the following exception:

Traceback (most recent call last):
  File "C:\Users\yasse\OneDrive\Desktop\Pre-Coded\api_generator\core\loaders.py", line 173, in _try_template_path
    template = TemplateFile.objects.using(db_alias).filter(path=path).first()
               ^^^^^^^^^^^^^^^^^^^^^^^^^^^^^^^^^^^^^^^^^^^^^^^^^^^^^^^^^^^^^^
  File "C:\Users\yasse\OneDrive\Desktop\Pre-Coded\venv\Lib\site-packages\django\db\models\query.py", line 1097, in first
    for obj in queryset[:1]:
  File "C:\Users\yasse\OneDrive\Desktop\Pre-Coded\venv\Lib\site-packages\django\db\models\query.py", line 400, in __iter__
    self._fetch_all()
  File "C:\Users\yasse\OneDrive\Desktop\Pre-Coded\venv\Lib\site-packages\django\db\models\query.py", line 1928, in _fetch_all
    self._result_cache = list(self._iterable_class(self))
                         ^^^^^^^^^^^^^^^^^^^^^^^^^^^^^^^^
  File "C:\Users\yasse\OneDrive\Desktop\Pre-Coded\venv\Lib\site-packages\django\db\models\query.py", line 91, in __iter__
    results = compiler.execute_sql(
              ^^^^^^^^^^^^^^^^^^^^^
  File "C:\Users\yasse\OneDrive\Desktop\Pre-Coded\venv\Lib\site-packages\django\db\models\sql\compiler.py", line 1574, in execute_sql
    cursor.execute(sql, params)
  File "C:\Users\yasse\OneDrive\Desktop\Pre-Coded\venv\Lib\site-packages\django\db\backends\utils.py", line 122, in execute
    return super().execute(sql, params)
           ^^^^^^^^^^^^^^^^^^^^^^^^^^^^
  File "C:\Users\yasse\OneDrive\Desktop\Pre-Coded\venv\Lib\site-packages\django\db\backends\utils.py", line 79, in execute
    return self._execute_with_wrappers(
           ^^^^^^^^^^^^^^^^^^^^^^^^^^^^
  File "C:\Users\yasse\OneDrive\Desktop\Pre-Coded\venv\Lib\site-packages\django\db\backends\utils.py", line 92, in _execute_with_wrappers
    return executor(sql, params, many, context)
           ^^^^^^^^^^^^^^^^^^^^^^^^^^^^^^^^^^^^
  File "C:\Users\yasse\OneDrive\Desktop\Pre-Coded\venv\Lib\site-packages\django\db\backends\utils.py", line 100, in _execute
    with self.db.wrap_database_errors:
  File "C:\Users\yasse\OneDrive\Desktop\Pre-Coded\venv\Lib\site-packages\django\db\utils.py", line 91, in __exit__
    raise dj_exc_value.with_traceback(traceback) from exc_value
  File "C:\Users\yasse\OneDrive\Desktop\Pre-Coded\venv\Lib\site-packages\django\db\backends\utils.py", line 105, in _execute
    return self.cursor.execute(sql, params)
           ^^^^^^^^^^^^^^^^^^^^^^^^^^^^^^^^
  File "C:\Users\yasse\OneDrive\Desktop\Pre-Coded\venv\Lib\site-packages\django\db\backends\sqlite3\base.py", line 354, in execute
    return super().execute(query, params)
           ^^^^^^^^^^^^^^^^^^^^^^^^^^^^^^
django.db.utils.OperationalError: no such column: create_api_templatefile.description

2025-05-18 20:58:46,400 [DEBUG] core.loaders: [DB Loader][PROJECT] Trying project-based lookup for project 1
2025-05-18 20:58:46,401 [DEBUG] core.loaders: [DB Loader][PROJECT] Searching project 1 templates by filename
2025-05-18 20:58:46,402 [DEBUG] core.loaders: [DB Loader][DB_CONN] Connection 'project_1' is usable
2025-05-18 20:58:46,403 [DEBUG] core.loaders: [DB Loader][PROJECT] Looking for filename: 'test_ws_1.html'
2025-05-18 20:58:46,404 [DEBUG] core.loaders: [DB Loader][SQL] Running: SELECT id, path, name FROM create_api_templatefile WHERE project_id = 1
2025-05-18 20:58:46,405 [DEBUG] core.loaders: [DB Loader][SQL] Found 2 templates in project: [(1, 'templates/base.html', 'base.html'), (2, 'templates/feed.html', 'feed.html')]
2025-05-18 20:58:46,408 [ERROR] core.loaders: [DB Loader][PROJECT][ERROR] Error in project-based template search: no such column: create_api_templatefile.description
2025-05-18 20:58:46,410 [ERROR] core.loaders: Traceback (most recent call last):
  File "C:\Users\yasse\OneDrive\Desktop\Pre-Coded\venv\Lib\site-packages\django\db\backends\utils.py", line 105, in _execute
    return self.cursor.execute(sql, params)
           ^^^^^^^^^^^^^^^^^^^^^^^^^^^^^^^^
  File "C:\Users\yasse\OneDrive\Desktop\Pre-Coded\venv\Lib\site-packages\django\db\backends\sqlite3\base.py", line 354, in execute
    return super().execute(query, params)
           ^^^^^^^^^^^^^^^^^^^^^^^^^^^^^^
sqlite3.OperationalError: no such column: create_api_templatefile.description

The above exception was the direct cause of the following exception:

Traceback (most recent call last):
  File "C:\Users\yasse\OneDrive\Desktop\Pre-Coded\api_generator\core\loaders.py", line 227, in _try_project_templates
    templates = list(TemplateFile.objects.using(db_alias).filter(project_id=project_id))
                ^^^^^^^^^^^^^^^^^^^^^^^^^^^^^^^^^^^^^^^^^^^^^^^^^^^^^^^^^^^^^^^^^^^^^^^^
  File "C:\Users\yasse\OneDrive\Desktop\Pre-Coded\venv\Lib\site-packages\django\db\models\query.py", line 400, in __iter__
    self._fetch_all()
  File "C:\Users\yasse\OneDrive\Desktop\Pre-Coded\venv\Lib\site-packages\django\db\models\query.py", line 1928, in _fetch_all
    self._result_cache = list(self._iterable_class(self))
                         ^^^^^^^^^^^^^^^^^^^^^^^^^^^^^^^^
  File "C:\Users\yasse\OneDrive\Desktop\Pre-Coded\venv\Lib\site-packages\django\db\models\query.py", line 91, in __iter__
    results = compiler.execute_sql(
              ^^^^^^^^^^^^^^^^^^^^^
  File "C:\Users\yasse\OneDrive\Desktop\Pre-Coded\venv\Lib\site-packages\django\db\models\sql\compiler.py", line 1574, in execute_sql
    cursor.execute(sql, params)
  File "C:\Users\yasse\OneDrive\Desktop\Pre-Coded\venv\Lib\site-packages\django\db\backends\utils.py", line 122, in execute
    return super().execute(sql, params)
           ^^^^^^^^^^^^^^^^^^^^^^^^^^^^
  File "C:\Users\yasse\OneDrive\Desktop\Pre-Coded\venv\Lib\site-packages\django\db\backends\utils.py", line 79, in execute
    return self._execute_with_wrappers(
           ^^^^^^^^^^^^^^^^^^^^^^^^^^^^
  File "C:\Users\yasse\OneDrive\Desktop\Pre-Coded\venv\Lib\site-packages\django\db\backends\utils.py", line 92, in _execute_with_wrappers
    return executor(sql, params, many, context)
           ^^^^^^^^^^^^^^^^^^^^^^^^^^^^^^^^^^^^
  File "C:\Users\yasse\OneDrive\Desktop\Pre-Coded\venv\Lib\site-packages\django\db\backends\utils.py", line 100, in _execute
    with self.db.wrap_database_errors:
  File "C:\Users\yasse\OneDrive\Desktop\Pre-Coded\venv\Lib\site-packages\django\db\utils.py", line 91, in __exit__
    raise dj_exc_value.with_traceback(traceback) from exc_value
  File "C:\Users\yasse\OneDrive\Desktop\Pre-Coded\venv\Lib\site-packages\django\db\backends\utils.py", line 105, in _execute
    return self.cursor.execute(sql, params)
           ^^^^^^^^^^^^^^^^^^^^^^^^^^^^^^^^
  File "C:\Users\yasse\OneDrive\Desktop\Pre-Coded\venv\Lib\site-packages\django\db\backends\sqlite3\base.py", line 354, in execute
    return super().execute(query, params)
           ^^^^^^^^^^^^^^^^^^^^^^^^^^^^^^
django.db.utils.OperationalError: no such column: create_api_templatefile.description

2025-05-18 20:58:46,414 [DEBUG] core.loaders: [DB Loader][AUTO-CREATE] Attempting to create missing template 'test_ws_1.html'
2025-05-18 20:58:46,415 [DEBUG] core.loaders: [DB Loader][DB_CONN] Connection 'project_1' is usable
2025-05-18 20:58:46,416 [DEBUG] core.loaders: [DB Loader][CREATE] Creating template with path='templates/test_ws_1.html', name='test_ws_1.html'
2025-05-18 20:58:46,417 [ERROR] core.loaders: [DB Loader][CREATE][ERROR] Error creating template: no such table: create_api_project
2025-05-18 20:58:46,419 [ERROR] core.loaders: Traceback (most recent call last):
  File "C:\Users\yasse\OneDrive\Desktop\Pre-Coded\venv\Lib\site-packages\django\db\backends\utils.py", line 105, in _execute
    return self.cursor.execute(sql, params)
           ^^^^^^^^^^^^^^^^^^^^^^^^^^^^^^^^
  File "C:\Users\yasse\OneDrive\Desktop\Pre-Coded\venv\Lib\site-packages\django\db\backends\sqlite3\base.py", line 354, in execute
    return super().execute(query, params)
           ^^^^^^^^^^^^^^^^^^^^^^^^^^^^^^
sqlite3.OperationalError: no such table: create_api_project

The above exception was the direct cause of the following exception:

Traceback (most recent call last):
  File "C:\Users\yasse\OneDrive\Desktop\Pre-Coded\api_generator\core\loaders.py", line 490, in _create_template
    project = Project.objects.using(db_alias).get(id=project_id)
              ^^^^^^^^^^^^^^^^^^^^^^^^^^^^^^^^^^^^^^^^^^^^^^^^^^
  File "C:\Users\yasse\OneDrive\Desktop\Pre-Coded\venv\Lib\site-packages\django\db\models\query.py", line 645, in get
    num = len(clone)
          ^^^^^^^^^^
  File "C:\Users\yasse\OneDrive\Desktop\Pre-Coded\venv\Lib\site-packages\django\db\models\query.py", line 382, in __len__
    self._fetch_all()
  File "C:\Users\yasse\OneDrive\Desktop\Pre-Coded\venv\Lib\site-packages\django\db\models\query.py", line 1928, in _fetch_all
    self._result_cache = list(self._iterable_class(self))
                         ^^^^^^^^^^^^^^^^^^^^^^^^^^^^^^^^
  File "C:\Users\yasse\OneDrive\Desktop\Pre-Coded\venv\Lib\site-packages\django\db\models\query.py", line 91, in __iter__
    results = compiler.execute_sql(
              ^^^^^^^^^^^^^^^^^^^^^
  File "C:\Users\yasse\OneDrive\Desktop\Pre-Coded\venv\Lib\site-packages\django\db\models\sql\compiler.py", line 1574, in execute_sql
    cursor.execute(sql, params)
  File "C:\Users\yasse\OneDrive\Desktop\Pre-Coded\venv\Lib\site-packages\django\db\backends\utils.py", line 122, in execute
    return super().execute(sql, params)
           ^^^^^^^^^^^^^^^^^^^^^^^^^^^^
  File "C:\Users\yasse\OneDrive\Desktop\Pre-Coded\venv\Lib\site-packages\django\db\backends\utils.py", line 79, in execute
    return self._execute_with_wrappers(
           ^^^^^^^^^^^^^^^^^^^^^^^^^^^^
  File "C:\Users\yasse\OneDrive\Desktop\Pre-Coded\venv\Lib\site-packages\django\db\backends\utils.py", line 92, in _execute_with_wrappers
    return executor(sql, params, many, context)
           ^^^^^^^^^^^^^^^^^^^^^^^^^^^^^^^^^^^^
  File "C:\Users\yasse\OneDrive\Desktop\Pre-Coded\venv\Lib\site-packages\django\db\backends\utils.py", line 100, in _execute
    with self.db.wrap_database_errors:
  File "C:\Users\yasse\OneDrive\Desktop\Pre-Coded\venv\Lib\site-packages\django\db\utils.py", line 91, in __exit__
    raise dj_exc_value.with_traceback(traceback) from exc_value
  File "C:\Users\yasse\OneDrive\Desktop\Pre-Coded\venv\Lib\site-packages\django\db\backends\utils.py", line 105, in _execute
    return self.cursor.execute(sql, params)
           ^^^^^^^^^^^^^^^^^^^^^^^^^^^^^^^^
  File "C:\Users\yasse\OneDrive\Desktop\Pre-Coded\venv\Lib\site-packages\django\db\backends\sqlite3\base.py", line 354, in execute
    return super().execute(query, params)
           ^^^^^^^^^^^^^^^^^^^^^^^^^^^^^^
django.db.utils.OperationalError: no such table: create_api_project

2025-05-18 20:58:46,424 [WARNING] core.loaders: [DB Loader][FAILED] Template 'test_ws_1.html' not found after all attempts
2025-05-18 20:58:46,426 [DEBUG] core.loaders: [DB Loader][AVAILABLE] 2 templates in database for project 1
2025-05-18 20:58:46,427 [ERROR] core.loaders: [DB Loader][ERROR] Failed to list available templates: no such column: create_api_templatefile.description
2025-05-18 20:58:46,428 [ERROR] template_debugger: Failed to auto-create template: test_ws_1.html
2025-05-18 20:58:46,428 [INFO] template_debugger: 
Testing template loading with context clearing in between
2025-05-18 20:58:46,428 [INFO] template_debugger: First template access with connection_id: ws-debug-1747591126
2025-05-18 20:58:46,428 [DEBUG] core.loaders: [DB Loader][START] Template lookup for: 'base.html'
2025-05-18 20:58:46,429 [DEBUG] core.loaders: [DB Loader][CALL STACK] ['  File "C:\\Users\\yasse\\OneDrive\\Desktop\\Pre-Coded\\venv\\Lib\\site-packages\\django\\template\\engine.py", line 159, in find_template\n    template = loader.get_template(name, skip=skip)\n', '  File "C:\\Users\\yasse\\OneDrive\\Desktop\\Pre-Coded\\venv\\Lib\\site-packages\\django\\template\\loaders\\base.py", line 17, in get_template\n    for origin in self.get_template_sources(template_name):\n']
2025-05-18 20:58:46,430 [DEBUG] core.thread_local: [Thread Local][GET] db_alias = project_1
2025-05-18 20:58:46,431 [DEBUG] core.loaders: [DB Loader][DB_ALIAS] Using database alias: 'project_1'
2025-05-18 20:58:46,431 [DEBUG] core.thread_local: [Thread Local][GET] project_id = 1
2025-05-18 20:58:46,431 [DEBUG] core.loaders: [DB Loader][DB_CONN] Connection 'project_1' is usable
2025-05-18 20:58:46,431 [DEBUG] core.loaders: [DB Loader][CONTEXT] {"project_id": 1, "db_alias": "project_1", "connection_id": "ws-debug-1747591126", "ws_context": true, "template_name": "base.html", "active_connections": "['default', 'project_1']", "thread_id": 2069757272976}
2025-05-18 20:58:46,432 [DEBUG] core.thread_local: [Thread Local][GET] project_id = 1
2025-05-18 20:58:46,432 [DEBUG] core.loaders: [DB Loader][QUERY] Trying exact path match for 'base.html'
2025-05-18 20:58:46,432 [DEBUG] core.loaders: [DB Loader][QUERY] SQL lookup for path: 'base.html' in database 'project_1'
2025-05-18 20:58:46,432 [DEBUG] core.loaders: [DB Loader][DB_CONN] Connection 'project_1' is usable
2025-05-18 20:58:46,433 [DEBUG] core.loaders: [DB Loader][SQL] Running: SELECT id, path, name FROM create_api_templatefile WHERE path = 'base.html'
2025-05-18 20:58:46,433 [DEBUG] core.loaders: [DB Loader][SQL] No results found
2025-05-18 20:58:46,435 [ERROR] core.loaders: [DB Loader][ERROR] Error querying database for path 'base.html': no such column: create_api_templatefile.description
2025-05-18 20:58:46,437 [ERROR] core.loaders: Traceback (most recent call last):
  File "C:\Users\yasse\OneDrive\Desktop\Pre-Coded\venv\Lib\site-packages\django\db\backends\utils.py", line 105, in _execute
    return self.cursor.execute(sql, params)
           ^^^^^^^^^^^^^^^^^^^^^^^^^^^^^^^^
  File "C:\Users\yasse\OneDrive\Desktop\Pre-Coded\venv\Lib\site-packages\django\db\backends\sqlite3\base.py", line 354, in execute
    return super().execute(query, params)
           ^^^^^^^^^^^^^^^^^^^^^^^^^^^^^^
sqlite3.OperationalError: no such column: create_api_templatefile.description

The above exception was the direct cause of the following exception:

Traceback (most recent call last):
  File "C:\Users\yasse\OneDrive\Desktop\Pre-Coded\api_generator\core\loaders.py", line 173, in _try_template_path
    template = TemplateFile.objects.using(db_alias).filter(path=path).first()
               ^^^^^^^^^^^^^^^^^^^^^^^^^^^^^^^^^^^^^^^^^^^^^^^^^^^^^^^^^^^^^^
  File "C:\Users\yasse\OneDrive\Desktop\Pre-Coded\venv\Lib\site-packages\django\db\models\query.py", line 1097, in first
    for obj in queryset[:1]:
  File "C:\Users\yasse\OneDrive\Desktop\Pre-Coded\venv\Lib\site-packages\django\db\models\query.py", line 400, in __iter__
    self._fetch_all()
  File "C:\Users\yasse\OneDrive\Desktop\Pre-Coded\venv\Lib\site-packages\django\db\models\query.py", line 1928, in _fetch_all
    self._result_cache = list(self._iterable_class(self))
                         ^^^^^^^^^^^^^^^^^^^^^^^^^^^^^^^^
  File "C:\Users\yasse\OneDrive\Desktop\Pre-Coded\venv\Lib\site-packages\django\db\models\query.py", line 91, in __iter__
    results = compiler.execute_sql(
              ^^^^^^^^^^^^^^^^^^^^^
  File "C:\Users\yasse\OneDrive\Desktop\Pre-Coded\venv\Lib\site-packages\django\db\models\sql\compiler.py", line 1574, in execute_sql
    cursor.execute(sql, params)
  File "C:\Users\yasse\OneDrive\Desktop\Pre-Coded\venv\Lib\site-packages\django\db\backends\utils.py", line 122, in execute
    return super().execute(sql, params)
           ^^^^^^^^^^^^^^^^^^^^^^^^^^^^
  File "C:\Users\yasse\OneDrive\Desktop\Pre-Coded\venv\Lib\site-packages\django\db\backends\utils.py", line 79, in execute
    return self._execute_with_wrappers(
           ^^^^^^^^^^^^^^^^^^^^^^^^^^^^
  File "C:\Users\yasse\OneDrive\Desktop\Pre-Coded\venv\Lib\site-packages\django\db\backends\utils.py", line 92, in _execute_with_wrappers
    return executor(sql, params, many, context)
           ^^^^^^^^^^^^^^^^^^^^^^^^^^^^^^^^^^^^
  File "C:\Users\yasse\OneDrive\Desktop\Pre-Coded\venv\Lib\site-packages\django\db\backends\utils.py", line 100, in _execute
    with self.db.wrap_database_errors:
  File "C:\Users\yasse\OneDrive\Desktop\Pre-Coded\venv\Lib\site-packages\django\db\utils.py", line 91, in __exit__
    raise dj_exc_value.with_traceback(traceback) from exc_value
  File "C:\Users\yasse\OneDrive\Desktop\Pre-Coded\venv\Lib\site-packages\django\db\backends\utils.py", line 105, in _execute
    return self.cursor.execute(sql, params)
           ^^^^^^^^^^^^^^^^^^^^^^^^^^^^^^^^
  File "C:\Users\yasse\OneDrive\Desktop\Pre-Coded\venv\Lib\site-packages\django\db\backends\sqlite3\base.py", line 354, in execute
    return super().execute(query, params)
           ^^^^^^^^^^^^^^^^^^^^^^^^^^^^^^
django.db.utils.OperationalError: no such column: create_api_templatefile.description

2025-05-18 20:58:46,440 [DEBUG] core.loaders: [DB Loader][NORMALIZE] Trying normalized paths: ['base.html', 'templates/base.html', 'base.html', 'base.html']
2025-05-18 20:58:46,441 [DEBUG] core.loaders: [DB Loader][QUERY] SQL lookup for path: 'base.html' in database 'project_1'
2025-05-18 20:58:46,442 [DEBUG] core.loaders: [DB Loader][DB_CONN] Connection 'project_1' is usable
2025-05-18 20:58:46,442 [DEBUG] core.loaders: [DB Loader][SQL] Running: SELECT id, path, name FROM create_api_templatefile WHERE path = 'base.html'
2025-05-18 20:58:46,443 [DEBUG] core.loaders: [DB Loader][SQL] No results found
2025-05-18 20:58:46,445 [ERROR] core.loaders: [DB Loader][ERROR] Error querying database for path 'base.html': no such column: create_api_templatefile.description
2025-05-18 20:58:46,447 [ERROR] core.loaders: Traceback (most recent call last):
  File "C:\Users\yasse\OneDrive\Desktop\Pre-Coded\venv\Lib\site-packages\django\db\backends\utils.py", line 105, in _execute
    return self.cursor.execute(sql, params)
           ^^^^^^^^^^^^^^^^^^^^^^^^^^^^^^^^
  File "C:\Users\yasse\OneDrive\Desktop\Pre-Coded\venv\Lib\site-packages\django\db\backends\sqlite3\base.py", line 354, in execute
    return super().execute(query, params)
           ^^^^^^^^^^^^^^^^^^^^^^^^^^^^^^
sqlite3.OperationalError: no such column: create_api_templatefile.description

The above exception was the direct cause of the following exception:

Traceback (most recent call last):
  File "C:\Users\yasse\OneDrive\Desktop\Pre-Coded\api_generator\core\loaders.py", line 173, in _try_template_path
    template = TemplateFile.objects.using(db_alias).filter(path=path).first()
               ^^^^^^^^^^^^^^^^^^^^^^^^^^^^^^^^^^^^^^^^^^^^^^^^^^^^^^^^^^^^^^
  File "C:\Users\yasse\OneDrive\Desktop\Pre-Coded\venv\Lib\site-packages\django\db\models\query.py", line 1097, in first
    for obj in queryset[:1]:
  File "C:\Users\yasse\OneDrive\Desktop\Pre-Coded\venv\Lib\site-packages\django\db\models\query.py", line 400, in __iter__
    self._fetch_all()
  File "C:\Users\yasse\OneDrive\Desktop\Pre-Coded\venv\Lib\site-packages\django\db\models\query.py", line 1928, in _fetch_all
    self._result_cache = list(self._iterable_class(self))
                         ^^^^^^^^^^^^^^^^^^^^^^^^^^^^^^^^
  File "C:\Users\yasse\OneDrive\Desktop\Pre-Coded\venv\Lib\site-packages\django\db\models\query.py", line 91, in __iter__
    results = compiler.execute_sql(
              ^^^^^^^^^^^^^^^^^^^^^
  File "C:\Users\yasse\OneDrive\Desktop\Pre-Coded\venv\Lib\site-packages\django\db\models\sql\compiler.py", line 1574, in execute_sql
    cursor.execute(sql, params)
  File "C:\Users\yasse\OneDrive\Desktop\Pre-Coded\venv\Lib\site-packages\django\db\backends\utils.py", line 122, in execute
    return super().execute(sql, params)
           ^^^^^^^^^^^^^^^^^^^^^^^^^^^^
  File "C:\Users\yasse\OneDrive\Desktop\Pre-Coded\venv\Lib\site-packages\django\db\backends\utils.py", line 79, in execute
    return self._execute_with_wrappers(
           ^^^^^^^^^^^^^^^^^^^^^^^^^^^^
  File "C:\Users\yasse\OneDrive\Desktop\Pre-Coded\venv\Lib\site-packages\django\db\backends\utils.py", line 92, in _execute_with_wrappers
    return executor(sql, params, many, context)
           ^^^^^^^^^^^^^^^^^^^^^^^^^^^^^^^^^^^^
  File "C:\Users\yasse\OneDrive\Desktop\Pre-Coded\venv\Lib\site-packages\django\db\backends\utils.py", line 100, in _execute
    with self.db.wrap_database_errors:
  File "C:\Users\yasse\OneDrive\Desktop\Pre-Coded\venv\Lib\site-packages\django\db\utils.py", line 91, in __exit__
    raise dj_exc_value.with_traceback(traceback) from exc_value
  File "C:\Users\yasse\OneDrive\Desktop\Pre-Coded\venv\Lib\site-packages\django\db\backends\utils.py", line 105, in _execute
    return self.cursor.execute(sql, params)
           ^^^^^^^^^^^^^^^^^^^^^^^^^^^^^^^^
  File "C:\Users\yasse\OneDrive\Desktop\Pre-Coded\venv\Lib\site-packages\django\db\backends\sqlite3\base.py", line 354, in execute
    return super().execute(query, params)
           ^^^^^^^^^^^^^^^^^^^^^^^^^^^^^^
django.db.utils.OperationalError: no such column: create_api_templatefile.description

2025-05-18 20:58:46,451 [DEBUG] core.loaders: [DB Loader][QUERY] SQL lookup for path: 'templates/base.html' in database 'project_1'
2025-05-18 20:58:46,452 [DEBUG] core.loaders: [DB Loader][DB_CONN] Connection 'project_1' is usable
2025-05-18 20:58:46,452 [DEBUG] core.loaders: [DB Loader][SQL] Running: SELECT id, path, name FROM create_api_templatefile WHERE path = 'templates/base.html'
2025-05-18 20:58:46,453 [DEBUG] core.loaders: [DB Loader][SQL] Found 1 results: [(1, 'templates/base.html', 'base.html')]
2025-05-18 20:58:46,456 [ERROR] core.loaders: [DB Loader][ERROR] Error querying database for path 'templates/base.html': no such column: create_api_templatefile.description
2025-05-18 20:58:46,458 [ERROR] core.loaders: Traceback (most recent call last):
  File "C:\Users\yasse\OneDrive\Desktop\Pre-Coded\venv\Lib\site-packages\django\db\backends\utils.py", line 105, in _execute
    return self.cursor.execute(sql, params)
           ^^^^^^^^^^^^^^^^^^^^^^^^^^^^^^^^
  File "C:\Users\yasse\OneDrive\Desktop\Pre-Coded\venv\Lib\site-packages\django\db\backends\sqlite3\base.py", line 354, in execute
    return super().execute(query, params)
           ^^^^^^^^^^^^^^^^^^^^^^^^^^^^^^
sqlite3.OperationalError: no such column: create_api_templatefile.description

The above exception was the direct cause of the following exception:

Traceback (most recent call last):
  File "C:\Users\yasse\OneDrive\Desktop\Pre-Coded\api_generator\core\loaders.py", line 173, in _try_template_path
    template = TemplateFile.objects.using(db_alias).filter(path=path).first()
               ^^^^^^^^^^^^^^^^^^^^^^^^^^^^^^^^^^^^^^^^^^^^^^^^^^^^^^^^^^^^^^
  File "C:\Users\yasse\OneDrive\Desktop\Pre-Coded\venv\Lib\site-packages\django\db\models\query.py", line 1097, in first
    for obj in queryset[:1]:
  File "C:\Users\yasse\OneDrive\Desktop\Pre-Coded\venv\Lib\site-packages\django\db\models\query.py", line 400, in __iter__
    self._fetch_all()
  File "C:\Users\yasse\OneDrive\Desktop\Pre-Coded\venv\Lib\site-packages\django\db\models\query.py", line 1928, in _fetch_all
    self._result_cache = list(self._iterable_class(self))
                         ^^^^^^^^^^^^^^^^^^^^^^^^^^^^^^^^
  File "C:\Users\yasse\OneDrive\Desktop\Pre-Coded\venv\Lib\site-packages\django\db\models\query.py", line 91, in __iter__
    results = compiler.execute_sql(
              ^^^^^^^^^^^^^^^^^^^^^
  File "C:\Users\yasse\OneDrive\Desktop\Pre-Coded\venv\Lib\site-packages\django\db\models\sql\compiler.py", line 1574, in execute_sql
    cursor.execute(sql, params)
  File "C:\Users\yasse\OneDrive\Desktop\Pre-Coded\venv\Lib\site-packages\django\db\backends\utils.py", line 122, in execute
    return super().execute(sql, params)
           ^^^^^^^^^^^^^^^^^^^^^^^^^^^^
  File "C:\Users\yasse\OneDrive\Desktop\Pre-Coded\venv\Lib\site-packages\django\db\backends\utils.py", line 79, in execute
    return self._execute_with_wrappers(
           ^^^^^^^^^^^^^^^^^^^^^^^^^^^^
  File "C:\Users\yasse\OneDrive\Desktop\Pre-Coded\venv\Lib\site-packages\django\db\backends\utils.py", line 92, in _execute_with_wrappers
    return executor(sql, params, many, context)
           ^^^^^^^^^^^^^^^^^^^^^^^^^^^^^^^^^^^^
  File "C:\Users\yasse\OneDrive\Desktop\Pre-Coded\venv\Lib\site-packages\django\db\backends\utils.py", line 100, in _execute
    with self.db.wrap_database_errors:
  File "C:\Users\yasse\OneDrive\Desktop\Pre-Coded\venv\Lib\site-packages\django\db\utils.py", line 91, in __exit__
    raise dj_exc_value.with_traceback(traceback) from exc_value
  File "C:\Users\yasse\OneDrive\Desktop\Pre-Coded\venv\Lib\site-packages\django\db\backends\utils.py", line 105, in _execute
    return self.cursor.execute(sql, params)
           ^^^^^^^^^^^^^^^^^^^^^^^^^^^^^^^^
  File "C:\Users\yasse\OneDrive\Desktop\Pre-Coded\venv\Lib\site-packages\django\db\backends\sqlite3\base.py", line 354, in execute
    return super().execute(query, params)
           ^^^^^^^^^^^^^^^^^^^^^^^^^^^^^^
django.db.utils.OperationalError: no such column: create_api_templatefile.description

2025-05-18 20:58:46,461 [DEBUG] core.loaders: [DB Loader][QUERY] SQL lookup for path: 'base.html' in database 'project_1'
2025-05-18 20:58:46,461 [DEBUG] core.loaders: [DB Loader][DB_CONN] Connection 'project_1' is usable
2025-05-18 20:58:46,462 [DEBUG] core.loaders: [DB Loader][SQL] Running: SELECT id, path, name FROM create_api_templatefile WHERE path = 'base.html'
2025-05-18 20:58:46,462 [DEBUG] core.loaders: [DB Loader][SQL] No results found
2025-05-18 20:58:46,464 [ERROR] core.loaders: [DB Loader][ERROR] Error querying database for path 'base.html': no such column: create_api_templatefile.description
2025-05-18 20:58:46,466 [ERROR] core.loaders: Traceback (most recent call last):
  File "C:\Users\yasse\OneDrive\Desktop\Pre-Coded\venv\Lib\site-packages\django\db\backends\utils.py", line 105, in _execute
    return self.cursor.execute(sql, params)
           ^^^^^^^^^^^^^^^^^^^^^^^^^^^^^^^^
  File "C:\Users\yasse\OneDrive\Desktop\Pre-Coded\venv\Lib\site-packages\django\db\backends\sqlite3\base.py", line 354, in execute
    return super().execute(query, params)
           ^^^^^^^^^^^^^^^^^^^^^^^^^^^^^^
sqlite3.OperationalError: no such column: create_api_templatefile.description

The above exception was the direct cause of the following exception:

Traceback (most recent call last):
  File "C:\Users\yasse\OneDrive\Desktop\Pre-Coded\api_generator\core\loaders.py", line 173, in _try_template_path
    template = TemplateFile.objects.using(db_alias).filter(path=path).first()
               ^^^^^^^^^^^^^^^^^^^^^^^^^^^^^^^^^^^^^^^^^^^^^^^^^^^^^^^^^^^^^^
  File "C:\Users\yasse\OneDrive\Desktop\Pre-Coded\venv\Lib\site-packages\django\db\models\query.py", line 1097, in first
    for obj in queryset[:1]:
  File "C:\Users\yasse\OneDrive\Desktop\Pre-Coded\venv\Lib\site-packages\django\db\models\query.py", line 400, in __iter__
    self._fetch_all()
  File "C:\Users\yasse\OneDrive\Desktop\Pre-Coded\venv\Lib\site-packages\django\db\models\query.py", line 1928, in _fetch_all
    self._result_cache = list(self._iterable_class(self))
                         ^^^^^^^^^^^^^^^^^^^^^^^^^^^^^^^^
  File "C:\Users\yasse\OneDrive\Desktop\Pre-Coded\venv\Lib\site-packages\django\db\models\query.py", line 91, in __iter__
    results = compiler.execute_sql(
              ^^^^^^^^^^^^^^^^^^^^^
  File "C:\Users\yasse\OneDrive\Desktop\Pre-Coded\venv\Lib\site-packages\django\db\models\sql\compiler.py", line 1574, in execute_sql
    cursor.execute(sql, params)
  File "C:\Users\yasse\OneDrive\Desktop\Pre-Coded\venv\Lib\site-packages\django\db\backends\utils.py", line 122, in execute
    return super().execute(sql, params)
           ^^^^^^^^^^^^^^^^^^^^^^^^^^^^
  File "C:\Users\yasse\OneDrive\Desktop\Pre-Coded\venv\Lib\site-packages\django\db\backends\utils.py", line 79, in execute
    return self._execute_with_wrappers(
           ^^^^^^^^^^^^^^^^^^^^^^^^^^^^
  File "C:\Users\yasse\OneDrive\Desktop\Pre-Coded\venv\Lib\site-packages\django\db\backends\utils.py", line 92, in _execute_with_wrappers
    return executor(sql, params, many, context)
           ^^^^^^^^^^^^^^^^^^^^^^^^^^^^^^^^^^^^
  File "C:\Users\yasse\OneDrive\Desktop\Pre-Coded\venv\Lib\site-packages\django\db\backends\utils.py", line 100, in _execute
    with self.db.wrap_database_errors:
  File "C:\Users\yasse\OneDrive\Desktop\Pre-Coded\venv\Lib\site-packages\django\db\utils.py", line 91, in __exit__
    raise dj_exc_value.with_traceback(traceback) from exc_value
  File "C:\Users\yasse\OneDrive\Desktop\Pre-Coded\venv\Lib\site-packages\django\db\backends\utils.py", line 105, in _execute
    return self.cursor.execute(sql, params)
           ^^^^^^^^^^^^^^^^^^^^^^^^^^^^^^^^
  File "C:\Users\yasse\OneDrive\Desktop\Pre-Coded\venv\Lib\site-packages\django\db\backends\sqlite3\base.py", line 354, in execute
    return super().execute(query, params)
           ^^^^^^^^^^^^^^^^^^^^^^^^^^^^^^
django.db.utils.OperationalError: no such column: create_api_templatefile.description

2025-05-18 20:58:46,469 [DEBUG] core.loaders: [DB Loader][QUERY] SQL lookup for path: 'base.html' in database 'project_1'
2025-05-18 20:58:46,469 [DEBUG] core.loaders: [DB Loader][DB_CONN] Connection 'project_1' is usable
2025-05-18 20:58:46,470 [DEBUG] core.loaders: [DB Loader][SQL] Running: SELECT id, path, name FROM create_api_templatefile WHERE path = 'base.html'
2025-05-18 20:58:46,470 [DEBUG] core.loaders: [DB Loader][SQL] No results found
2025-05-18 20:58:46,471 [ERROR] core.loaders: [DB Loader][ERROR] Error querying database for path 'base.html': no such column: create_api_templatefile.description
2025-05-18 20:58:46,473 [ERROR] core.loaders: Traceback (most recent call last):
  File "C:\Users\yasse\OneDrive\Desktop\Pre-Coded\venv\Lib\site-packages\django\db\backends\utils.py", line 105, in _execute
    return self.cursor.execute(sql, params)
           ^^^^^^^^^^^^^^^^^^^^^^^^^^^^^^^^
  File "C:\Users\yasse\OneDrive\Desktop\Pre-Coded\venv\Lib\site-packages\django\db\backends\sqlite3\base.py", line 354, in execute
    return super().execute(query, params)
           ^^^^^^^^^^^^^^^^^^^^^^^^^^^^^^
sqlite3.OperationalError: no such column: create_api_templatefile.description

The above exception was the direct cause of the following exception:

Traceback (most recent call last):
  File "C:\Users\yasse\OneDrive\Desktop\Pre-Coded\api_generator\core\loaders.py", line 173, in _try_template_path
    template = TemplateFile.objects.using(db_alias).filter(path=path).first()
               ^^^^^^^^^^^^^^^^^^^^^^^^^^^^^^^^^^^^^^^^^^^^^^^^^^^^^^^^^^^^^^
  File "C:\Users\yasse\OneDrive\Desktop\Pre-Coded\venv\Lib\site-packages\django\db\models\query.py", line 1097, in first
    for obj in queryset[:1]:
  File "C:\Users\yasse\OneDrive\Desktop\Pre-Coded\venv\Lib\site-packages\django\db\models\query.py", line 400, in __iter__
    self._fetch_all()
  File "C:\Users\yasse\OneDrive\Desktop\Pre-Coded\venv\Lib\site-packages\django\db\models\query.py", line 1928, in _fetch_all
    self._result_cache = list(self._iterable_class(self))
                         ^^^^^^^^^^^^^^^^^^^^^^^^^^^^^^^^
  File "C:\Users\yasse\OneDrive\Desktop\Pre-Coded\venv\Lib\site-packages\django\db\models\query.py", line 91, in __iter__
    results = compiler.execute_sql(
              ^^^^^^^^^^^^^^^^^^^^^
  File "C:\Users\yasse\OneDrive\Desktop\Pre-Coded\venv\Lib\site-packages\django\db\models\sql\compiler.py", line 1574, in execute_sql
    cursor.execute(sql, params)
  File "C:\Users\yasse\OneDrive\Desktop\Pre-Coded\venv\Lib\site-packages\django\db\backends\utils.py", line 122, in execute
    return super().execute(sql, params)
           ^^^^^^^^^^^^^^^^^^^^^^^^^^^^
  File "C:\Users\yasse\OneDrive\Desktop\Pre-Coded\venv\Lib\site-packages\django\db\backends\utils.py", line 79, in execute
    return self._execute_with_wrappers(
           ^^^^^^^^^^^^^^^^^^^^^^^^^^^^
  File "C:\Users\yasse\OneDrive\Desktop\Pre-Coded\venv\Lib\site-packages\django\db\backends\utils.py", line 92, in _execute_with_wrappers
    return executor(sql, params, many, context)
           ^^^^^^^^^^^^^^^^^^^^^^^^^^^^^^^^^^^^
  File "C:\Users\yasse\OneDrive\Desktop\Pre-Coded\venv\Lib\site-packages\django\db\backends\utils.py", line 100, in _execute
    with self.db.wrap_database_errors:
  File "C:\Users\yasse\OneDrive\Desktop\Pre-Coded\venv\Lib\site-packages\django\db\utils.py", line 91, in __exit__
    raise dj_exc_value.with_traceback(traceback) from exc_value
  File "C:\Users\yasse\OneDrive\Desktop\Pre-Coded\venv\Lib\site-packages\django\db\backends\utils.py", line 105, in _execute
    return self.cursor.execute(sql, params)
           ^^^^^^^^^^^^^^^^^^^^^^^^^^^^^^^^
  File "C:\Users\yasse\OneDrive\Desktop\Pre-Coded\venv\Lib\site-packages\django\db\backends\sqlite3\base.py", line 354, in execute
    return super().execute(query, params)
           ^^^^^^^^^^^^^^^^^^^^^^^^^^^^^^
django.db.utils.OperationalError: no such column: create_api_templatefile.description

2025-05-18 20:58:46,477 [DEBUG] core.loaders: [DB Loader][PROJECT] Trying project-based lookup for project 1
2025-05-18 20:58:46,478 [DEBUG] core.loaders: [DB Loader][PROJECT] Searching project 1 templates by filename
2025-05-18 20:58:46,478 [DEBUG] core.loaders: [DB Loader][DB_CONN] Connection 'project_1' is usable
2025-05-18 20:58:46,478 [DEBUG] core.loaders: [DB Loader][PROJECT] Looking for filename: 'base.html'
2025-05-18 20:58:46,478 [DEBUG] core.loaders: [DB Loader][SQL] Running: SELECT id, path, name FROM create_api_templatefile WHERE project_id = 1
2025-05-18 20:58:46,479 [DEBUG] core.loaders: [DB Loader][SQL] Found 2 templates in project: [(1, 'templates/base.html', 'base.html'), (2, 'templates/feed.html', 'feed.html')]
2025-05-18 20:58:46,480 [ERROR] core.loaders: [DB Loader][PROJECT][ERROR] Error in project-based template search: no such column: create_api_templatefile.description
2025-05-18 20:58:46,481 [ERROR] core.loaders: Traceback (most recent call last):
  File "C:\Users\yasse\OneDrive\Desktop\Pre-Coded\venv\Lib\site-packages\django\db\backends\utils.py", line 105, in _execute
    return self.cursor.execute(sql, params)
           ^^^^^^^^^^^^^^^^^^^^^^^^^^^^^^^^
  File "C:\Users\yasse\OneDrive\Desktop\Pre-Coded\venv\Lib\site-packages\django\db\backends\sqlite3\base.py", line 354, in execute
    return super().execute(query, params)
           ^^^^^^^^^^^^^^^^^^^^^^^^^^^^^^
sqlite3.OperationalError: no such column: create_api_templatefile.description

The above exception was the direct cause of the following exception:

Traceback (most recent call last):
  File "C:\Users\yasse\OneDrive\Desktop\Pre-Coded\api_generator\core\loaders.py", line 227, in _try_project_templates
    templates = list(TemplateFile.objects.using(db_alias).filter(project_id=project_id))
                ^^^^^^^^^^^^^^^^^^^^^^^^^^^^^^^^^^^^^^^^^^^^^^^^^^^^^^^^^^^^^^^^^^^^^^^^
  File "C:\Users\yasse\OneDrive\Desktop\Pre-Coded\venv\Lib\site-packages\django\db\models\query.py", line 400, in __iter__
    self._fetch_all()
  File "C:\Users\yasse\OneDrive\Desktop\Pre-Coded\venv\Lib\site-packages\django\db\models\query.py", line 1928, in _fetch_all
    self._result_cache = list(self._iterable_class(self))
                         ^^^^^^^^^^^^^^^^^^^^^^^^^^^^^^^^
  File "C:\Users\yasse\OneDrive\Desktop\Pre-Coded\venv\Lib\site-packages\django\db\models\query.py", line 91, in __iter__
    results = compiler.execute_sql(
              ^^^^^^^^^^^^^^^^^^^^^
  File "C:\Users\yasse\OneDrive\Desktop\Pre-Coded\venv\Lib\site-packages\django\db\models\sql\compiler.py", line 1574, in execute_sql
    cursor.execute(sql, params)
  File "C:\Users\yasse\OneDrive\Desktop\Pre-Coded\venv\Lib\site-packages\django\db\backends\utils.py", line 122, in execute
    return super().execute(sql, params)
           ^^^^^^^^^^^^^^^^^^^^^^^^^^^^
  File "C:\Users\yasse\OneDrive\Desktop\Pre-Coded\venv\Lib\site-packages\django\db\backends\utils.py", line 79, in execute
    return self._execute_with_wrappers(
           ^^^^^^^^^^^^^^^^^^^^^^^^^^^^
  File "C:\Users\yasse\OneDrive\Desktop\Pre-Coded\venv\Lib\site-packages\django\db\backends\utils.py", line 92, in _execute_with_wrappers
    return executor(sql, params, many, context)
           ^^^^^^^^^^^^^^^^^^^^^^^^^^^^^^^^^^^^
  File "C:\Users\yasse\OneDrive\Desktop\Pre-Coded\venv\Lib\site-packages\django\db\backends\utils.py", line 100, in _execute
    with self.db.wrap_database_errors:
  File "C:\Users\yasse\OneDrive\Desktop\Pre-Coded\venv\Lib\site-packages\django\db\utils.py", line 91, in __exit__
    raise dj_exc_value.with_traceback(traceback) from exc_value
  File "C:\Users\yasse\OneDrive\Desktop\Pre-Coded\venv\Lib\site-packages\django\db\backends\utils.py", line 105, in _execute
    return self.cursor.execute(sql, params)
           ^^^^^^^^^^^^^^^^^^^^^^^^^^^^^^^^
  File "C:\Users\yasse\OneDrive\Desktop\Pre-Coded\venv\Lib\site-packages\django\db\backends\sqlite3\base.py", line 354, in execute
    return super().execute(query, params)
           ^^^^^^^^^^^^^^^^^^^^^^^^^^^^^^
django.db.utils.OperationalError: no such column: create_api_templatefile.description

2025-05-18 20:58:46,485 [DEBUG] core.loaders: [DB Loader][AUTO-CREATE] Attempting to create missing template 'base.html'
2025-05-18 20:58:46,486 [DEBUG] core.loaders: [DB Loader][DB_CONN] Connection 'project_1' is usable
2025-05-18 20:58:46,486 [DEBUG] core.loaders: [DB Loader][CREATE] Creating template with path='templates/base.html', name='base.html'
2025-05-18 20:58:46,487 [ERROR] core.loaders: [DB Loader][CREATE][ERROR] Error creating template: no such table: create_api_project
2025-05-18 20:58:46,489 [ERROR] core.loaders: Traceback (most recent call last):
  File "C:\Users\yasse\OneDrive\Desktop\Pre-Coded\venv\Lib\site-packages\django\db\backends\utils.py", line 105, in _execute
    return self.cursor.execute(sql, params)
           ^^^^^^^^^^^^^^^^^^^^^^^^^^^^^^^^
  File "C:\Users\yasse\OneDrive\Desktop\Pre-Coded\venv\Lib\site-packages\django\db\backends\sqlite3\base.py", line 354, in execute
    return super().execute(query, params)
           ^^^^^^^^^^^^^^^^^^^^^^^^^^^^^^
sqlite3.OperationalError: no such table: create_api_project

The above exception was the direct cause of the following exception:

Traceback (most recent call last):
  File "C:\Users\yasse\OneDrive\Desktop\Pre-Coded\api_generator\core\loaders.py", line 490, in _create_template
    project = Project.objects.using(db_alias).get(id=project_id)
              ^^^^^^^^^^^^^^^^^^^^^^^^^^^^^^^^^^^^^^^^^^^^^^^^^^
  File "C:\Users\yasse\OneDrive\Desktop\Pre-Coded\venv\Lib\site-packages\django\db\models\query.py", line 645, in get
    num = len(clone)
          ^^^^^^^^^^
  File "C:\Users\yasse\OneDrive\Desktop\Pre-Coded\venv\Lib\site-packages\django\db\models\query.py", line 382, in __len__
    self._fetch_all()
  File "C:\Users\yasse\OneDrive\Desktop\Pre-Coded\venv\Lib\site-packages\django\db\models\query.py", line 1928, in _fetch_all
    self._result_cache = list(self._iterable_class(self))
                         ^^^^^^^^^^^^^^^^^^^^^^^^^^^^^^^^
  File "C:\Users\yasse\OneDrive\Desktop\Pre-Coded\venv\Lib\site-packages\django\db\models\query.py", line 91, in __iter__
    results = compiler.execute_sql(
              ^^^^^^^^^^^^^^^^^^^^^
  File "C:\Users\yasse\OneDrive\Desktop\Pre-Coded\venv\Lib\site-packages\django\db\models\sql\compiler.py", line 1574, in execute_sql
    cursor.execute(sql, params)
  File "C:\Users\yasse\OneDrive\Desktop\Pre-Coded\venv\Lib\site-packages\django\db\backends\utils.py", line 122, in execute
    return super().execute(sql, params)
           ^^^^^^^^^^^^^^^^^^^^^^^^^^^^
  File "C:\Users\yasse\OneDrive\Desktop\Pre-Coded\venv\Lib\site-packages\django\db\backends\utils.py", line 79, in execute
    return self._execute_with_wrappers(
           ^^^^^^^^^^^^^^^^^^^^^^^^^^^^
  File "C:\Users\yasse\OneDrive\Desktop\Pre-Coded\venv\Lib\site-packages\django\db\backends\utils.py", line 92, in _execute_with_wrappers
    return executor(sql, params, many, context)
           ^^^^^^^^^^^^^^^^^^^^^^^^^^^^^^^^^^^^
  File "C:\Users\yasse\OneDrive\Desktop\Pre-Coded\venv\Lib\site-packages\django\db\backends\utils.py", line 100, in _execute
    with self.db.wrap_database_errors:
  File "C:\Users\yasse\OneDrive\Desktop\Pre-Coded\venv\Lib\site-packages\django\db\utils.py", line 91, in __exit__
    raise dj_exc_value.with_traceback(traceback) from exc_value
  File "C:\Users\yasse\OneDrive\Desktop\Pre-Coded\venv\Lib\site-packages\django\db\backends\utils.py", line 105, in _execute
    return self.cursor.execute(sql, params)
           ^^^^^^^^^^^^^^^^^^^^^^^^^^^^^^^^
  File "C:\Users\yasse\OneDrive\Desktop\Pre-Coded\venv\Lib\site-packages\django\db\backends\sqlite3\base.py", line 354, in execute
    return super().execute(query, params)
           ^^^^^^^^^^^^^^^^^^^^^^^^^^^^^^
django.db.utils.OperationalError: no such table: create_api_project

2025-05-18 20:58:46,493 [WARNING] core.loaders: [DB Loader][FAILED] Template 'base.html' not found after all attempts
2025-05-18 20:58:46,494 [DEBUG] core.loaders: [DB Loader][AVAILABLE] 2 templates in database for project 1
2025-05-18 20:58:46,495 [ERROR] core.loaders: [DB Loader][ERROR] Failed to list available templates: no such column: create_api_templatefile.description
2025-05-18 20:58:46,496 [ERROR] template_debugger: Error in WebSocket context restoration test: base.html
2025-05-18 20:58:46,496 [ERROR] template_debugger: Traceback (most recent call last):
  File "C:\Users\yasse\OneDrive\Desktop\Pre-Coded\api_generator\debug_template_loader.py", line 490, in test_websocket_context
    template = engine.get_template('base.html')
               ^^^^^^^^^^^^^^^^^^^^^^^^^^^^^^^^
  File "C:\Users\yasse\OneDrive\Desktop\Pre-Coded\venv\Lib\site-packages\django\template\engine.py", line 177, in get_template
    template, origin = self.find_template(template_name)
                       ^^^^^^^^^^^^^^^^^^^^^^^^^^^^^^^^^
  File "C:\Users\yasse\OneDrive\Desktop\Pre-Coded\venv\Lib\site-packages\django\template\engine.py", line 163, in find_template
    raise TemplateDoesNotExist(name, tried=tried)
django.template.exceptions.TemplateDoesNotExist: base.html

2025-05-18 20:58:46,496 [INFO] template_debugger: 
Diagnostics completed. Check the log file for details.
